Component: ARM Compiler 5.06 update 6 (build 750) Tool: armlink [4d35ed]

==============================================================================

Section Cross References

    startup_stm32f407xx.o(STACK) refers (Special) to heapauxi.o(.text) for __use_two_region_memory
    startup_stm32f407xx.o(HEAP) refers (Special) to heapauxi.o(.text) for __use_two_region_memory
    startup_stm32f407xx.o(RESET) refers (Special) to heapauxi.o(.text) for __use_two_region_memory
    startup_stm32f407xx.o(RESET) refers to startup_stm32f407xx.o(STACK) for __initial_sp
    startup_stm32f407xx.o(RESET) refers to startup_stm32f407xx.o(.text) for Reset_Handler
    startup_stm32f407xx.o(RESET) refers to stm32f4xx_it.o(i.NMI_Handler) for NMI_Handler
    startup_stm32f407xx.o(RESET) refers to stm32f4xx_it.o(i.HardFault_Handler) for HardFault_Handler
    startup_stm32f407xx.o(RESET) refers to stm32f4xx_it.o(i.MemManage_Handler) for MemManage_Handler
    startup_stm32f407xx.o(RESET) refers to stm32f4xx_it.o(i.BusFault_Handler) for BusFault_Handler
    startup_stm32f407xx.o(RESET) refers to stm32f4xx_it.o(i.UsageFault_Handler) for UsageFault_Handler
    startup_stm32f407xx.o(RESET) refers to stm32f4xx_it.o(i.SVC_Handler) for SVC_Handler
    startup_stm32f407xx.o(RESET) refers to stm32f4xx_it.o(i.DebugMon_Handler) for DebugMon_Handler
    startup_stm32f407xx.o(RESET) refers to stm32f4xx_it.o(i.PendSV_Handler) for PendSV_Handler
    startup_stm32f407xx.o(RESET) refers to stm32f4xx_it.o(i.SysTick_Handler) for SysTick_Handler
    startup_stm32f407xx.o(RESET) refers to stm32f4xx_it.o(i.DMA2_Stream1_IRQHandler) for DMA2_Stream1_IRQHandler
    startup_stm32f407xx.o(RESET) refers to stm32f4xx_it.o(i.DCMI_IRQHandler) for DCMI_IRQHandler
    startup_stm32f407xx.o(.text) refers (Special) to heapauxi.o(.text) for __use_two_region_memory
    startup_stm32f407xx.o(.text) refers to system_stm32f4xx.o(i.SystemInit) for SystemInit
    startup_stm32f407xx.o(.text) refers to __main.o(!!!main) for __main
    startup_stm32f407xx.o(.text) refers to startup_stm32f407xx.o(HEAP) for Heap_Mem
    startup_stm32f407xx.o(.text) refers to startup_stm32f407xx.o(STACK) for Stack_Mem
    main.o(i.HAL_DCMI_FrameEventCallback) refers to ov7670.o(i.ov7670_frame_received) for ov7670_frame_received
    main.o(i.MX_DCMI_Init) refers to stm32f4xx_hal_dcmi_ex.o(i.HAL_DCMI_Init) for HAL_DCMI_Init
    main.o(i.MX_DCMI_Init) refers to main.o(i.Error_Handler) for Error_Handler
    main.o(i.MX_DCMI_Init) refers to main.o(.bss) for hdcmi
    main.o(i.MX_DMA_Init) refers to stm32f4xx_hal_cortex.o(i.HAL_NVIC_SetPriority) for HAL_NVIC_SetPriority
    main.o(i.MX_DMA_Init) refers to stm32f4xx_hal_cortex.o(i.HAL_NVIC_EnableIRQ) for HAL_NVIC_EnableIRQ
    main.o(i.MX_FSMC_Init) refers to rt_memclr_w.o(.text) for __aeabi_memclr4
    main.o(i.MX_FSMC_Init) refers to stm32f4xx_hal_sram.o(i.HAL_SRAM_Init) for HAL_SRAM_Init
    main.o(i.MX_FSMC_Init) refers to main.o(i.Error_Handler) for Error_Handler
    main.o(i.MX_FSMC_Init) refers to main.o(.bss) for hsram1
    main.o(i.MX_GPIO_Init) refers to rt_memclr_w.o(.text) for __aeabi_memclr4
    main.o(i.MX_GPIO_Init) refers to stm32f4xx_hal_gpio.o(i.HAL_GPIO_WritePin) for HAL_GPIO_WritePin
    main.o(i.MX_GPIO_Init) refers to stm32f4xx_hal_gpio.o(i.HAL_GPIO_Init) for HAL_GPIO_Init
    main.o(i.MX_I2C2_Init) refers to stm32f4xx_hal_i2c.o(i.HAL_I2C_Init) for HAL_I2C_Init
    main.o(i.MX_I2C2_Init) refers to main.o(i.Error_Handler) for Error_Handler
    main.o(i.MX_I2C2_Init) refers to main.o(.bss) for hi2c2
    main.o(i.SystemClock_Config) refers to rt_memclr_w.o(.text) for __aeabi_memclr4
    main.o(i.SystemClock_Config) refers to stm32f4xx_hal_rcc.o(i.HAL_RCC_OscConfig) for HAL_RCC_OscConfig
    main.o(i.SystemClock_Config) refers to main.o(i.Error_Handler) for Error_Handler
    main.o(i.SystemClock_Config) refers to stm32f4xx_hal_rcc.o(i.HAL_RCC_ClockConfig) for HAL_RCC_ClockConfig
    main.o(i.SystemClock_Config) refers to stm32f4xx_hal_rcc.o(i.HAL_RCC_MCOConfig) for HAL_RCC_MCOConfig
    main.o(i.configure_camera) refers to stm32f4xx_hal.o(i.HAL_Delay) for HAL_Delay
    main.o(i.configure_camera) refers to ov7670.o(i.ov7670_create) for ov7670_create
    main.o(i.configure_camera) refers to ov7670.o(i.ov7670_check_link) for ov7670_check_link
    main.o(i.configure_camera) refers to main.o(i.Error_Handler) for Error_Handler
    main.o(i.configure_camera) refers to ov7670.o(i.ov7670_reset) for ov7670_reset
    main.o(i.configure_camera) refers to ov7670.o(i.ov7670_send_default_registers) for ov7670_send_default_registers
    main.o(i.configure_camera) refers to ov7670.o(i.ov7670_set_qcif) for ov7670_set_qcif
    main.o(i.configure_camera) refers to ov7670.o(i.ov7670_set_plck_prescalar) for ov7670_set_plck_prescalar
    main.o(i.configure_camera) refers to ov7670.o(i.ov7670_set_rgb_format) for ov7670_set_rgb_format
[...]
    ../clib/heapalloc.c                      0x00000000   Number         0  malloc.o ABSOLUTE
    ../clib/heapalloc.c                      0x00000000   Number         0  term_alloc.o ABSOLUTE
    ../clib/heapalloc.c                      0x00000000   Number         0  maybetermalloc2.o ABSOLUTE
    ../clib/heapalloc.c                      0x00000000   Number         0  maybetermalloc1.o ABSOLUTE
    ../clib/heapalloc.c                      0x00000000   Number         0  hrguard.o ABSOLUTE
    ../clib/heapaux.c                        0x00000000   Number         0  heapauxa.o ABSOLUTE
    ../clib/heapaux.c                        0x00000000   Number         0  heapauxi.o ABSOLUTE
    ../clib/libinit.s                        0x00000000   Number         0  libinit2.o ABSOLUTE
    ../clib/libinit.s                        0x00000000   Number         0  libshutdown.o ABSOLUTE
    ../clib/libinit.s                        0x00000000   Number         0  libinit.o ABSOLUTE
    ../clib/libinit.s                        0x00000000   Number         0  libshutdown2.o ABSOLUTE
    ../clib/longlong.s                       0x00000000   Number         0  lludivv7m.o ABSOLUTE
    ../clib/memcpset.s                       0x00000000   Number         0  rt_memcpy_w.o ABSOLUTE
    ../clib/memcpset.s                       0x00000000   Number         0  rt_memclr_w.o ABSOLUTE
    ../clib/signal.c                         0x00000000   Number         0  defsig_cppl_inner.o ABSOLUTE
    ../clib/signal.c                         0x00000000   Number         0  defsig_fpe_outer.o ABSOLUTE
    ../clib/signal.c                         0x00000000   Number         0  defsig_segv_inner.o ABSOLUTE
    ../clib/signal.c                         0x00000000   Number         0  defsig_other.o ABSOLUTE
    ../clib/signal.c                         0x00000000   Number         0  defsig_fpe_formal.o ABSOLUTE
    ../clib/signal.c                         0x00000000   Number         0  defsig_fpe_inner.o ABSOLUTE
    ../clib/signal.c                         0x00000000   Number         0  defsig_general.o ABSOLUTE
    ../clib/signal.c                         0x00000000   Number         0  defsig_exit.o ABSOLUTE
    ../clib/signal.c                         0x00000000   Number         0  defsig_rtmem_inner.o ABSOLUTE
    ../clib/signal.c                         0x00000000   Number         0  defsig_abrt_inner.o ABSOLUTE
    ../clib/signal.c                         0x00000000   Number         0  __raise.o ABSOLUTE
    ../clib/signal.c                         0x00000000   Number         0  defsig_rtmem_outer.o ABSOLUTE
    ../clib/signal.c                         0x00000000   Number         0  defsig_rtred_inner.o ABSOLUTE
    ../clib/signal.c                         0x00000000   Number         0  defsig_rtmem_formal.o ABSOLUTE
    ../clib/signal.c                         0x00000000   Number         0  defsig_stak_inner.o ABSOLUTE
    ../clib/signal.c                         0x00000000   Number         0  defsig_pvfn_inner.o ABSOLUTE
    ../clib/signal.s                         0x00000000   Number         0  defsig.o ABSOLUTE
    ../clib/stdlib.c                         0x00000000   Number         0  exit.o ABSOLUTE
    ../fplib/fpinit.s                        0x00000000   Number         0  fpinit.o ABSOLUTE
    ../fplib/setjmp.s                        0x00000000   Number         0  setjmp.o ABSOLUTE
    ..\Core\Src\main.c                       0x00000000   Number         0  main.o ABSOLUTE
    ..\Core\Src\stm32f4xx_hal_msp.c          0x00000000   Number         0  stm32f4xx_hal_msp.o ABSOLUTE
    ..\Core\Src\stm32f4xx_it.c               0x00000000   Number         0  stm32f4xx_it.o ABSOLUTE
    ..\Core\Src\system_stm32f4xx.c           0x00000000   Number         0  system_stm32f4xx.o ABSOLUTE
    ..\Drivers\STM32F4xx_HAL_Driver\Src\stm32f4xx_hal.c 0x00000000   Number         0  stm32f4xx_hal.o ABSOLUTE
    ..\Drivers\STM32F4xx_HAL_Driver\Src\stm32f4xx_hal_cortex.c 0x00000000   Number         0  stm32f4xx_hal_cortex.o ABSOLUTE
    ..\Drivers\STM32F4xx_HAL_Driver\Src\stm32f4xx_hal_dcmi.c 0x00000000   Number         0  stm32f4xx_hal_dcmi.o ABSOLUTE
    ..\Drivers\STM32F4xx_HAL_Driver\Src\stm32f4xx_hal_dcmi_ex.c 0x00000000   Number         0  stm32f4xx_hal_dcmi_ex.o ABSOLUTE
    ..\Drivers\STM32F4xx_HAL_Driver\Src\stm32f4xx_hal_dma.c 0x00000000   Number         0  stm32f4xx_hal_dma.o ABSOLUTE
    ..\Drivers\STM32F4xx_HAL_Driver\Src\stm32f4xx_hal_dma_ex.c 0x00000000   Number         0  stm32f4xx_hal_dma_ex.o ABSOLUTE
    ..\Drivers\STM32F4xx_HAL_Driver\Src\stm32f4xx_hal_exti.c 0x00000000   Number         0  stm32f4xx_hal_exti.o ABSOLUTE
    ..\Drivers\STM32F4xx_HAL_Driver\Src\stm32f4xx_hal_flash.c 0x00000000   Number         0  stm32f4xx_hal_flash.o ABSOLUTE
    ..\Drivers\STM32F4xx_HAL_Driver\Src\stm32f4xx_hal_flash_ex.c 0x00000000   Number         0  stm32f4xx_hal_flash_ex.o ABSOLUTE
    ..\Drivers\STM32F4xx_HAL_Driver\Src\stm32f4xx_hal_flash_ramfunc.c 0x00000000   Number         0  stm32f4xx_hal_flash_ramfunc.o ABSOLUTE
    ..\Drivers\STM32F4xx_HAL_Driver\Src\stm32f4xx_hal_gpio.c 0x00000000   Number         0  stm32f4xx_hal_gpio.o ABSOLUTE
    ..\Drivers\STM32F4xx_HAL_Driver\Src\stm32f4xx_hal_i2c.c 0x00000000   Number         0  stm32f4xx_hal_i2c.o ABSOLUTE
    ..\Drivers\STM32F4xx_HAL_Driver\Src\stm32f4xx_hal_i2c_ex.c 0x00000000   Number         0  stm32f4xx_hal_i2c_ex.o ABSOLUTE
    ..\Drivers\STM32F4xx_HAL_Driver\Src\stm32f4xx_hal_pwr.c 0x00000000   Number         0  stm32f4xx_hal_pwr.o ABSOLUTE
    ..\Drivers\STM32F4xx_HAL_Driver\Src\stm32f4xx_hal_pwr_ex.c 0x00000000   Number         0  stm32f4xx_hal_pwr_ex.o ABSOLUTE
    ..\Drivers\STM32F4xx_HAL_Driver\Src\stm32f4xx_hal_rcc.c 0x00000000   Number         0  stm32f4xx_hal_rcc.o ABSOLUTE
    ..\Drivers\STM32F4xx_HAL_Driver\Src\stm32f4xx_hal_rcc_ex.c 0x00000000   Number         0  stm32f4xx_hal_rcc_ex.o ABSOLUTE
    ..\Drivers\STM32F4xx_HAL_Driver\Src\stm32f4xx_hal_sram.c 0x00000000   Number         0  stm32f4xx_hal_sram.o ABSOLUTE
    ..\Drivers\STM32F4xx_HAL_Driver\Src\stm32f4xx_hal_tim.c 0x00000000   Number         0  stm32f4xx_hal_tim.o ABSOLUTE
    ..\Drivers\STM32F4xx_HAL_Driver\Src\stm32f4xx_hal_tim_ex.c 0x00000000   Number         0  stm32f4xx_hal_tim_ex.o ABSOLUTE
    ..\Drivers\STM32F4xx_HAL_Driver\Src\stm32f4xx_ll_fsmc.c 0x00000000   Number         0  stm32f4xx_ll_fsmc.o ABSOLUTE
    ..\External\core_dump\Src\core_dump.c    0x00000000   Number         0  core_dump.o ABSOLUTE
    ..\External\exceptions\Src\exceptions.c  0x00000000   Number         0  exceptions.o ABSOLUTE
    ..\External\face_detection\Src\haar_like_feature.c 0x00000000   Number         0  haar_like_feature.o ABSOLUTE
    ..\External\face_detection\Src\integral_image.c 0x00000000   Number         0  integral_image.o ABSOLUTE
    ..\External\ili9341_tft_driver\Src\ili9341_tft_driver.c 0x00000000   Number         0  ili9341_tft_driver.o ABSOLUTE
    ..\External\ov7670\Src\ov7670.c          0x00000000   Number         0  ov7670.o ABSOLUTE
    ..\\External\\ov7670\\Src\\ov7670.c      0x00000000   Number         0  ov7670.o ABSOLUTE
    dc.s                                     0x00000000   Number         0  dc.o ABSOLUTE
    startup_stm32f407xx.s                    0x00000000   Number         0  startup_stm32f407xx.o ABSOLUTE
    RESET                                    0x08000000   Section      392  startup_stm32f407xx.o(RESET)
    !!!main                                  0x08000188   Section        8  __main.o(!!!main)
    !!!scatter                               0x08000190   Section       52  __scatter.o(!!!scatter)
    !!handler_copy                           0x080001c4   Section       26  __scatter_copy.o(!!handler_copy)
    !!handler_zi                             0x080001e0   Section       28  __scatter_zi.o(!!handler_zi)
    .ARM.Collect$$libinit$$00000000          0x080001fc   Section        2  libinit.o(.ARM.Collect$$libinit$$00000000)
    .ARM.Collect$$libinit$$00000001          0x080001fe   Section        4  libinit2.o(.ARM.Collect$$libinit$$00000001)
    .ARM.Collect$$libinit$$00000004          0x08000202   Section        0  libinit2.o(.ARM.Collect$$libinit$$00000004)
    .ARM.Collect$$libinit$$0000000A          0x08000202   Section        0  libinit2.o(.ARM.Collect$$libinit$$0000000A)
    .ARM.Collect$$libinit$$0000000C          0x08000202   Section        0  libinit2.o(.ARM.Collect$$libinit$$0000000C)
    .ARM.Collect$$libinit$$0000000E          0x08000202   Section        0  libinit2.o(.ARM.Collect$$libinit$$0000000E)
    .ARM.Collect$$libinit$$00000011          0x08000202   Section        0  libinit2.o(.ARM.Collect$$libinit$$00000011)
    .ARM.Collect$$libinit$$00000013          0x08000202   Section        0  libinit2.o(.ARM.Collect$$libinit$$00000013)
    .ARM.Collect$$libinit$$00000015          0x08000202   Section        0  libinit2.o(.ARM.Collect$$libinit$$00000015)
    .ARM.Collect$$libinit$$00000017          0x08000202   Section        0  libinit2.o(.ARM.Collect$$libinit$$00000017)
    .ARM.Collect$$libinit$$00000019          0x08000202   Section        0  libinit2.o(.ARM.Collect$$libinit$$00000019)
    .ARM.Collect$$libinit$$0000001B          0x08000202   Section        0  libinit2.o(.ARM.Collect$$libinit$$0000001B)
    .ARM.Collect$$libinit$$0000001D          0x08000202   Section        0  libinit2.o(.ARM.Collect$$libinit$$0000001D)
    .ARM.Collect$$libinit$$0000001F          0x08000202   Section        0  libinit2.o(.ARM.Collect$$libinit$$0000001F)
    .ARM.Collect$$libinit$$00000021          0x08000202   Section        0  libinit2.o(.ARM.Collect$$libinit$$00000021)
    .ARM.Collect$$libinit$$00000023          0x08000202   Section        0  libinit2.o(.ARM.Collect$$libinit$$00000023)
    .ARM.Collect$$libinit$$00000025          0x08000202   Section        0  libinit2.o(.ARM.Collect$$libinit$$00000025)
    .ARM.Collect$$libinit$$0000002C          0x08000202   Section        0  libinit2.o(.ARM.Collect$$libinit$$0000002C)
    .ARM.Collect$$libinit$$0000002E          0x08000202   Section        0  libinit2.o(.ARM.Collect$$libinit$$0000002E)
    .ARM.Collect$$libinit$$00000030          0x08000202   Section        0  libinit2.o(.ARM.Collect$$libinit$$00000030)
    .ARM.Collect$$libinit$$00000032          0x08000202   Section        0  libinit2.o(.ARM.Collect$$libinit$$00000032)
    .ARM.Collect$$libinit$$00000033          0x08000202   Section        2  libinit2.o(.ARM.Collect$$libinit$$00000033)
    .ARM.Collect$$libshutdown$$00000000      0x08000204   Section        2  libshutdown.o(.ARM.Collect$$libshutdown$$00000000)
    .ARM.Collect$$libshutdown$$00000002      0x08000206   Section        0  libshutdown2.o(.ARM.Collect$$libshutdown$$00000002)
    .ARM.Collect$$libshutdown$$00000004      0x08000206   Section        0  libshutdown2.o(.ARM.Collect$$libshutdown$$00000004)
    .ARM.Collect$$libshutdown$$00000007      0x08000206   Section        0  libshutdown2.o(.ARM.Collect$$libshutdown$$00000007)
    .ARM.Collect$$libshutdown$$0000000A      0x08000206   Section        0  libshutdown2.o(.ARM.Collect$$libshutdown$$0000000A)
    .ARM.Collect$$libshutdown$$0000000C      0x08000206   Section        0  libshutdown2.o(.ARM.Collect$$libshutdown$$0000000C)
    .ARM.Collect$$libshutdown$$0000000F      0x08000206   Section        0  libshutdown2.o(.ARM.Collect$$libshutdown$$0000000F)
    .ARM.Collect$$libshutdown$$00000010      0x08000206   Section        2  libshutdown2.o(.ARM.Collect$$libshutdown$$00000010)
    .ARM.Collect$$rtentry$$00000000          0x08000208   Section        0  __rtentry.o(.ARM.Collect$$rtentry$$00000000)
    .ARM.Collect$$rtentry$$00000002          0x08000208   Section        0  __rtentry2.o(.ARM.Collect$$rtentry$$00000002)
    .ARM.Collect$$rtentry$$00000004          0x08000208   Section        6  __rtentry4.o(.ARM.Collect$$rtentry$$00000004)
    .ARM.Collect$$rtentry$$00000009          0x0800020e   Section        0  __rtentry2.o(.ARM.Collect$$rtentry$$00000009)
    .ARM.Collect$$rtentry$$0000000A          0x0800020e   Section        4  __rtentry2.o(.ARM.Collect$$rtentry$$0000000A)
    .ARM.Collect$$rtentry$$0000000C          0x08000212   Section        0  __rtentry2.o(.ARM.Collect$$rtentry$$0000000C)
    .ARM.Collect$$rtentry$$0000000D          0x08000212   Section        8  __rtentry2.o(.ARM.Collect$$rtentry$$0000000D)
    .ARM.Collect$$rtexit$$00000000           0x0800021a   Section        2  rtexit.o(.ARM.Collect$$rtexit$$00000000)
    .ARM.Collect$$rtexit$$00000002           0x0800021c   Section        0  rtexit2.o(.ARM.Collect$$rtexit$$00000002)
    .ARM.Collect$$rtexit$$00000003           0x0800021c   Section        4  rtexit2.o(.ARM.Collect$$rtexit$$00000003)
    .ARM.Collect$$rtexit$$00000004           0x08000220   Section        6  rtexit2.o(.ARM.Collect$$rtexit$$00000004)
    .text                                    0x08000228   Section       64  startup_stm32f407xx.o(.text)
    $v0                                      0x08000228   Number         0  startup_stm32f407xx.o(.text)
    .text                                    0x08000268   Section      238  lludivv7m.o(.text)
    .text                                    0x08000356   Section      100  rt_memcpy_w.o(.text)
    .text                                    0x080003ba   Section       78  rt_memclr_w.o(.text)
    .text                                    0x08000408   Section        0  heapauxi.o(.text)
    .text                                    0x08000410   Section        8  libspace.o(.text)
    .text                                    0x08000418   Section        2  use_no_semi.o(.text)
    .text                                    0x0800041a   Section       74  sys_stackheap_outer.o(.text)
    .text                                    0x0800041a   Section        0  indicate_semi.o(.text)
    .text                                    0x08000464   Section        0  exit.o(.text)
    .text                                    0x08000478   Section        0  sys_exit.o(.text)
    i.BusFault_Handler                       0x08000484   Section        0  stm32f4xx_it.o(i.BusFault_Handler)
    i.DCMI_DMAError                          0x08000488   Section        0  stm32f4xx_hal_dcmi.o(i.DCMI_DMAError)
    DCMI_DMAError                            0x08000489   Thumb Code    28  stm32f4xx_hal_dcmi.o(i.DCMI_DMAError)
    i.DCMI_DMAXferCplt                       0x080004a4   Section        0  stm32f4xx_hal_dcmi.o(i.DCMI_DMAXferCplt)
    DCMI_DMAXferCplt                         0x080004a5   Thumb Code   198  stm32f4xx_hal_dcmi.o(i.DCMI_DMAXferCplt)
    i.DCMI_IRQHandler                        0x0800056c   Section        0  stm32f4xx_it.o(i.DCMI_IRQHandler)
    i.DMA2_Stream1_IRQHandler                0x0800057c   Section        0  stm32f4xx_it.o(i.DMA2_Stream1_IRQHandler)
    i.DMA_CalcBaseAndBitshift                0x0800058c   Section        0  stm32f4xx_hal_dma.o(i.DMA_CalcBaseAndBitshift)
    DMA_CalcBaseAndBitshift                  0x0800058d   Thumb Code    46  stm32f4xx_hal_dma.o(i.DMA_CalcBaseAndBitshift)
    i.DMA_CheckFifoParam                     0x080005c0   Section        0  stm32f4xx_hal_dma.o(i.DMA_CheckFifoParam)
    DMA_CheckFifoParam                       0x080005c1   Thumb Code   170  stm32f4xx_hal_dma.o(i.DMA_CheckFifoParam)
    i.DMA_MultiBufferSetConfig               0x0800066a   Section        0  stm32f4xx_hal_dma_ex.o(i.DMA_MultiBufferSetConfig)
    DMA_MultiBufferSetConfig                 0x0800066b   Thumb Code    32  stm32f4xx_hal_dma_ex.o(i.DMA_MultiBufferSetConfig)
    i.DMA_SetConfig                          0x0800068a   Section        0  stm32f4xx_hal_dma.o(i.DMA_SetConfig)
    DMA_SetConfig                            0x0800068b   Thumb Code    44  stm32f4xx_hal_dma.o(i.DMA_SetConfig)
    i.DebugMon_Handler                       0x080006b6   Section        0  stm32f4xx_it.o(i.DebugMon_Handler)
    i.Error_Handler                          0x080006b8   Section        0  main.o(i.Error_Handler)
    i.FSMC_NORSRAM_Extended_Timing_Init      0x080006c0   Section        0  stm32f4xx_ll_fsmc.o(i.FSMC_NORSRAM_Extended_Timing_Init)
    i.FSMC_NORSRAM_Init                      0x08000704   Section        0  stm32f4xx_ll_fsmc.o(i.FSMC_NORSRAM_Init)
    i.FSMC_NORSRAM_Timing_Init               0x0800077c   Section        0  stm32f4xx_ll_fsmc.o(i.FSMC_NORSRAM_Timing_Init)
    i.HAL_DCMI_ErrorCallback                 0x080007be   Section        0  main.o(i.HAL_DCMI_ErrorCallback)
    i.HAL_DCMI_FrameEventCallback            0x080007c0   Section        0  main.o(i.HAL_DCMI_FrameEventCallback)
    i.HAL_DCMI_IRQHandler                    0x080007cc   Section        0  stm32f4xx_hal_dcmi.o(i.HAL_DCMI_IRQHandler)
    i.HAL_DCMI_Init                          0x0800087c   Section        0  stm32f4xx_hal_dcmi_ex.o(i.HAL_DCMI_Init)
    i.HAL_DCMI_LineEventCallback             0x0800090e   Section        0  main.o(i.HAL_DCMI_LineEventCallback)
    i.HAL_DCMI_MspInit                       0x08000910   Section        0  stm32f4xx_hal_msp.o(i.HAL_DCMI_MspInit)
    i.HAL_DCMI_Start_DMA                     0x08000ab4   Section        0  stm32f4xx_hal_dcmi.o(i.HAL_DCMI_Start_DMA)
    i.HAL_DCMI_VsyncEventCallback            0x08000ba0   Section        0  main.o(i.HAL_DCMI_VsyncEventCallback)
    i.HAL_DMAEx_ChangeMemory                 0x08000ba2   Section        0  stm32f4xx_hal_dma_ex.o(i.HAL_DMAEx_ChangeMemory)
    i.HAL_DMAEx_MultiBufferStart_IT          0x08000bb4   Section        0  stm32f4xx_hal_dma_ex.o(i.HAL_DMAEx_MultiBufferStart_IT)
    i.HAL_DMA_Abort_IT                       0x08001b8c   Section        0  stm32f4xx_hal_dma.o(i.HAL_DMA_Abort_IT)
    i.HAL_DMA_IRQHandler                     0x08001bb4   Section        0  stm32f4xx_hal_dma.o(i.HAL_DMA_IRQHandler)
    i.HAL_DMA_Init                           0x08001df4   Section        0  stm32f4xx_hal_dma.o(i.HAL_DMA_Init)
    i.HAL_DMA_Start_IT                       0x08001ee0   Section        0  stm32f4xx_hal_dma.o(i.HAL_DMA_Start_IT)
    i.HAL_Delay                              0x08001f74   Section        0  stm32f4xx_hal.o(i.HAL_Delay)
    i.HAL_FSMC_MspInit                       0x08001f9c   Section        0  stm32f4xx_hal_msp.o(i.HAL_FSMC_MspInit)
    HAL_FSMC_MspInit                         0x08001f9d   Thumb Code   124  stm32f4xx_hal_msp.o(i.HAL_FSMC_MspInit)
    i.HAL_GPIO_Init                          0x08002028   Section        0  stm32f4xx_hal_gpio.o(i.HAL_GPIO_Init)
    i.HAL_GPIO_WritePin                      0x0800221c   Section        0  stm32f4xx_hal_gpio.o(i.HAL_GPIO_WritePin)
    i.HAL_GetTick                            0x08002228   Section        0  stm32f4xx_hal.o(i.HAL_GetTick)
    i.HAL_I2C_Init                           0x08002234   Section        0  stm32f4xx_hal_i2c.o(i.HAL_I2C_Init)
    i.HAL_I2C_Master_Receive                 0x08002404   Section        0  stm32f4xx_hal_i2c.o(i.HAL_I2C_Master_Receive)
    i.HAL_I2C_Master_Transmit                0x080026fc   Section        0  stm32f4xx_hal_i2c.o(i.HAL_I2C_Master_Transmit)
    i.HAL_I2C_MspInit                        0x0800286c   Section        0  stm32f4xx_hal_msp.o(i.HAL_I2C_MspInit)
    i.HAL_IncTick                            0x080028f4   Section        0  stm32f4xx_hal.o(i.HAL_IncTick)
    i.HAL_Init                               0x0800290c   Section        0  stm32f4xx_hal.o(i.HAL_Init)
    i.HAL_InitTick                           0x08002948   Section        0  stm32f4xx_hal.o(i.HAL_InitTick)
    i.HAL_MspInit                            0x08002994   Section        0  stm32f4xx_hal_msp.o(i.HAL_MspInit)
    i.HAL_NVIC_EnableIRQ                     0x080029dc   Section        0  stm32f4xx_hal_cortex.o(i.HAL_NVIC_EnableIRQ)
    i.HAL_NVIC_SetPriority                   0x080029fc   Section        0  stm32f4xx_hal_cortex.o(i.HAL_NVIC_SetPriority)
    i.HAL_NVIC_SetPriorityGrouping           0x08002a78   Section        0  stm32f4xx_hal_cortex.o(i.HAL_NVIC_SetPriorityGrouping)
    i.HAL_RCC_ClockConfig                    0x08002aa0   Section        0  stm32f4xx_hal_rcc.o(i.HAL_RCC_ClockConfig)
    i.HAL_RCC_GetHCLKFreq                    0x08002c24   Section        0  stm32f4xx_hal_rcc.o(i.HAL_RCC_GetHCLKFreq)
    i.HAL_RCC_GetPCLK1Freq                   0x08002c30   Section        0  stm32f4xx_hal_rcc.o(i.HAL_RCC_GetPCLK1Freq)
    i.HAL_RCC_GetSysClockFreq                0x08002c50   Section        0  stm32f4xx_hal_rcc.o(i.HAL_RCC_GetSysClockFreq)
    i.HAL_RCC_MCOConfig                      0x08002d00   Section        0  stm32f4xx_hal_rcc.o(i.HAL_RCC_MCOConfig)
    i.HAL_RCC_OscConfig                      0x08002dc0   Section        0  stm32f4xx_hal_rcc.o(i.HAL_RCC_OscConfig)
    i.HAL_SRAM_Init                          0x0800325c   Section        0  stm32f4xx_hal_sram.o(i.HAL_SRAM_Init)
    i.HAL_SRAM_MspInit                       0x080032ba   Section        0  stm32f4xx_hal_msp.o(i.HAL_SRAM_MspInit)
    i.HAL_SYSTICK_Config                     0x080032c4   Section        0  stm32f4xx_hal_cortex.o(i.HAL_SYSTICK_Config)
    i.HardFault_Handler                      0x080032f8   Section        0  stm32f4xx_it.o(i.HardFault_Handler)
    i.I2C_IsAcknowledgeFailed                0x080032fc   Section        0  stm32f4xx_hal_i2c.o(i.I2C_IsAcknowledgeFailed)
    I2C_IsAcknowledgeFailed                  0x080032fd   Thumb Code    62  stm32f4xx_hal_i2c.o(i.I2C_IsAcknowledgeFailed)
    i.I2C_MasterRequestRead                  0x0800333c   Section        0  stm32f4xx_hal_i2c.o(i.I2C_MasterRequestRead)
    I2C_MasterRequestRead                    0x0800333d   Thumb Code   308  stm32f4xx_hal_i2c.o(i.I2C_MasterRequestRead)
    i.I2C_MasterRequestWrite                 0x08003474   Section        0  stm32f4xx_hal_i2c.o(i.I2C_MasterRequestWrite)
    I2C_MasterRequestWrite                   0x08003475   Thumb Code   186  stm32f4xx_hal_i2c.o(i.I2C_MasterRequestWrite)
    i.I2C_WaitOnBTFFlagUntilTimeout          0x08003534   Section        0  stm32f4xx_hal_i2c.o(i.I2C_WaitOnBTFFlagUntilTimeout)
    I2C_WaitOnBTFFlagUntilTimeout            0x08003535   Thumb Code    92  stm32f4xx_hal_i2c.o(i.I2C_WaitOnBTFFlagUntilTimeout)
    i.I2C_WaitOnFlagUntilTimeout             0x08003590   Section        0  stm32f4xx_hal_i2c.o(i.I2C_WaitOnFlagUntilTimeout)
    I2C_WaitOnFlagUntilTimeout               0x08003591   Thumb Code   134  stm32f4xx_hal_i2c.o(i.I2C_WaitOnFlagUntilTimeout)
    i.I2C_WaitOnMasterAddressFlagUntilTimeout 0x08003616   Section        0  stm32f4xx_hal_i2c.o(i.I2C_WaitOnMasterAddressFlagUntilTimeout)
    I2C_WaitOnMasterAddressFlagUntilTimeout  0x08003617   Thumb Code   196  stm32f4xx_hal_i2c.o(i.I2C_WaitOnMasterAddressFlagUntilTimeout)
    i.I2C_WaitOnRXNEFlagUntilTimeout         0x080036da   Section        0  stm32f4xx_hal_i2c.o(i.I2C_WaitOnRXNEFlagUntilTimeout)
    I2C_WaitOnRXNEFlagUntilTimeout           0x080036db   Thumb Code   128  stm32f4xx_hal_i2c.o(i.I2C_WaitOnRXNEFlagUntilTimeout)
    i.I2C_WaitOnTXEFlagUntilTimeout          0x0800375a   Section        0  stm32f4xx_hal_i2c.o(i.I2C_WaitOnTXEFlagUntilTimeout)
    I2C_WaitOnTXEFlagUntilTimeout            0x0800375b   Thumb Code    92  stm32f4xx_hal_i2c.o(i.I2C_WaitOnTXEFlagUntilTimeout)
    i.MX_DCMI_Init                           0x080037b8   Section        0  main.o(i.MX_DCMI_Init)
    MX_DCMI_Init                             0x080037b9   Thumb Code    44  main.o(i.MX_DCMI_Init)
    i.MX_DMA_Init                            0x080037ec   Section        0  main.o(i.MX_DMA_Init)
    MX_DMA_Init                              0x080037ed   Thumb Code    52  main.o(i.MX_DMA_Init)
    i.MX_FSMC_Init                           0x08003824   Section        0  main.o(i.MX_FSMC_Init)
    MX_FSMC_Init                             0x08003825   Thumb Code   116  main.o(i.MX_FSMC_Init)
    i.MX_GPIO_Init                           0x080038a0   Section        0  main.o(i.MX_GPIO_Init)
    MX_GPIO_Init                             0x080038a1   Thumb Code   260  main.o(i.MX_GPIO_Init)
    i.MX_I2C2_Init                           0x080039b0   Section        0  main.o(i.MX_I2C2_Init)
    MX_I2C2_Init                             0x080039b1   Thumb Code    48  main.o(i.MX_I2C2_Init)
    i.MemManage_Handler                      0x080039ec   Section        0  stm32f4xx_it.o(i.MemManage_Handler)
    i.NMI_Handler                            0x080039f0   Section        0  stm32f4xx_it.o(i.NMI_Handler)
    i.PendSV_Handler                         0x080039f4   Section        0  stm32f4xx_it.o(i.PendSV_Handler)
    i.SVC_Handler                            0x080039f6   Section        0  stm32f4xx_it.o(i.SVC_Handler)
    i.SysTick_Handler                        0x080039f8   Section        0  stm32f4xx_it.o(i.SysTick_Handler)
    i.SystemClock_Config                     0x08003a00   Section        0  main.o(i.SystemClock_Config)
    i.SystemInit                             0x08003ac8   Section        0  system_stm32f4xx.o(i.SystemInit)
    i.UsageFault_Handler                     0x08003adc   Section        0  stm32f4xx_it.o(i.UsageFault_Handler)
    i.__NVIC_GetPriorityGrouping             0x08003ae0   Section        0  stm32f4xx_hal_cortex.o(i.__NVIC_GetPriorityGrouping)
    __NVIC_GetPriorityGrouping               0x08003ae1   Thumb Code    10  stm32f4xx_hal_cortex.o(i.__NVIC_GetPriorityGrouping)
    i.__NVIC_SetPriority                     0x08003af0   Section        0  stm32f4xx_hal_cortex.o(i.__NVIC_SetPriority)
    __NVIC_SetPriority                       0x08003af1   Thumb Code    32  stm32f4xx_hal_cortex.o(i.__NVIC_SetPriority)
    i.configure_camera                       0x08003b18   Section        0  main.o(i.configure_camera)
    i.configure_display                      0x08003b70   Section        0  main.o(i.configure_display)
    i.decolorize                             0x08003ba4   Section        0  ili9341_tft_driver.o(i.decolorize)
    decolorize                               0x08003ba5   Thumb Code    46  ili9341_tft_driver.o(i.decolorize)
    i.ili9341_calculate_pixels_amount        0x08003bd2   Section        0  ili9341_tft_driver.o(i.ili9341_calculate_pixels_amount)
    ili9341_calculate_pixels_amount          0x08003bd3   Thumb Code    22  ili9341_tft_driver.o(i.ili9341_calculate_pixels_amount)
    i.ili9341_check_link                     0x08003be8   Section        0  ili9341_tft_driver.o(i.ili9341_check_link)
    ili9341_check_link                       0x08003be9   Thumb Code    36  ili9341_tft_driver.o(i.ili9341_check_link)
    i.ili9341_display_on                     0x08003c0c   Section        0  ili9341_tft_driver.o(i.ili9341_display_on)
    ili9341_display_on                       0x08003c0d   Thumb Code    44  ili9341_tft_driver.o(i.ili9341_display_on)
    i.ili9341_get_max_area                   0x08003c3c   Section        0  ili9341_tft_driver.o(i.ili9341_get_max_area)
    ili9341_get_max_area                     0x08003c3d   Thumb Code    20  ili9341_tft_driver.o(i.ili9341_get_max_area)
    i.ili9341_is_not_valid_coordinates       0x08003c54   Section        0  ili9341_tft_driver.o(i.ili9341_is_not_valid_coordinates)
    ili9341_is_not_valid_coordinates         0x08003c55   Thumb Code    40  ili9341_tft_driver.o(i.ili9341_is_not_valid_coordinates)
    i.ili9341_send_default_registers         0x08003c7c   Section        0  ili9341_tft_driver.o(i.ili9341_send_default_registers)
    ili9341_send_default_registers           0x08003c7d   Thumb Code  2370  ili9341_tft_driver.o(i.ili9341_send_default_registers)
    i.ili9341_soft_reset                     0x080045c4   Section        0  ili9341_tft_driver.o(i.ili9341_soft_reset)
    ili9341_soft_reset                       0x080045c5   Thumb Code    50  ili9341_tft_driver.o(i.ili9341_soft_reset)
    i.ili9341_tft_driver_clear               0x080045fc   Section        0  ili9341_tft_driver.o(i.ili9341_tft_driver_clear)
    i.ili9341_tft_driver_draw_image          0x0800461c   Section        0  ili9341_tft_driver.o(i.ili9341_tft_driver_draw_image)
    i.ili9341_tft_driver_fill_area           0x080046a8   Section        0  ili9341_tft_driver.o(i.ili9341_tft_driver_fill_area)
    i.ili9341_tft_driver_get_id              0x08004730   Section        0  ili9341_tft_driver.o(i.ili9341_tft_driver_get_id)
    i.ili9341_tft_driver_init                0x080047ec   Section        0  ili9341_tft_driver.o(i.ili9341_tft_driver_init)
    i.ili9341_tft_driver_set_area            0x08004830   Section        0  ili9341_tft_driver.o(i.ili9341_tft_driver_set_area)
    i.ili9341_write_x_coordinates            0x08004858   Section        0  ili9341_tft_driver.o(i.ili9341_write_x_coordinates)
    ili9341_write_x_coordinates              0x08004859   Thumb Code   234  ili9341_tft_driver.o(i.ili9341_write_x_coordinates)
    i.ili9341_write_y_coordinates            0x08004948   Section        0  ili9341_tft_driver.o(i.ili9341_write_y_coordinates)
    ili9341_write_y_coordinates              0x08004949   Thumb Code   234  ili9341_tft_driver.o(i.ili9341_write_y_coordinates)
    i.io_delay                               0x08004a38   Section        0  ili9341_tft_driver.o(i.io_delay)
    io_delay                                 0x08004a39   Thumb Code    44  ili9341_tft_driver.o(i.io_delay)
    i.io_dummy_read                          0x08004a68   Section        0  ili9341_tft_driver.o(i.io_dummy_read)
    io_dummy_read                            0x08004a69   Thumb Code    56  ili9341_tft_driver.o(i.io_dummy_read)
    i.io_enable_backlight                    0x08004aa4   Section        0  ili9341_tft_driver.o(i.io_enable_backlight)
    io_enable_backlight                      0x08004aa5   Thumb Code    44  ili9341_tft_driver.o(i.io_enable_backlight)
    i.io_init                                0x08004ad4   Section        0  ili9341_tft_driver.o(i.io_init)
    io_init                                  0x08004ad5   Thumb Code    40  ili9341_tft_driver.o(i.io_init)
    i.main                                   0x08004b00   Section        0  main.o(i.main)
    i.ov7670_check_link                      0x08004b38   Section        0  ov7670.o(i.ov7670_check_link)
    i.ov7670_create                          0x08004b94   Section        0  ov7670.o(i.ov7670_create)
    i.ov7670_enable_color_image              0x08004bd0   Section        0  ov7670.o(i.ov7670_enable_color_image)
    ov7670_enable_color_image                0x08004bd1   Thumb Code    38  ov7670.o(i.ov7670_enable_color_image)
    i.ov7670_frame_received                  0x08004bfc   Section        0  ov7670.o(i.ov7670_frame_received)
    i.ov7670_reset                           0x08004c08   Section        0  ov7670.o(i.ov7670_reset)
    i.ov7670_send_captured_frame             0x08004c40   Section        0  ov7670.o(i.ov7670_send_captured_frame)
    i.ov7670_send_default_registers          0x08004c6c   Section        0  ov7670.o(i.ov7670_send_default_registers)
    i.ov7670_set_edge_enhancement_factor     0x08004c8c   Section        0  ov7670.o(i.ov7670_set_edge_enhancement_factor)
    ov7670_set_edge_enhancement_factor       0x08004c8d   Thumb Code    38  ov7670.o(i.ov7670_set_edge_enhancement_factor)
    i.ov7670_set_fast_auto_exposure_and_gain_control 0x08004cb8   Section        0  ov7670.o(i.ov7670_set_fast_auto_exposure_and_gain_control)
    ov7670_set_fast_auto_exposure_and_gain_control 0x08004cb9   Thumb Code    38  ov7670.o(i.ov7670_set_fast_auto_exposure_and_gain_control)
    i.ov7670_set_plck_prescalar              0x08004ce4   Section        0  ov7670.o(i.ov7670_set_plck_prescalar)
    i.ov7670_set_qcif                        0x08004d18   Section        0  ov7670.o(i.ov7670_set_qcif)
    i.ov7670_set_rgb_format                  0x08004d6c   Section        0  ov7670.o(i.ov7670_set_rgb_format)
    i.ov7670_set_uv_auto_adjustment          0x08004e5c   Section        0  ov7670.o(i.ov7670_set_uv_auto_adjustment)
    ov7670_set_uv_auto_adjustment            0x08004e5d   Thumb Code    38  ov7670.o(i.ov7670_set_uv_auto_adjustment)
    i.ov7670_start_capture                   0x08004e88   Section        0  ov7670.o(i.ov7670_start_capture)
    i.tft_enable_backlight                   0x08004eb0   Section        0  main.o(i.tft_enable_backlight)
    i.tft_init                               0x08004ec4   Section        0  main.o(i.tft_init)
    i.tft_read_data                          0x08004ed0   Section        0  main.o(i.tft_read_data)
    i.tft_write_data                         0x08004ef4   Section        0  main.o(i.tft_write_data)
    i.tft_write_reg                          0x08004f00   Section        0  main.o(i.tft_write_reg)
    x$fpl$fpinit                             0x08004f08   Section       10  fpinit.o(x$fpl$fpinit)
    $v0                                      0x08004f08   Number         0  fpinit.o(x$fpl$fpinit)
    .constdata                               0x08004f14   Section       28  main.o(.constdata)
    .constdata                               0x08004f30   Section        8  stm32f4xx_hal_dma.o(.constdata)
    flagBitshiftOffset                       0x08004f30   Data           8  stm32f4xx_hal_dma.o(.constdata)
    .constdata                               0x08004f38   Section       24  system_stm32f4xx.o(.constdata)
    .constdata                               0x08004f50   Section        8  ili9341_tft_driver.o(.constdata)
    .data                                    0x20000000   Section        8  stm32f4xx_hal_msp.o(.data)
    FSMC_Initialized                         0x20000000   Data           4  stm32f4xx_hal_msp.o(.data)
    FSMC_DeInitialized                       0x20000004   Data           4  stm32f4xx_hal_msp.o(.data)
    .data                                    0x20000008   Section        9  stm32f4xx_hal.o(.data)
    .data                                    0x20000014   Section        4  system_stm32f4xx.o(.data)
    .data                                    0x20000018   Section        4  ili9341_tft_driver.o(.data)
    io_struct                                0x20000018   Data           4  ili9341_tft_driver.o(.data)
    .data                                    0x2000001c   Section       14  ov7670.o(.data)
    i2c_io                                   0x2000001c   Data           4  ov7670.o(.data)
    is_frame_captured                        0x20000020   Data           1  ov7670.o(.data)
    area                                     0x20000022   Data           8  ov7670.o(.data)
    .bss                                     0x2000002c   Section      348  main.o(.bss)
    tft_io                                   0x20000170   Data          24  main.o(.bss)
    .bss                                     0x20000188   Section    49536  ov7670.o(.bss)
    pixel_buffer                             0x20000188   Data       49536  ov7670.o(.bss)
    .bss                                     0x2000c308   Section       96  libspace.o(.bss)
    HEAP                                     0x2000c368   Section      512  startup_stm32f407xx.o(HEAP)
    Heap_Mem                                 0x2000c368   Data         512  startup_stm32f407xx.o(HEAP)
    STACK                                    0x2000c568   Section    16384  startup_stm32f407xx.o(STACK)
    Stack_Mem                                0x2000c568   Data       16384  startup_stm32f407xx.o(STACK)
    __initial_sp                             0x20010568   Data           0  startup_stm32f407xx.o(STACK)

    Global Symbols

    Symbol Name                              Value     Ov Type        Size  Object(Section)

    BuildAttributes$$THM_ISAv4$E$P$D$K$B$S$7EM$VFPi3$EXTD16$VFPS$VFMA$PE$A:L22UL41UL21$X:L11$S22US41US21$IEEE1$IW$USESV6$~STKCKD$USESV7$~SHL$OTIME$ROPI$EBA8$UX$STANDARDLIB$REQ8$PRES8$EABIv2 0x00000000   Number         0  anon$$obj.o ABSOLUTE
    __ARM_use_no_argv                        0x00000000   Number         0  main.o ABSOLUTE
    __ARM_exceptions_init                     - Undefined Weak Reference
    __alloca_initialize                       - Undefined Weak Reference
    __alloca_longjmp                          - Undefined Weak Reference
    __alloca_setjmp                           - Undefined Weak Reference
    __arm_preinit_                            - Undefined Weak Reference
    __cpp_initialize__aeabi_                  - Undefined Weak Reference
    __cxa_finalize                            - Undefined Weak Reference
    __rt_locale                               - Undefined Weak Reference
    __sigvec_lookup                           - Undefined Weak Reference
    __user_heap_extent                        - Undefined Weak Reference
    _atexit_init                              - Undefined Weak Reference
    _call_atexit_fns                          - Undefined Weak Reference
    _clock_init                               - Undefined Weak Reference
    _fp_trap_init                             - Undefined Weak Reference
    _fp_trap_shutdown                         - Undefined Weak Reference
    _get_lc_collate                           - Undefined Weak Reference
    _get_lc_ctype                             - Undefined Weak Reference
    _get_lc_monetary                          - Undefined Weak Reference
    _get_lc_numeric                           - Undefined Weak Reference
    _get_lc_time                              - Undefined Weak Reference
    _getenv_init                              - Undefined Weak Reference
    _handle_redirection                       - Undefined Weak Reference
    _initio                                   - Undefined Weak Reference
    _mutex_acquire                            - Undefined Weak Reference
    _mutex_free                               - Undefined Weak Reference
    _mutex_release                            - Undefined Weak Reference
    _rand_init                                - Undefined Weak Reference
    _signal_finish                            - Undefined Weak Reference
    _signal_init                              - Undefined Weak Reference
    _terminateio                              - Undefined Weak Reference
    __Vectors_Size                           0x00000188   Number         0  startup_stm32f407xx.o ABSOLUTE
    __Vectors                                0x08000000   Data           4  startup_stm32f407xx.o(RESET)
    __Vectors_End                            0x08000188   Data           0  startup_stm32f407xx.o(RESET)
    __main                                   0x08000189   Thumb Code     8  __main.o(!!!main)
    __scatterload                            0x08000191   Thumb Code     0  __scatter.o(!!!scatter)
    __scatterload_rt2                        0x08000191   Thumb Code    44  __scatter.o(!!!scatter)
    __scatterload_rt2_thumb_only             0x08000191   Thumb Code     0  __scatter.o(!!!scatter)
    __scatterload_null                       0x0800019f   Thumb Code     0  __scatter.o(!!!scatter)
    __scatterload_copy                       0x080001c5   Thumb Code    26  __scatter_copy.o(!!handler_copy)
    __scatterload_zeroinit                   0x080001e1   Thumb Code    28  __scatter_zi.o(!!handler_zi)
    __rt_lib_init                            0x080001fd   Thumb Code     0  libinit.o(.ARM.Collect$$libinit$$00000000)
    __rt_lib_init_fp_1                       0x080001ff   Thumb Code     0  libinit2.o(.ARM.Collect$$libinit$$00000001)
    __rt_lib_init_alloca_1                   0x08000203   Thumb Code     0  libinit2.o(.ARM.Collect$$libinit$$0000002E)
    __rt_lib_init_argv_1                     0x08000203   Thumb Code     0  libinit2.o(.ARM.Collect$$libinit$$0000002C)
    __rt_lib_init_atexit_1                   0x08000203   Thumb Code     0  libinit2.o(.ARM.Collect$$libinit$$0000001B)
    __rt_lib_init_clock_1                    0x08000203   Thumb Code     0  libinit2.o(.ARM.Collect$$libinit$$00000021)
    __rt_lib_init_cpp_1                      0x08000203   Thumb Code     0  libinit2.o(.ARM.Collect$$libinit$$00000032)
    __rt_lib_init_exceptions_1               0x08000203   Thumb Code     0  libinit2.o(.ARM.Collect$$libinit$$00000030)
    __rt_lib_init_fp_trap_1                  0x08000203   Thumb Code     0  libinit2.o(.ARM.Collect$$libinit$$0000001F)
    __rt_lib_init_getenv_1                   0x08000203   Thumb Code     0  libinit2.o(.ARM.Collect$$libinit$$00000023)
    __rt_lib_init_heap_1                     0x08000203   Thumb Code     0  libinit2.o(.ARM.Collect$$libinit$$0000000A)
    __rt_lib_init_lc_collate_1               0x08000203   Thumb Code     0  libinit2.o(.ARM.Collect$$libinit$$00000011)
    __rt_lib_init_lc_ctype_1                 0x08000203   Thumb Code     0  libinit2.o(.ARM.Collect$$libinit$$00000013)
    __rt_lib_init_lc_monetary_1              0x08000203   Thumb Code     0  libinit2.o(.ARM.Collect$$libinit$$00000015)
    __rt_lib_init_lc_numeric_1               0x08000203   Thumb Code     0  libinit2.o(.ARM.Collect$$libinit$$00000017)
    __rt_lib_init_lc_time_1                  0x08000203   Thumb Code     0  libinit2.o(.ARM.Collect$$libinit$$00000019)
    __rt_lib_init_preinit_1                  0x08000203   Thumb Code     0  libinit2.o(.ARM.Collect$$libinit$$00000004)
    __rt_lib_init_rand_1                     0x08000203   Thumb Code     0  libinit2.o(.ARM.Collect$$libinit$$0000000E)
    __rt_lib_init_return                     0x08000203   Thumb Code     0  libinit2.o(.ARM.Collect$$libinit$$00000033)
    __rt_lib_init_signal_1                   0x08000203   Thumb Code     0  libinit2.o(.ARM.Collect$$libinit$$0000001D)
    __rt_lib_init_stdio_1                    0x08000203   Thumb Code     0  libinit2.o(.ARM.Collect$$libinit$$00000025)
    __rt_lib_init_user_alloc_1               0x08000203   Thumb Code     0  libinit2.o(.ARM.Collect$$libinit$$0000000C)
    __rt_lib_shutdown                        0x08000205   Thumb Code     0  libshutdown.o(.ARM.Collect$$libshutdown$$00000000)
    __rt_lib_shutdown_cpp_1                  0x08000207   Thumb Code     0  libshutdown2.o(.ARM.Collect$$libshutdown$$00000002)
    __rt_lib_shutdown_fp_trap_1              0x08000207   Thumb Code     0  libshutdown2.o(.ARM.Collect$$libshutdown$$00000007)
    __rt_lib_shutdown_heap_1                 0x08000207   Thumb Code     0  libshutdown2.o(.ARM.Collect$$libshutdown$$0000000F)
    __rt_lib_shutdown_return                 0x08000207   Thumb Code     0  libshutdown2.o(.ARM.Collect$$libshutdown$$00000010)
    __rt_lib_shutdown_signal_1               0x08000207   Thumb Code     0  libshutdown2.o(.ARM.Collect$$libshutdown$$0000000A)
    __rt_lib_shutdown_stdio_1                0x08000207   Thumb Code     0  libshutdown2.o(.ARM.Collect$$libshutdown$$00000004)
    __rt_lib_shutdown_user_alloc_1           0x08000207   Thumb Code     0  libshutdown2.o(.ARM.Collect$$libshutdown$$0000000C)
    __rt_entry                               0x08000209   Thumb Code     0  __rtentry.o(.ARM.Collect$$rtentry$$00000000)
    __rt_entry_presh_1                       0x08000209   Thumb Code     0  __rtentry2.o(.ARM.Collect$$rtentry$$00000002)
    __rt_entry_sh                            0x08000209   Thumb Code     0  __rtentry4.o(.ARM.Collect$$rtentry$$00000004)
    __rt_entry_li                            0x0800020f   Thumb Code     0  __rtentry2.o(.ARM.Collect$$rtentry$$0000000A)
    __rt_entry_postsh_1                      0x0800020f   Thumb Code     0  __rtentry2.o(.ARM.Collect$$rtentry$$00000009)
    __rt_entry_main                          0x08000213   Thumb Code     0  __rtentry2.o(.ARM.Collect$$rtentry$$0000000D)
    __rt_entry_postli_1                      0x08000213   Thumb Code     0  __rtentry2.o(.ARM.Collect$$rtentry$$0000000C)
    __rt_exit                                0x0800021b   Thumb Code     0  rtexit.o(.ARM.Collect$$rtexit$$00000000)
    __rt_exit_ls                             0x0800021d   Thumb Code     0  rtexit2.o(.ARM.Collect$$rtexit$$00000003)
    __rt_exit_prels_1                        0x0800021d   Thumb Code     0  rtexit2.o(.ARM.Collect$$rtexit$$00000002)
    __rt_exit_exit                           0x08000221   Thumb Code     0  rtexit2.o(.ARM.Collect$$rtexit$$00000004)
    Reset_Handler                            0x08000229   Thumb Code     8  startup_stm32f407xx.o(.text)
    ADC_IRQHandler                           0x08000243   Thumb Code     0  startup_stm32f407xx.o(.text)
    CAN1_RX0_IRQHandler                      0x08000243   Thumb Code     0  startup_stm32f407xx.o(.text)
    CAN1_RX1_IRQHandler                      0x08000243   Thumb Code     0  startup_stm32f407xx.o(.text)
    CAN1_SCE_IRQHandler                      0x08000243   Thumb Code     0  startup_stm32f407xx.o(.text)
    CAN1_TX_IRQHandler                       0x08000243   Thumb Code     0  startup_stm32f407xx.o(.text)
    CAN2_RX0_IRQHandler                      0x08000243   Thumb Code     0  startup_stm32f407xx.o(.text)
    CAN2_RX1_IRQHandler                      0x08000243   Thumb Code     0  startup_stm32f407xx.o(.text)
    CAN2_SCE_IRQHandler                      0x08000243   Thumb Code     0  startup_stm32f407xx.o(.text)
    CAN2_TX_IRQHandler                       0x08000243   Thumb Code     0  startup_stm32f407xx.o(.text)
    DMA1_Stream0_IRQHandler                  0x08000243   Thumb Code     0  startup_stm32f407xx.o(.text)
    DMA1_Stream1_IRQHandler                  0x08000243   Thumb Code     0  startup_stm32f407xx.o(.text)
    DMA1_Stream2_IRQHandler                  0x08000243   Thumb Code     0  startup_stm32f407xx.o(.text)
    DMA1_Stream3_IRQHandler                  0x08000243   Thumb Code     0  startup_stm32f407xx.o(.text)
    DMA1_Stream4_IRQHandler                  0x08000243   Thumb Code     0  startup_stm32f407xx.o(.text)
    DMA1_Stream5_IRQHandler                  0x08000243   Thumb Code     0  startup_stm32f407xx.o(.text)
    DMA1_Stream6_IRQHandler                  0x08000243   Thumb Code     0  startup_stm32f407xx.o(.text)
    DMA1_Stream7_IRQHandler                  0x08000243   Thumb Code     0  startup_stm32f407xx.o(.text)
    DMA2_Stream0_IRQHandler                  0x08000243   Thumb Code     0  startup_stm32f407xx.o(.text)
    DMA2_Stream2_IRQHandler                  0x08000243   Thumb Code     0  startup_stm32f407xx.o(.text)
    DMA2_Stream3_IRQHandler                  0x08000243   Thumb Code     0  startup_stm32f407xx.o(.text)
    DMA2_Stream4_IRQHandler                  0x08000243   Thumb Code     0  startup_stm32f407xx.o(.text)
    DMA2_Stream5_IRQHandler                  0x08000243   Thumb Code     0  startup_stm32f407xx.o(.text)
    DMA2_Stream6_IRQHandler                  0x08000243   Thumb Code     0  startup_stm32f407xx.o(.text)
    DMA2_Stream7_IRQHandler                  0x08000243   Thumb Code     0  startup_stm32f407xx.o(.text)
    ETH_IRQHandler                           0x08000243   Thumb Code     0  startup_stm32f407xx.o(.text)
    ETH_WKUP_IRQHandler                      0x08000243   Thumb Code     0  startup_stm32f407xx.o(.text)
    EXTI0_IRQHandler                         0x08000243   Thumb Code     0  startup_stm32f407xx.o(.text)
    EXTI15_10_IRQHandler                     0x08000243   Thumb Code     0  startup_stm32f407xx.o(.text)
    EXTI1_IRQHandler                         0x08000243   Thumb Code     0  startup_stm32f407xx.o(.text)
    EXTI2_IRQHandler                         0x08000243   Thumb Code     0  startup_stm32f407xx.o(.text)
    EXTI3_IRQHandler                         0x08000243   Thumb Code     0  startup_stm32f407xx.o(.text)
    EXTI4_IRQHandler                         0x08000243   Thumb Code     0  startup_stm32f407xx.o(.text)
    EXTI9_5_IRQHandler                       0x08000243   Thumb Code     0  startup_stm32f407xx.o(.text)
    FLASH_IRQHandler                         0x08000243   Thumb Code     0  startup_stm32f407xx.o(.text)
    FMC_IRQHandler                           0x08000243   Thumb Code     0  startup_stm32f407xx.o(.text)
    FPU_IRQHandler                           0x08000243   Thumb Code     0  startup_stm32f407xx.o(.text)
    HASH_RNG_IRQHandler                      0x08000243   Thumb Code     0  startup_stm32f407xx.o(.text)
    I2C1_ER_IRQHandler                       0x08000243   Thumb Code     0  startup_stm32f407xx.o(.text)
    I2C1_EV_IRQHandler                       0x08000243   Thumb Code     0  startup_stm32f407xx.o(.text)
    I2C2_ER_IRQHandler                       0x08000243   Thumb Code     0  startup_stm32f407xx.o(.text)
    I2C2_EV_IRQHandler                       0x08000243   Thumb Code     0  startup_stm32f407xx.o(.text)
    I2C3_ER_IRQHandler                       0x08000243   Thumb Code     0  startup_stm32f407xx.o(.text)
    I2C3_EV_IRQHandler                       0x08000243   Thumb Code     0  startup_stm32f407xx.o(.text)
    OTG_FS_IRQHandler                        0x08000243   Thumb Code     0  startup_stm32f407xx.o(.text)
    OTG_FS_WKUP_IRQHandler                   0x08000243   Thumb Code     0  startup_stm32f407xx.o(.text)
    OTG_HS_EP1_IN_IRQHandler                 0x08000243   Thumb Code     0  startup_stm32f407xx.o(.text)
    OTG_HS_EP1_OUT_IRQHandler                0x08000243   Thumb Code     0  startup_stm32f407xx.o(.text)
    OTG_HS_IRQHandler                        0x08000243   Thumb Code     0  startup_stm32f407xx.o(.text)
    OTG_HS_WKUP_IRQHandler                   0x08000243   Thumb Code     0  startup_stm32f407xx.o(.text)
    PVD_IRQHandler                           0x08000243   Thumb Code     0  startup_stm32f407xx.o(.text)
    RCC_IRQHandler                           0x08000243   Thumb Code     0  startup_stm32f407xx.o(.text)
    RTC_Alarm_IRQHandler                     0x08000243   Thumb Code     0  startup_stm32f407xx.o(.text)
    RTC_WKUP_IRQHandler                      0x08000243   Thumb Code     0  startup_stm32f407xx.o(.text)
    SDIO_IRQHandler                          0x08000243   Thumb Code     0  startup_stm32f407xx.o(.text)
    SPI1_IRQHandler                          0x08000243   Thumb Code     0  startup_stm32f407xx.o(.text)
    SPI2_IRQHandler                          0x08000243   Thumb Code     0  startup_stm32f407xx.o(.text)
    SPI3_IRQHandler                          0x08000243   Thumb Code     0  startup_stm32f407xx.o(.text)
    TAMP_STAMP_IRQHandler                    0x08000243   Thumb Code     0  startup_stm32f407xx.o(.text)
    TIM1_BRK_TIM9_IRQHandler                 0x08000243   Thumb Code     0  startup_stm32f407xx.o(.text)
    TIM1_CC_IRQHandler                       0x08000243   Thumb Code     0  startup_stm32f407xx.o(.text)
    TIM1_TRG_COM_TIM11_IRQHandler            0x08000243   Thumb Code     0  startup_stm32f407xx.o(.text)
    TIM1_UP_TIM10_IRQHandler                 0x08000243   Thumb Code     0  startup_stm32f407xx.o(.text)
    TIM2_IRQHandler                          0x08000243   Thumb Code     0  startup_stm32f407xx.o(.text)
    TIM3_IRQHandler                          0x08000243   Thumb Code     0  startup_stm32f407xx.o(.text)
    TIM4_IRQHandler                          0x08000243   Thumb Code     0  startup_stm32f407xx.o(.text)
    TIM5_IRQHandler                          0x08000243   Thumb Code     0  startup_stm32f407xx.o(.text)
    TIM6_DAC_IRQHandler                      0x08000243   Thumb Code     0  startup_stm32f407xx.o(.text)
    TIM7_IRQHandler                          0x08000243   Thumb Code     0  startup_stm32f407xx.o(.text)
    TIM8_BRK_TIM12_IRQHandler                0x08000243   Thumb Code     0  startup_stm32f407xx.o(.text)
    TIM8_CC_IRQHandler                       0x08000243   Thumb Code     0  startup_stm32f407xx.o(.text)
    TIM8_TRG_COM_TIM14_IRQHandler            0x08000243   Thumb Code     0  startup_stm32f407xx.o(.text)
    TIM8_UP_TIM13_IRQHandler                 0x08000243   Thumb Code     0  startup_stm32f407xx.o(.text)
    UART4_IRQHandler                         0x08000243   Thumb Code     0  startup_stm32f407xx.o(.text)
    UART5_IRQHandler                         0x08000243   Thumb Code     0  startup_stm32f407xx.o(.text)
    USART1_IRQHandler                        0x08000243   Thumb Code     0  startup_stm32f407xx.o(.text)
    USART2_IRQHandler                        0x08000243   Thumb Code     0  startup_stm32f407xx.o(.text)
    USART3_IRQHandler                        0x08000243   Thumb Code     0  startup_stm32f407xx.o(.text)
    USART6_IRQHandler                        0x08000243   Thumb Code     0  startup_stm32f407xx.o(.text)
    WWDG_IRQHandler                          0x08000243   Thumb Code     0  startup_stm32f407xx.o(.text)
    __user_initial_stackheap                 0x08000245   Thumb Code     0  startup_stm32f407xx.o(.text)
    __aeabi_uldivmod                         0x08000269   Thumb Code     0  lludivv7m.o(.text)
    _ll_udiv                                 0x08000269   Thumb Code   238  lludivv7m.o(.text)
    __aeabi_memcpy4                          0x08000357   Thumb Code     0  rt_memcpy_w.o(.text)
    __aeabi_memcpy8                          0x08000357   Thumb Code     0  rt_memcpy_w.o(.text)
    __rt_memcpy_w                            0x08000357   Thumb Code   100  rt_memcpy_w.o(.text)
    _memcpy_lastbytes_aligned                0x0800039f   Thumb Code     0  rt_memcpy_w.o(.text)
    __aeabi_memclr4                          0x080003bb   Thumb Code     0  rt_memclr_w.o(.text)
    __aeabi_memclr8                          0x080003bb   Thumb Code     0  rt_memclr_w.o(.text)
    __rt_memclr_w                            0x080003bb   Thumb Code    78  rt_memclr_w.o(.text)
    _memset_w                                0x080003bf   Thumb Code     0  rt_memclr_w.o(.text)
    __use_two_region_memory                  0x08000409   Thumb Code     2  heapauxi.o(.text)
    __rt_heap_escrow                         0x0800040b   Thumb Code     2  heapauxi.o(.text)
    __rt_heap_expand                         0x0800040d   Thumb Code     2  heapauxi.o(.text)
    __user_libspace                          0x08000411   Thumb Code     8  libspace.o(.text)
    __user_perproc_libspace                  0x08000411   Thumb Code     0  libspace.o(.text)
    __user_perthread_libspace                0x08000411   Thumb Code     0  libspace.o(.text)
    __I$use$semihosting                      0x08000419   Thumb Code     0  use_no_semi.o(.text)
    __use_no_semihosting_swi                 0x08000419   Thumb Code     2  use_no_semi.o(.text)
    __semihosting_library_function           0x0800041b   Thumb Code     0  indicate_semi.o(.text)
    __user_setup_stackheap                   0x0800041b   Thumb Code    74  sys_stackheap_outer.o(.text)
    exit                                     0x08000465   Thumb Code    18  exit.o(.text)
    _sys_exit                                0x08000479   Thumb Code     8  sys_exit.o(.text)
    BusFault_Handler                         0x08000485   Thumb Code     4  stm32f4xx_it.o(i.BusFault_Handler)
    DCMI_IRQHandler                          0x0800056d   Thumb Code    10  stm32f4xx_it.o(i.DCMI_IRQHandler)
    DMA2_Stream1_IRQHandler                  0x0800057d   Thumb Code    10  stm32f4xx_it.o(i.DMA2_Stream1_IRQHandler)
    DebugMon_Handler                         0x080006b7   Thumb Code     2  stm32f4xx_it.o(i.DebugMon_Handler)
    Error_Handler                            0x080006b9   Thumb Code     6  main.o(i.Error_Handler)
    FSMC_NORSRAM_Extended_Timing_Init        0x080006c1   Thumb Code    62  stm32f4xx_ll_fsmc.o(i.FSMC_NORSRAM_Extended_Timing_Init)
    FSMC_NORSRAM_Init                        0x08000705   Thumb Code   116  stm32f4xx_ll_fsmc.o(i.FSMC_NORSRAM_Init)
    FSMC_NORSRAM_Timing_Init                 0x0800077d   Thumb Code    66  stm32f4xx_ll_fsmc.o(i.FSMC_NORSRAM_Timing_Init)
    HAL_DCMI_ErrorCallback                   0x080007bf   Thumb Code     2  main.o(i.HAL_DCMI_ErrorCallback)
    HAL_DCMI_FrameEventCallback              0x080007c1   Thumb Code    12  main.o(i.HAL_DCMI_FrameEventCallback)
    HAL_DCMI_IRQHandler                      0x080007cd   Thumb Code   170  stm32f4xx_hal_dcmi.o(i.HAL_DCMI_IRQHandler)
    HAL_DCMI_Init                            0x0800087d   Thumb Code   146  stm32f4xx_hal_dcmi_ex.o(i.HAL_DCMI_Init)
    HAL_DCMI_LineEventCallback               0x0800090f   Thumb Code     2  main.o(i.HAL_DCMI_LineEventCallback)
    HAL_DCMI_MspInit                         0x08000911   Thumb Code   388  stm32f4xx_hal_msp.o(i.HAL_DCMI_MspInit)
    HAL_DCMI_Start_DMA                       0x08000ab5   Thumb Code   226  stm32f4xx_hal_dcmi.o(i.HAL_DCMI_Start_DMA)
    HAL_DCMI_VsyncEventCallback              0x08000ba1   Thumb Code     2  main.o(i.HAL_DCMI_VsyncEventCallback)
    HAL_DMAEx_ChangeMemory                   0x08000ba3   Thumb Code    18  stm32f4xx_hal_dma_ex.o(i.HAL_DMAEx_ChangeMemory)
    HAL_DMAEx_MultiBufferStart_IT            0x08000bb5   Thumb Code  4048  stm32f4xx_hal_dma_ex.o(i.HAL_DMAEx_MultiBufferStart_IT)
    HAL_DMA_Abort_IT                         0x08001b8d   Thumb Code    40  stm32f4xx_hal_dma.o(i.HAL_DMA_Abort_IT)
    HAL_DMA_IRQHandler                       0x08001bb5   Thumb Code   570  stm32f4xx_hal_dma.o(i.HAL_DMA_IRQHandler)
    HAL_DMA_Init                             0x08001df5   Thumb Code   232  stm32f4xx_hal_dma.o(i.HAL_DMA_Init)
    HAL_DMA_Start_IT                         0x08001ee1   Thumb Code   146  stm32f4xx_hal_dma.o(i.HAL_DMA_Start_IT)
    HAL_Delay                                0x08001f75   Thumb Code    36  stm32f4xx_hal.o(i.HAL_Delay)
    HAL_GPIO_Init                            0x08002029   Thumb Code   454  stm32f4xx_hal_gpio.o(i.HAL_GPIO_Init)
    HAL_GPIO_WritePin                        0x0800221d   Thumb Code    12  stm32f4xx_hal_gpio.o(i.HAL_GPIO_WritePin)
    HAL_GetTick                              0x08002229   Thumb Code     6  stm32f4xx_hal.o(i.HAL_GetTick)
    HAL_I2C_Init                             0x08002235   Thumb Code   446  stm32f4xx_hal_i2c.o(i.HAL_I2C_Init)
    HAL_I2C_Master_Receive                   0x08002405   Thumb Code   748  stm32f4xx_hal_i2c.o(i.HAL_I2C_Master_Receive)
    HAL_I2C_Master_Transmit                  0x080026fd   Thumb Code   360  stm32f4xx_hal_i2c.o(i.HAL_I2C_Master_Transmit)
    HAL_I2C_MspInit                          0x0800286d   Thumb Code   124  stm32f4xx_hal_msp.o(i.HAL_I2C_MspInit)
    HAL_IncTick                              0x080028f5   Thumb Code    16  stm32f4xx_hal.o(i.HAL_IncTick)
    HAL_Init                                 0x0800290d   Thumb Code    54  stm32f4xx_hal.o(i.HAL_Init)
    HAL_InitTick                             0x08002949   Thumb Code    64  stm32f4xx_hal.o(i.HAL_InitTick)
    HAL_MspInit                              0x08002995   Thumb Code    68  stm32f4xx_hal_msp.o(i.HAL_MspInit)
    HAL_NVIC_EnableIRQ                       0x080029dd   Thumb Code    32  stm32f4xx_hal_cortex.o(i.HAL_NVIC_EnableIRQ)
    HAL_NVIC_SetPriority                     0x080029fd   Thumb Code   124  stm32f4xx_hal_cortex.o(i.HAL_NVIC_SetPriority)
    HAL_NVIC_SetPriorityGrouping             0x08002a79   Thumb Code    32  stm32f4xx_hal_cortex.o(i.HAL_NVIC_SetPriorityGrouping)
    HAL_RCC_ClockConfig                      0x08002aa1   Thumb Code   368  stm32f4xx_hal_rcc.o(i.HAL_RCC_ClockConfig)
    HAL_RCC_GetHCLKFreq                      0x08002c25   Thumb Code     6  stm32f4xx_hal_rcc.o(i.HAL_RCC_GetHCLKFreq)
    HAL_RCC_GetPCLK1Freq                     0x08002c31   Thumb Code    22  stm32f4xx_hal_rcc.o(i.HAL_RCC_GetPCLK1Freq)
    HAL_RCC_GetSysClockFreq                  0x08002c51   Thumb Code   162  stm32f4xx_hal_rcc.o(i.HAL_RCC_GetSysClockFreq)
    HAL_RCC_MCOConfig                        0x08002d01   Thumb Code   178  stm32f4xx_hal_rcc.o(i.HAL_RCC_MCOConfig)
    HAL_RCC_OscConfig                        0x08002dc1   Thumb Code  1172  stm32f4xx_hal_rcc.o(i.HAL_RCC_OscConfig)
    HAL_SRAM_Init                            0x0800325d   Thumb Code    94  stm32f4xx_hal_sram.o(i.HAL_SRAM_Init)
    HAL_SRAM_MspInit                         0x080032bb   Thumb Code    10  stm32f4xx_hal_msp.o(i.HAL_SRAM_MspInit)
    HAL_SYSTICK_Config                       0x080032c5   Thumb Code    52  stm32f4xx_hal_cortex.o(i.HAL_SYSTICK_Config)
    HardFault_Handler                        0x080032f9   Thumb Code     4  stm32f4xx_it.o(i.HardFault_Handler)
    MemManage_Handler                        0x080039ed   Thumb Code     4  stm32f4xx_it.o(i.MemManage_Handler)
    NMI_Handler                              0x080039f1   Thumb Code     4  stm32f4xx_it.o(i.NMI_Handler)
    PendSV_Handler                           0x080039f5   Thumb Code     2  stm32f4xx_it.o(i.PendSV_Handler)
    SVC_Handler                              0x080039f7   Thumb Code     2  stm32f4xx_it.o(i.SVC_Handler)
    SysTick_Handler                          0x080039f9   Thumb Code     8  stm32f4xx_it.o(i.SysTick_Handler)
    SystemClock_Config                       0x08003a01   Thumb Code   190  main.o(i.SystemClock_Config)
    SystemInit                               0x08003ac9   Thumb Code    14  system_stm32f4xx.o(i.SystemInit)
    UsageFault_Handler                       0x08003add   Thumb Code     4  stm32f4xx_it.o(i.UsageFault_Handler)
    configure_camera                         0x08003b19   Thumb Code    80  main.o(i.configure_camera)
    configure_display                        0x08003b71   Thumb Code    42  main.o(i.configure_display)
    ili9341_tft_driver_clear                 0x080045fd   Thumb Code    32  ili9341_tft_driver.o(i.ili9341_tft_driver_clear)
    ili9341_tft_driver_draw_image            0x0800461d   Thumb Code   134  ili9341_tft_driver.o(i.ili9341_tft_driver_draw_image)
    ili9341_tft_driver_fill_area             0x080046a9   Thumb Code   130  ili9341_tft_driver.o(i.ili9341_tft_driver_fill_area)
    ili9341_tft_driver_get_id                0x08004731   Thumb Code   184  ili9341_tft_driver.o(i.ili9341_tft_driver_get_id)
    ili9341_tft_driver_init                  0x080047ed   Thumb Code    64  ili9341_tft_driver.o(i.ili9341_tft_driver_init)
    ili9341_tft_driver_set_area              0x08004831   Thumb Code    40  ili9341_tft_driver.o(i.ili9341_tft_driver_set_area)
    main                                     0x08004b01   Thumb Code    50  main.o(i.main)
    ov7670_check_link                        0x08004b39   Thumb Code    86  ov7670.o(i.ov7670_check_link)
    ov7670_create                            0x08004b95   Thumb Code    50  ov7670.o(i.ov7670_create)
    ov7670_frame_received                    0x08004bfd   Thumb Code     8  ov7670.o(i.ov7670_frame_received)
    ov7670_reset                             0x08004c09   Thumb Code    52  ov7670.o(i.ov7670_reset)
    ov7670_send_captured_frame               0x08004c41   Thumb Code    30  ov7670.o(i.ov7670_send_captured_frame)
    ov7670_send_default_registers            0x08004c6d   Thumb Code    30  ov7670.o(i.ov7670_send_default_registers)
    ov7670_set_plck_prescalar                0x08004ce5   Thumb Code    46  ov7670.o(i.ov7670_set_plck_prescalar)
    ov7670_set_qcif                          0x08004d19   Thumb Code    80  ov7670.o(i.ov7670_set_qcif)
    ov7670_set_rgb_format                    0x08004d6d   Thumb Code   234  ov7670.o(i.ov7670_set_rgb_format)
    ov7670_start_capture                     0x08004e89   Thumb Code    26  ov7670.o(i.ov7670_start_capture)
    tft_enable_backlight                     0x08004eb1   Thumb Code    16  main.o(i.tft_enable_backlight)
    tft_init                                 0x08004ec5   Thumb Code    10  main.o(i.tft_init)
    tft_read_data                            0x08004ed1   Thumb Code    32  main.o(i.tft_read_data)
    tft_write_data                           0x08004ef5   Thumb Code     6  main.o(i.tft_write_data)
    tft_write_reg                            0x08004f01   Thumb Code     8  main.o(i.tft_write_reg)
    _fp_init                                 0x08004f09   Thumb Code    10  fpinit.o(x$fpl$fpinit)
    __fplib_config_fpu_vfp                   0x08004f11   Thumb Code     0  fpinit.o(x$fpl$fpinit)
    __fplib_config_pureend_doubles           0x08004f11   Thumb Code     0  fpinit.o(x$fpl$fpinit)
    AHBPrescTable                            0x08004f38   Data          16  system_stm32f4xx.o(.constdata)
    APBPrescTable                            0x08004f48   Data           8  system_stm32f4xx.o(.constdata)
    Region$$Table$$Base                      0x08004f58   Number         0  anon$$obj.o(Region$$Table)
    Region$$Table$$Limit                     0x08004f78   Number         0  anon$$obj.o(Region$$Table)
    uwTick                                   0x20000008   Data           4  stm32f4xx_hal.o(.data)
    uwTickPrio                               0x2000000c   Data           4  stm32f4xx_hal.o(.data)
    uwTickFreq                               0x20000010   Data           1  stm32f4xx_hal.o(.data)
    SystemCoreClock                          0x20000014   Data           4  system_stm32f4xx.o(.data)
    hdcmi                                    0x2000002c   Data          64  main.o(.bss)
    hdma_dcmi                                0x2000006c   Data          96  main.o(.bss)
    hi2c2                                    0x200000cc   Data          84  main.o(.bss)
    hsram1                                   0x20000120   Data          80  main.o(.bss)
    __libspace_start                         0x2000c308   Data          96  libspace.o(.bss)
    __temporary_stack_top$libspace           0x2000c368   Data           0  libspace.o(.bss)



==============================================================================

Memory Map of the image

  Image Entry point : 0x08000189

  Load Region LR_IROM1 (Base: 0x08000000, Size: 0x00004fa4, Max: 0x00080000, ABSOLUTE)

    Execution Region ER_IROM1 (Exec base: 0x08000000, Load base: 0x08000000, Size: 0x00004f78, Max: 0x00080000, ABSOLUTE)

    Exec Addr    Load Addr    Size         Type   Attr      Idx    E Section Name        Object

    0x08000000   0x08000000   0x00000188   Data   RO            3    RESET               startup_stm32f407xx.o
    0x08000188   0x08000188   0x00000008   Code   RO         3108  * !!!main             c_w.l(__main.o)
    0x08000190   0x08000190   0x00000034   Code   RO         3321    !!!scatter          c_w.l(__scatter.o)
    0x080001c4   0x080001c4   0x0000001a   Code   RO         3323    !!handler_copy      c_w.l(__scatter_copy.o)
    0x080001de   0x080001de   0x00000002   PAD
    0x080001e0   0x080001e0   0x0000001c   Code   RO         3325    !!handler_zi        c_w.l(__scatter_zi.o)
    0x080001fc   0x080001fc   0x00000002   Code   RO         3260    .ARM.Collect$$libinit$$00000000  c_w.l(libinit.o)
    0x080001fe   0x080001fe   0x00000004   Code   RO         3146    .ARM.Collect$$libinit$$00000001  c_w.l(libinit2.o)
    0x08000202   0x08000202   0x00000000   Code   RO         3149    .ARM.Collect$$libinit$$00000004  c_w.l(libinit2.o)
    0x08000202   0x08000202   0x00000000   Code   RO         3152    .ARM.Collect$$libinit$$0000000A  c_w.l(libinit2.o)
    0x08000202   0x08000202   0x00000000   Code   RO         3154    .ARM.Collect$$libinit$$0000000C  c_w.l(libinit2.o)
    0x08000202   0x08000202   0x00000000   Code   RO         3156    .ARM.Collect$$libinit$$0000000E  c_w.l(libinit2.o)
    0x08000202   0x08000202   0x00000000   Code   RO         3159    .ARM.Collect$$libinit$$00000011  c_w.l(libinit2.o)
    0x08000202   0x08000202   0x00000000   Code   RO         3161    .ARM.Collect$$libinit$$00000013  c_w.l(libinit2.o)
    0x08000202   0x08000202   0x00000000   Code   RO         3163    .ARM.Collect$$libinit$$00000015  c_w.l(libinit2.o)
    0x08000202   0x08000202   0x00000000   Code   RO         3165    .ARM.Collect$$libinit$$00000017  c_w.l(libinit2.o)
    0x08000202   0x08000202   0x00000000   Code   RO         3167    .ARM.Collect$$libinit$$00000019  c_w.l(libinit2.o)
    0x08000202   0x08000202   0x00000000   Code   RO         3169    .ARM.Collect$$libinit$$0000001B  c_w.l(libinit2.o)
    0x08000202   0x08000202   0x00000000   Code   RO         3171    .ARM.Collect$$libinit$$0000001D  c_w.l(libinit2.o)
    0x08000202   0x08000202   0x00000000   Code   RO         3173    .ARM.Collect$$libinit$$0000001F  c_w.l(libinit2.o)
    0x08000202   0x08000202   0x00000000   Code   RO         3175    .ARM.Collect$$libinit$$00000021  c_w.l(libinit2.o)
    0x08000202   0x08000202   0x00000000   Code   RO         3177    .ARM.Collect$$libinit$$00000023  c_w.l(libinit2.o)
    0x08000202   0x08000202   0x00000000   Code   RO         3179    .ARM.Collect$$libinit$$00000025  c_w.l(libinit2.o)
    0x08000202   0x08000202   0x00000000   Code   RO         3183    .ARM.Collect$$libinit$$0000002C  c_w.l(libinit2.o)
    0x08000202   0x08000202   0x00000000   Code   RO         3185    .ARM.Collect$$libinit$$0000002E  c_w.l(libinit2.o)
    0x08000202   0x08000202   0x00000000   Code   RO         3187    .ARM.Collect$$libinit$$00000030  c_w.l(libinit2.o)
    0x08000202   0x08000202   0x00000000   Code   RO         3189    .ARM.Collect$$libinit$$00000032  c_w.l(libinit2.o)
    0x08000202   0x08000202   0x00000002   Code   RO         3190    .ARM.Collect$$libinit$$00000033  c_w.l(libinit2.o)
    0x08000204   0x08000204   0x00000002   Code   RO         3318    .ARM.Collect$$libshutdown$$00000000  c_w.l(libshutdown.o)
    0x08000206   0x08000206   0x00000000   Code   RO         3276    .ARM.Collect$$libshutdown$$00000002  c_w.l(libshutdown2.o)
    0x08000206   0x08000206   0x00000000   Code   RO         3278    .ARM.Collect$$libshutdown$$00000004  c_w.l(libshutdown2.o)
    0x08000206   0x08000206   0x00000000   Code   RO         3281    .ARM.Collect$$libshutdown$$00000007  c_w.l(libshutdown2.o)
    0x08000206   0x08000206   0x00000000   Code   RO         3284    .ARM.Collect$$libshutdown$$0000000A  c_w.l(libshutdown2.o)
    0x08000206   0x08000206   0x00000000   Code   RO         3286    .ARM.Collect$$libshutdown$$0000000C  c_w.l(libshutdown2.o)
    0x08000206   0x08000206   0x00000000   Code   RO         3289    .ARM.Collect$$libshutdown$$0000000F  c_w.l(libshutdown2.o)
    0x08000206   0x08000206   0x00000002   Code   RO         3290    .ARM.Collect$$libshutdown$$00000010  c_w.l(libshutdown2.o)
    0x08000208   0x08000208   0x00000000   Code   RO         3114    .ARM.Collect$$rtentry$$00000000  c_w.l(__rtentry.o)
    0x08000208   0x08000208   0x00000000   Code   RO         3197    .ARM.Collect$$rtentry$$00000002  c_w.l(__rtentry2.o)
    0x08000208   0x08000208   0x00000006   Code   RO         3209    .ARM.Collect$$rtentry$$00000004  c_w.l(__rtentry4.o)
    0x0800020e   0x0800020e   0x00000000   Code   RO         3199    .ARM.Collect$$rtentry$$00000009  c_w.l(__rtentry2.o)
    0x0800020e   0x0800020e   0x00000004   Code   RO         3200    .ARM.Collect$$rtentry$$0000000A  c_w.l(__rtentry2.o)
    0x08000212   0x08000212   0x00000000   Code   RO         3202    .ARM.Collect$$rtentry$$0000000C  c_w.l(__rtentry2.o)
    0x08000212   0x08000212   0x00000008   Code   RO         3203    .ARM.Collect$$rtentry$$0000000D  c_w.l(__rtentry2.o)
    0x0800021a   0x0800021a   0x00000002   Code   RO         3263    .ARM.Collect$$rtexit$$00000000  c_w.l(rtexit.o)
    0x0800021c   0x0800021c   0x00000000   Code   RO         3294    .ARM.Collect$$rtexit$$00000002  c_w.l(rtexit2.o)
    0x0800021c   0x0800021c   0x00000004   Code   RO         3295    .ARM.Collect$$rtexit$$00000003  c_w.l(rtexit2.o)
    0x08000220   0x08000220   0x00000006   Code   RO         3296    .ARM.Collect$$rtexit$$00000004  c_w.l(rtexit2.o)
    0x08000226   0x08000226   0x00000002   PAD
    0x08000228   0x08000228   0x00000040   Code   RO            4    .text               startup_stm32f407xx.o
    0x08000268   0x08000268   0x000000ee   Code   RO         3100    .text               c_w.l(lludivv7m.o)
    0x08000356   0x08000356   0x00000064   Code   RO         3102    .text               c_w.l(rt_memcpy_w.o)
    0x080003ba   0x080003ba   0x0000004e   Code   RO         3104    .text               c_w.l(rt_memclr_w.o)
    0x08000408   0x08000408   0x00000006   Code   RO         3106    .text               c_w.l(heapauxi.o)
    0x0800040e   0x0800040e   0x00000002   PAD
    0x08000410   0x08000410   0x00000008   Code   RO         3193    .text               c_w.l(libspace.o)
    0x08000418   0x08000418   0x00000002   Code   RO         3232    .text               c_w.l(use_no_semi.o)
    0x0800041a   0x0800041a   0x00000000   Code   RO         3234    .text               c_w.l(indicate_semi.o)
    0x0800041a   0x0800041a   0x0000004a   Code   RO         3235    .text               c_w.l(sys_stackheap_outer.o)
    0x08000464   0x08000464   0x00000012   Code   RO         3241    .text               c_w.l(exit.o)
    0x08000476   0x08000476   0x00000002   PAD
    0x08000478   0x08000478   0x0000000c   Code   RO         3261    .text               c_w.l(sys_exit.o)
    0x08000484   0x08000484   0x00000004   Code   RO          272    i.BusFault_Handler  stm32f4xx_it.o
    0x08000488   0x08000488   0x0000001c   Code   RO          436    i.DCMI_DMAError     stm32f4xx_hal_dcmi.o
    0x080004a4   0x080004a4   0x000000c6   Code   RO          437    i.DCMI_DMAXferCplt  stm32f4xx_hal_dcmi.o
    0x0800056a   0x0800056a   0x00000002   PAD
    0x0800056c   0x0800056c   0x00000010   Code   RO          273    i.DCMI_IRQHandler   stm32f4xx_it.o
    0x0800057c   0x0800057c   0x00000010   Code   RO          274    i.DMA2_Stream1_IRQHandler  stm32f4xx_it.o
    0x0800058c   0x0800058c   0x00000034   Code   RO         1106    i.DMA_CalcBaseAndBitshift  stm32f4xx_hal_dma.o
    0x080005c0   0x080005c0   0x000000aa   Code   RO         1107    i.DMA_CheckFifoParam  stm32f4xx_hal_dma.o
    0x0800066a   0x0800066a   0x00000020   Code   RO         1065    i.DMA_MultiBufferSetConfig  stm32f4xx_hal_dma_ex.o
    0x0800068a   0x0800068a   0x0000002c   Code   RO         1108    i.DMA_SetConfig     stm32f4xx_hal_dma.o
    0x080006b6   0x080006b6   0x00000002   Code   RO          275    i.DebugMon_Handler  stm32f4xx_it.o
    0x080006b8   0x080006b8   0x00000006   Code   RO           13    i.Error_Handler     main.o
    0x080006be   0x080006be   0x00000002   PAD
    0x080006c0   0x080006c0   0x00000044   Code   RO         1792    i.FSMC_NORSRAM_Extended_Timing_Init  stm32f4xx_ll_fsmc.o
    0x08000704   0x08000704   0x00000078   Code   RO         1793    i.FSMC_NORSRAM_Init  stm32f4xx_ll_fsmc.o
    0x0800077c   0x0800077c   0x00000042   Code   RO         1794    i.FSMC_NORSRAM_Timing_Init  stm32f4xx_ll_fsmc.o
    0x080007be   0x080007be   0x00000002   Code   RO           14    i.HAL_DCMI_ErrorCallback  main.o
    0x080007c0   0x080007c0   0x0000000c   Code   RO           15    i.HAL_DCMI_FrameEventCallback  main.o
    0x080007cc   0x080007cc   0x000000b0   Code   RO          447    i.HAL_DCMI_IRQHandler  stm32f4xx_hal_dcmi.o
    0x0800087c   0x0800087c   0x00000092   Code   RO          578    i.HAL_DCMI_Init     stm32f4xx_hal_dcmi_ex.o
    0x0800090e   0x0800090e   0x00000002   Code   RO           16    i.HAL_DCMI_LineEventCallback  main.o
    0x08000910   0x08000910   0x000001a4   Code   RO          364    i.HAL_DCMI_MspInit  stm32f4xx_hal_msp.o
    0x08000ab4   0x08000ab4   0x000000ec   Code   RO          453    i.HAL_DCMI_Start_DMA  stm32f4xx_hal_dcmi.o
    0x08000ba0   0x08000ba0   0x00000002   Code   RO           17    i.HAL_DCMI_VsyncEventCallback  main.o
    0x08000ba2   0x08000ba2   0x00000012   Code   RO         1066    i.HAL_DMAEx_ChangeMemory  stm32f4xx_hal_dma_ex.o
    0x08000bb4   0x08000bb4   0x00000fd8   Code   RO         1068    i.HAL_DMAEx_MultiBufferStart_IT  stm32f4xx_hal_dma_ex.o
    0x08001b8c   0x08001b8c   0x00000028   Code   RO         1110    i.HAL_DMA_Abort_IT  stm32f4xx_hal_dma.o
    0x08001bb4   0x08001bb4   0x00000240   Code   RO         1114    i.HAL_DMA_IRQHandler  stm32f4xx_hal_dma.o
    0x08001df4   0x08001df4   0x000000ec   Code   RO         1115    i.HAL_DMA_Init      stm32f4xx_hal_dma.o
    0x08001ee0   0x08001ee0   0x00000092   Code   RO         1119    i.HAL_DMA_Start_IT  stm32f4xx_hal_dma.o
    0x08001f72   0x08001f72   0x00000002   PAD
    0x08001f74   0x08001f74   0x00000028   Code   RO         1533    i.HAL_Delay         stm32f4xx_hal.o
    0x08001f9c   0x08001f9c   0x0000008c   Code   RO          366    i.HAL_FSMC_MspInit  stm32f4xx_hal_msp.o
    0x08002028   0x08002028   0x000001f4   Code   RO         1002    i.HAL_GPIO_Init     stm32f4xx_hal_gpio.o
    0x0800221c   0x0800221c   0x0000000c   Code   RO         1006    i.HAL_GPIO_WritePin  stm32f4xx_hal_gpio.o
    0x08002228   0x08002228   0x0000000c   Code   RO         1539    i.HAL_GetTick       stm32f4xx_hal.o
    0x08002234   0x08002234   0x000001d0   Code   RO         2056    i.HAL_I2C_Init      stm32f4xx_hal_i2c.o
    0x08002404   0x08002404   0x000002f8   Code   RO         2062    i.HAL_I2C_Master_Receive  stm32f4xx_hal_i2c.o
    0x080026fc   0x080026fc   0x00000170   Code   RO         2069    i.HAL_I2C_Master_Transmit  stm32f4xx_hal_i2c.o
    0x0800286c   0x0800286c   0x00000088   Code   RO          368    i.HAL_I2C_MspInit   stm32f4xx_hal_msp.o
    0x080028f4   0x080028f4   0x00000018   Code   RO         1545    i.HAL_IncTick       stm32f4xx_hal.o
    0x0800290c   0x0800290c   0x0000003c   Code   RO         1546    i.HAL_Init          stm32f4xx_hal.o
    0x08002948   0x08002948   0x0000004c   Code   RO         1547    i.HAL_InitTick      stm32f4xx_hal.o
    0x08002994   0x08002994   0x00000048   Code   RO          369    i.HAL_MspInit       stm32f4xx_hal_msp.o
    0x080029dc   0x080029dc   0x00000020   Code   RO         1391    i.HAL_NVIC_EnableIRQ  stm32f4xx_hal_cortex.o
    0x080029fc   0x080029fc   0x0000007c   Code   RO         1397    i.HAL_NVIC_SetPriority  stm32f4xx_hal_cortex.o
    0x08002a78   0x08002a78   0x00000028   Code   RO         1398    i.HAL_NVIC_SetPriorityGrouping  stm32f4xx_hal_cortex.o
    0x08002aa0   0x08002aa0   0x00000184   Code   RO          603    i.HAL_RCC_ClockConfig  stm32f4xx_hal_rcc.o
    0x08002c24   0x08002c24   0x0000000c   Code   RO          608    i.HAL_RCC_GetHCLKFreq  stm32f4xx_hal_rcc.o
    0x08002c30   0x08002c30   0x00000020   Code   RO          610    i.HAL_RCC_GetPCLK1Freq  stm32f4xx_hal_rcc.o
    0x08002c50   0x08002c50   0x000000b0   Code   RO          612    i.HAL_RCC_GetSysClockFreq  stm32f4xx_hal_rcc.o
    0x08002d00   0x08002d00   0x000000c0   Code   RO          613    i.HAL_RCC_MCOConfig  stm32f4xx_hal_rcc.o
    0x08002dc0   0x08002dc0   0x0000049c   Code   RO          615    i.HAL_RCC_OscConfig  stm32f4xx_hal_rcc.o
    0x0800325c   0x0800325c   0x0000005e   Code   RO         1914    i.HAL_SRAM_Init     stm32f4xx_hal_sram.o
    0x080032ba   0x080032ba   0x0000000a   Code   RO          371    i.HAL_SRAM_MspInit  stm32f4xx_hal_msp.o
    0x080032c4   0x080032c4   0x00000034   Code   RO         1402    i.HAL_SYSTICK_Config  stm32f4xx_hal_cortex.o
    0x080032f8   0x080032f8   0x00000004   Code   RO          276    i.HardFault_Handler  stm32f4xx_it.o
    0x080032fc   0x080032fc   0x0000003e   Code   RO         2099    i.I2C_IsAcknowledgeFailed  stm32f4xx_hal_i2c.o
    0x0800333a   0x0800333a   0x00000002   PAD
    0x0800333c   0x0800333c   0x00000138   Code   RO         2102    i.I2C_MasterRequestRead  stm32f4xx_hal_i2c.o
    0x08003474   0x08003474   0x000000c0   Code   RO         2103    i.I2C_MasterRequestWrite  stm32f4xx_hal_i2c.o
    0x08003534   0x08003534   0x0000005c   Code   RO         2119    i.I2C_WaitOnBTFFlagUntilTimeout  stm32f4xx_hal_i2c.o
    0x08003590   0x08003590   0x00000086   Code   RO         2120    i.I2C_WaitOnFlagUntilTimeout  stm32f4xx_hal_i2c.o
    0x08003616   0x08003616   0x000000c4   Code   RO         2121    i.I2C_WaitOnMasterAddressFlagUntilTimeout  stm32f4xx_hal_i2c.o
    0x080036da   0x080036da   0x00000080   Code   RO         2122    i.I2C_WaitOnRXNEFlagUntilTimeout  stm32f4xx_hal_i2c.o
    0x0800375a   0x0800375a   0x0000005c   Code   RO         2125    i.I2C_WaitOnTXEFlagUntilTimeout  stm32f4xx_hal_i2c.o
    0x080037b6   0x080037b6   0x00000002   PAD
    0x080037b8   0x080037b8   0x00000034   Code   RO           18    i.MX_DCMI_Init      main.o
    0x080037ec   0x080037ec   0x00000038   Code   RO           19    i.MX_DMA_Init       main.o
    0x08003824   0x08003824   0x0000007c   Code   RO           20    i.MX_FSMC_Init      main.o
    0x080038a0   0x080038a0   0x00000110   Code   RO           21    i.MX_GPIO_Init      main.o
    0x080039b0   0x080039b0   0x0000003c   Code   RO           22    i.MX_I2C2_Init      main.o
    0x080039ec   0x080039ec   0x00000004   Code   RO          277    i.MemManage_Handler  stm32f4xx_it.o
    0x080039f0   0x080039f0   0x00000004   Code   RO          278    i.NMI_Handler       stm32f4xx_it.o
    0x080039f4   0x080039f4   0x00000002   Code   RO          279    i.PendSV_Handler    stm32f4xx_it.o
    0x080039f6   0x080039f6   0x00000002   Code   RO          280    i.SVC_Handler       stm32f4xx_it.o
    0x080039f8   0x080039f8   0x00000008   Code   RO          281    i.SysTick_Handler   stm32f4xx_it.o
    0x08003a00   0x08003a00   0x000000c8   Code   RO           23    i.SystemClock_Config  main.o
    0x08003ac8   0x08003ac8   0x00000014   Code   RO         2572    i.SystemInit        system_stm32f4xx.o
    0x08003adc   0x08003adc   0x00000004   Code   RO          282    i.UsageFault_Handler  stm32f4xx_it.o
    0x08003ae0   0x08003ae0   0x00000010   Code   RO         1404    i.__NVIC_GetPriorityGrouping  stm32f4xx_hal_cortex.o
    0x08003af0   0x08003af0   0x00000028   Code   RO         1405    i.__NVIC_SetPriority  stm32f4xx_hal_cortex.o
    0x08003b18   0x08003b18   0x00000058   Code   RO           24    i.configure_camera  main.o
    0x08003b70   0x08003b70   0x00000034   Code   RO           25    i.configure_display  main.o
    0x08003ba4   0x08003ba4   0x0000002e   Code   RO         2605    i.decolorize        ili9341_tft_driver.o
    0x08003bd2   0x08003bd2   0x00000016   Code   RO         2606    i.ili9341_calculate_pixels_amount  ili9341_tft_driver.o
    0x08003be8   0x08003be8   0x00000024   Code   RO         2607    i.ili9341_check_link  ili9341_tft_driver.o
    0x08003c0c   0x08003c0c   0x00000030   Code   RO         2608    i.ili9341_display_on  ili9341_tft_driver.o
    0x08003c3c   0x08003c3c   0x00000018   Code   RO         2609    i.ili9341_get_max_area  ili9341_tft_driver.o
    0x08003c54   0x08003c54   0x00000028   Code   RO         2610    i.ili9341_is_not_valid_coordinates  ili9341_tft_driver.o
    0x08003c7c   0x08003c7c   0x00000948   Code   RO         2611    i.ili9341_send_default_registers  ili9341_tft_driver.o
    0x080045c4   0x080045c4   0x00000038   Code   RO         2612    i.ili9341_soft_reset  ili9341_tft_driver.o
    0x080045fc   0x080045fc   0x00000020   Code   RO         2613    i.ili9341_tft_driver_clear  ili9341_tft_driver.o
    0x0800461c   0x0800461c   0x0000008c   Code   RO         2615    i.ili9341_tft_driver_draw_image  ili9341_tft_driver.o
    0x080046a8   0x080046a8   0x00000088   Code   RO         2616    i.ili9341_tft_driver_fill_area  ili9341_tft_driver.o
    0x08004730   0x08004730   0x000000bc   Code   RO         2618    i.ili9341_tft_driver_get_id  ili9341_tft_driver.o
    0x080047ec   0x080047ec   0x00000044   Code   RO         2619    i.ili9341_tft_driver_init  ili9341_tft_driver.o
    0x08004830   0x08004830   0x00000028   Code   RO         2620    i.ili9341_tft_driver_set_area  ili9341_tft_driver.o
    0x08004858   0x08004858   0x000000f0   Code   RO         2622    i.ili9341_write_x_coordinates  ili9341_tft_driver.o
    0x08004948   0x08004948   0x000000f0   Code   RO         2623    i.ili9341_write_y_coordinates  ili9341_tft_driver.o
    0x08004a38   0x08004a38   0x00000030   Code   RO         2624    i.io_delay          ili9341_tft_driver.o
    0x08004a68   0x08004a68   0x0000003c   Code   RO         2625    i.io_dummy_read     ili9341_tft_driver.o
    0x08004aa4   0x08004aa4   0x00000030   Code   RO         2626    i.io_enable_backlight  ili9341_tft_driver.o
    0x08004ad4   0x08004ad4   0x0000002c   Code   RO         2627    i.io_init           ili9341_tft_driver.o
    0x08004b00   0x08004b00   0x00000038   Code   RO           26    i.main              main.o
    0x08004b38   0x08004b38   0x0000005c   Code   RO         2744    i.ov7670_check_link  ov7670.o
    0x08004b94   0x08004b94   0x0000003c   Code   RO         2745    i.ov7670_create     ov7670.o
    0x08004bd0   0x08004bd0   0x0000002c   Code   RO         2747    i.ov7670_enable_color_image  ov7670.o
    0x08004bfc   0x08004bfc   0x0000000c   Code   RO         2748    i.ov7670_frame_received  ov7670.o
    0x08004c08   0x08004c08   0x00000038   Code   RO         2750    i.ov7670_reset      ov7670.o
    0x08004c40   0x08004c40   0x0000002c   Code   RO         2751    i.ov7670_send_captured_frame  ov7670.o
    0x08004c6c   0x08004c6c   0x0000001e   Code   RO         2752    i.ov7670_send_default_registers  ov7670.o
    0x08004c8a   0x08004c8a   0x00000002   PAD
    0x08004c8c   0x08004c8c   0x0000002c   Code   RO         2753    i.ov7670_set_edge_enhancement_factor  ov7670.o
    0x08004cb8   0x08004cb8   0x0000002c   Code   RO         2754    i.ov7670_set_fast_auto_exposure_and_gain_control  ov7670.o
    0x08004ce4   0x08004ce4   0x00000034   Code   RO         2755    i.ov7670_set_plck_prescalar  ov7670.o
    0x08004d18   0x08004d18   0x00000054   Code   RO         2756    i.ov7670_set_qcif   ov7670.o
    0x08004d6c   0x08004d6c   0x000000f0   Code   RO         2757    i.ov7670_set_rgb_format  ov7670.o
    0x08004e5c   0x08004e5c   0x0000002c   Code   RO         2759    i.ov7670_set_uv_auto_adjustment  ov7670.o
    0x08004e88   0x08004e88   0x00000028   Code   RO         2760    i.ov7670_start_capture  ov7670.o
    0x08004eb0   0x08004eb0   0x00000014   Code   RO           27    i.tft_enable_backlight  main.o
    0x08004ec4   0x08004ec4   0x0000000a   Code   RO           28    i.tft_init          main.o
    0x08004ece   0x08004ece   0x00000002   PAD
    0x08004ed0   0x08004ed0   0x00000024   Code   RO           29    i.tft_read_data     main.o
    0x08004ef4   0x08004ef4   0x0000000c   Code   RO           30    i.tft_write_data    main.o
    0x08004f00   0x08004f00   0x00000008   Code   RO           31    i.tft_write_reg     main.o
    0x08004f08   0x08004f08   0x0000000a   Code   RO         3230    x$fpl$fpinit        fz_wm.l(fpinit.o)
    0x08004f12   0x08004f12   0x00000002   PAD
    0x08004f14   0x08004f14   0x0000001c   Data   RO           33    .constdata          main.o
    0x08004f30   0x08004f30   0x00000008   Data   RO         1121    .constdata          stm32f4xx_hal_dma.o
    0x08004f38   0x08004f38   0x00000018   Data   RO         2573    .constdata          system_stm32f4xx.o
    0x08004f50   0x08004f50   0x00000008   Data   RO         2628    .constdata          ili9341_tft_driver.o
    0x08004f58   0x08004f58   0x00000020   Data   RO         3319    Region$$Table       anon$$obj.o


    Execution Region RW_IRAM1 (Exec base: 0x20000000, Load base: 0x08004f78, Size: 0x00010568, Max: 0x0001c000, ABSOLUTE)

    Exec Addr    Load Addr    Size         Type   Attr      Idx    E Section Name        Object

    0x20000000   0x08004f78   0x00000008   Data   RW          372    .data               stm32f4xx_hal_msp.o
    0x20000008   0x08004f80   0x00000009   Data   RW         1553    .data               stm32f4xx_hal.o
    0x20000011   0x08004f89   0x00000003   PAD
    0x20000014   0x08004f8c   0x00000004   Data   RW         2574    .data               system_stm32f4xx.o
    0x20000018   0x08004f90   0x00000004   Data   RW         2629    .data               ili9341_tft_driver.o
    0x2000001c   0x08004f94   0x0000000e   Data   RW         2762    .data               ov7670.o
    0x2000002a   0x08004fa2   0x00000002   PAD
    0x2000002c        -       0x0000015c   Zero   RW           32    .bss                main.o
    0x20000188        -       0x0000c180   Zero   RW         2761    .bss                ov7670.o
    0x2000c308        -       0x00000060   Zero   RW         3194    .bss                c_w.l(libspace.o)
    0x2000c368        -       0x00000200   Zero   RW            2    HEAP                startup_stm32f407xx.o
    0x2000c568        -       0x00004000   Zero   RW            1    STACK               startup_stm32f407xx.o


    Execution Region RW_IRAM2 (Exec base: 0x2001c000, Load base: 0x08004fa4, Size: 0x00000000, Max: 0x00004000, ABSOLUTE)

    **** No section assigned to this execution region ****


==============================================================================

Image component sizes


      Code (inc. data)   RO Data    RW Data    ZI Data      Debug   Object Name

      3932         76          8          4          0      27070   ili9341_tft_driver.o
      1070         92         28          0        348     692211   main.o
       886         92          0         14      49536      12221   ov7670.o
        64         26        392          0      16896        892   startup_stm32f407xx.o
       212         36          0          9          0       9769   stm32f4xx_hal.o
       304         22          0          0          0      34775   stm32f4xx_hal_cortex.o
       638         16          0          0          0       3743   stm32f4xx_hal_dcmi.o
       146          0          0          0          0       1192   stm32f4xx_hal_dcmi_ex.o
      1264         16          8          0          0       6566   stm32f4xx_hal_dma.o
      4106         34          0          0          0       5133   stm32f4xx_hal_dma_ex.o
       512         46          0          0          0       2252   stm32f4xx_hal_gpio.o
      2800         48          0          0          0      11990   stm32f4xx_hal_i2c.o
       778         64          0          8          0       4398   stm32f4xx_hal_msp.o
      1980         88          0          0          0       6269   stm32f4xx_hal_rcc.o
        94          0          0          0          0       1300   stm32f4xx_hal_sram.o
        66         12          0          0          0       5726   stm32f4xx_it.o
       254         10          0          0          0       4099   stm32f4xx_ll_fsmc.o
        20          6         24          4          0       1271   system_stm32f4xx.o

    ----------------------------------------------------------------------
     19140        684        492         44      66780     830877   Object Totals
         0          0         32          0          0          0   (incl. Generated)
        14          0          0          5          0          0   (incl. Padding)

    ----------------------------------------------------------------------

      Code (inc. data)   RO Data    RW Data    ZI Data      Debug   Library Member Name

         8          0          0          0          0         68   __main.o
         0          0          0          0          0          0   __rtentry.o
        12          0          0          0          0          0   __rtentry2.o
         6          0          0          0          0          0   __rtentry4.o
        52          8          0          0          0          0   __scatter.o
        26          0          0          0          0          0   __scatter_copy.o
        28          0          0          0          0          0   __scatter_zi.o
        18          0          0          0          0         80   exit.o
         6          0          0          0          0        152   heapauxi.o
         0          0          0          0          0          0   indicate_semi.o
         2          0          0          0          0          0   libinit.o
         6          0          0          0          0          0   libinit2.o
         2          0          0          0          0          0   libshutdown.o
         2          0          0          0          0          0   libshutdown2.o
         8          4          0          0         96         68   libspace.o
       238          0          0          0          0        100   lludivv7m.o
        78          0          0          0          0         80   rt_memclr_w.o
       100          0          0          0          0         80   rt_memcpy_w.o
         2          0          0          0          0          0   rtexit.o
        10          0          0          0          0          0   rtexit2.o
        12          4          0          0          0         68   sys_exit.o
        74          0          0          0          0         80   sys_stackheap_outer.o
         2          0          0          0          0         68   use_no_semi.o
        10          0          0          0          0        116   fpinit.o

    ----------------------------------------------------------------------
       712         16          0          0         96        960   Library Totals
        10          0          0          0          0          0   (incl. Padding)

    ----------------------------------------------------------------------

      Code (inc. data)   RO Data    RW Data    ZI Data      Debug   Library Name

       692         16          0          0         96        844   c_w.l
        10          0          0          0          0        116   fz_wm.l

    ----------------------------------------------------------------------
       712         16          0          0         96        960   Library Totals

    ----------------------------------------------------------------------

==============================================================================


      Code (inc. data)   RO Data    RW Data    ZI Data      Debug   

     19852        700        492         44      66876     820325   Grand Totals
     19852        700        492         44      66876     820325   ELF Image Totals
     19852        700        492         44          0          0   ROM Totals

==============================================================================

    Total RO  Size (Code + RO Data)                20344 (  19.87kB)
    Total RW  Size (RW Data + ZI Data)             66920 (  65.35kB)
    Total ROM Size (Code + RO Data + RW Data)      20388 (  19.91kB)

==============================================================================

