Archive member included to satisfy reference by file (symbol)

/usr/src/arm-gnu-toolchain-13.3/bin/../lib/gcc/arm-none-eabi/13.3.1/../../../../arm-none-eabi/lib/thumb/v7e-m+fp/hard/libc_nano.a(libc_a-exit.o)
                              /usr/src/arm-gnu-toolchain-13.3/bin/../lib/gcc/arm-none-eabi/13.3.1/../../../../arm-none-eabi/lib/thumb/v7e-m+fp/hard/crt0.o (exit)
/usr/src/arm-gnu-toolchain-13.3/bin/../lib/gcc/arm-none-eabi/13.3.1/../../../../arm-none-eabi/lib/thumb/v7e-m+fp/hard/libc_nano.a(libc_a-init.o)
                              /usr/src/arm-gnu-toolchain-13.3/bin/../lib/gcc/arm-none-eabi/13.3.1/../../../../arm-none-eabi/lib/thumb/v7e-m+fp/hard/crt0.o (__libc_init_array)
/usr/src/arm-gnu-toolchain-13.3/bin/../lib/gcc/arm-none-eabi/13.3.1/../../../../arm-none-eabi/lib/thumb/v7e-m+fp/hard/libc_nano.a(libc_a-memset.o)
                              /usr/src/arm-gnu-toolchain-13.3/bin/../lib/gcc/arm-none-eabi/13.3.1/../../../../arm-none-eabi/lib/thumb/v7e-m+fp/hard/crt0.o (memset)
/usr/src/arm-gnu-toolchain-13.3/bin/../lib/gcc/arm-none-eabi/13.3.1/../../../../arm-none-eabi/lib/thumb/v7e-m+fp/hard/libc_nano.a(libc_a-malloc.o)
                              build/integral_image.o (malloc)
/usr/src/arm-gnu-toolchain-13.3/bin/../lib/gcc/arm-none-eabi/13.3.1/../../../../arm-none-eabi/lib/thumb/v7e-m+fp/hard/libc_nano.a(libc_a-mallocr.o)
                              /usr/src/arm-gnu-toolchain-13.3/bin/../lib/gcc/arm-none-eabi/13.3.1/../../../../arm-none-eabi/lib/thumb/v7e-m+fp/hard/libc_nano.a(libc_a-malloc.o) (_malloc_r)
/usr/src/arm-gnu-toolchain-13.3/bin/../lib/gcc/arm-none-eabi/13.3.1/../../../../arm-none-eabi/lib/thumb/v7e-m+fp/hard/libc_nano.a(libc_a-impure.o)
                              /usr/src/arm-gnu-toolchain-13.3/bin/../lib/gcc/arm-none-eabi/13.3.1/../../../../arm-none-eabi/lib/thumb/v7e-m+fp/hard/libc_nano.a(libc_a-malloc.o) (_impure_ptr)
/usr/src/arm-gnu-toolchain-13.3/bin/../lib/gcc/arm-none-eabi/13.3.1/../../../../arm-none-eabi/lib/thumb/v7e-m+fp/hard/libc_nano.a(libc_a-memcpy-stub.o)
                              build/integral_image.o (memcpy)
/usr/src/arm-gnu-toolchain-13.3/bin/../lib/gcc/arm-none-eabi/13.3.1/../../../../arm-none-eabi/lib/thumb/v7e-m+fp/hard/libc_nano.a(libc_a-findfp.o)
                              /usr/src/arm-gnu-toolchain-13.3/bin/../lib/gcc/arm-none-eabi/13.3.1/../../../../arm-none-eabi/lib/thumb/v7e-m+fp/hard/libc_nano.a(libc_a-exit.o) (__stdio_exit_handler)
/usr/src/arm-gnu-toolchain-13.3/bin/../lib/gcc/arm-none-eabi/13.3.1/../../../../arm-none-eabi/lib/thumb/v7e-m+fp/hard/libc_nano.a(libc_a-stdio.o)
                              /usr/src/arm-gnu-toolchain-13.3/bin/../lib/gcc/arm-none-eabi/13.3.1/../../../../arm-none-eabi/lib/thumb/v7e-m+fp/hard/libc_nano.a(libc_a-findfp.o) (__sread)
/usr/src/arm-gnu-toolchain-13.3/bin/../lib/gcc/arm-none-eabi/13.3.1/../../../../arm-none-eabi/lib/thumb/v7e-m+fp/hard/libc_nano.a(libc_a-mlock.o)
                              /usr/src/arm-gnu-toolchain-13.3/bin/../lib/gcc/arm-none-eabi/13.3.1/../../../../arm-none-eabi/lib/thumb/v7e-m+fp/hard/libc_nano.a(libc_a-mallocr.o) (__malloc_lock)
/usr/src/arm-gnu-toolchain-13.3/bin/../lib/gcc/arm-none-eabi/13.3.1/../../../../arm-none-eabi/lib/thumb/v7e-m+fp/hard/libc_nano.a(libc_a-calloc.o)
                              build/lbp_feature.o (calloc)
/usr/src/arm-gnu-toolchain-13.3/bin/../lib/gcc/arm-none-eabi/13.3.1/../../../../arm-none-eabi/lib/thumb/v7e-m+fp/hard/libc_nano.a(libc_a-callocr.o)
                              /usr/src/arm-gnu-toolchain-13.3/bin/../lib/gcc/arm-none-eabi/13.3.1/../../../../arm-none-eabi/lib/thumb/v7e-m+fp/hard/libc_nano.a(libc_a-calloc.o) (_calloc_r)
/usr/src/arm-gnu-toolchain-13.3/bin/../lib/gcc/arm-none-eabi/13.3.1/../../../../arm-none-eabi/lib/thumb/v7e-m+fp/hard/libc_nano.a(libc_a-lseekr.o)
                              /usr/src/arm-gnu-toolchain-13.3/bin/../lib/gcc/arm-none-eabi/13.3.1/../../../../arm-none-eabi/lib/thumb/v7e-m+fp/hard/libc_nano.a(libc_a-stdio.o) (_lseek_r)
/usr/src/arm-gnu-toolchain-13.3/bin/../lib/gcc/arm-none-eabi/13.3.1/../../../../arm-none-eabi/lib/thumb/v7e-m+fp/hard/libc_nano.a(libc_a-readr.o)
                              /usr/src/arm-gnu-toolchain-13.3/bin/../lib/gcc/arm-none-eabi/13.3.1/../../../../arm-none-eabi/lib/thumb/v7e-m+fp/hard/libc_nano.a(libc_a-stdio.o) (_read_r)
/usr/src/arm-gnu-toolchain-13.3/bin/../lib/gcc/arm-none-eabi/13.3.1/../../../../arm-none-eabi/lib/thumb/v7e-m+fp/hard/libc_nano.a(libc_a-sbrkr.o)
                              /usr/src/arm-gnu-toolchain-13.3/bin/../lib/gcc/arm-none-eabi/13.3.1/../../../../arm-none-eabi/lib/thumb/v7e-m+fp/hard/libc_nano.a(libc_a-mallocr.o) (_sbrk_r)
/usr/src/arm-gnu-toolchain-13.3/bin/../lib/gcc/arm-none-eabi/13.3.1/../../../../arm-none-eabi/lib/thumb/v7e-m+fp/hard/libc_nano.a(libc_a-fwalk.o)
                              /usr/src/arm-gnu-toolchain-13.3/bin/../lib/gcc/arm-none-eabi/13.3.1/../../../../arm-none-eabi/lib/thumb/v7e-m+fp/hard/libc_nano.a(libc_a-findfp.o) (_fwalk_sglue)
[...]
Memory Configuration

Name             Origin             Length             Attributes
RAM              0x20000000         0x00020000         xrw
CCMRAM           0x10000000         0x00010000         xrw
FLASH            0x08000000         0x00080000         xr
*default*        0x00000000         0xffffffff

Linker script and memory map

LOAD /usr/src/arm-gnu-toolchain-13.3/bin/../lib/gcc/arm-none-eabi/13.3.1/thumb/v7e-m+fp/hard/crti.o
LOAD /usr/src/arm-gnu-toolchain-13.3/bin/../lib/gcc/arm-none-eabi/13.3.1/thumb/v7e-m+fp/hard/crtbegin.o
LOAD /usr/src/arm-gnu-toolchain-13.3/bin/../lib/gcc/arm-none-eabi/13.3.1/../../../../arm-none-eabi/lib/thumb/v7e-m+fp/hard/crt0.o
LOAD build/ili9341_tft_driver.o
LOAD build/ov7670.o
LOAD build/integral_image.o
LOAD build/lbp_feature.o
LOAD build/stage.o
LOAD build/binary_stage_parser.o
LOAD build/face_detector.o
LOAD build/face_detector_builder.o
LOAD build/main.o
LOAD build/stm32f4xx_it.o
LOAD build/stm32f4xx_hal_msp.o
LOAD build/stm32f4xx_hal_dcmi.o
LOAD build/stm32f4xx_hal_dcmi_ex.o
LOAD build/stm32f4xx_hal_rcc.o
LOAD build/stm32f4xx_hal_rcc_ex.o
LOAD build/stm32f4xx_hal_flash.o
LOAD build/stm32f4xx_hal_flash_ex.o
LOAD build/stm32f4xx_hal_flash_ramfunc.o
LOAD build/stm32f4xx_hal_gpio.o
LOAD build/stm32f4xx_hal_dma_ex.o
LOAD build/stm32f4xx_hal_dma.o
LOAD build/stm32f4xx_hal_pwr.o
LOAD build/stm32f4xx_hal_pwr_ex.o
LOAD build/stm32f4xx_hal_cortex.o
LOAD build/stm32f4xx_hal.o
LOAD build/stm32f4xx_hal_exti.o
LOAD build/stm32f4xx_ll_fsmc.o
LOAD build/stm32f4xx_hal_sram.o
LOAD build/stm32f4xx_hal_i2c.o
LOAD build/stm32f4xx_hal_i2c_ex.o
LOAD build/stm32f4xx_hal_tim.o
LOAD build/stm32f4xx_hal_tim_ex.o
LOAD build/system_stm32f4xx.o
LOAD build/startup_stm32f407xx.o
LOAD Data/lbpcascade_frontalface_32_improved_integer.o
LOAD /usr/src/arm-gnu-toolchain-13.3/bin/../lib/gcc/arm-none-eabi/13.3.1/../../../../arm-none-eabi/lib/thumb/v7e-m+fp/hard/libc_nano.a
LOAD /usr/src/arm-gnu-toolchain-13.3/bin/../lib/gcc/arm-none-eabi/13.3.1/../../../../arm-none-eabi/lib/thumb/v7e-m+fp/hard/libm.a
LOAD /usr/src/arm-gnu-toolchain-13.3/bin/../lib/gcc/arm-none-eabi/13.3.1/../../../../arm-none-eabi/lib/thumb/v7e-m+fp/hard/libnosys.a
START GROUP
LOAD /usr/src/arm-gnu-toolchain-13.3/bin/../lib/gcc/arm-none-eabi/13.3.1/thumb/v7e-m+fp/hard/libgcc.a
LOAD /usr/src/arm-gnu-toolchain-13.3/bin/../lib/gcc/arm-none-eabi/13.3.1/../../../../arm-none-eabi/lib/thumb/v7e-m+fp/hard/libc_nano.a
END GROUP
START GROUP
LOAD /usr/src/arm-gnu-toolchain-13.3/bin/../lib/gcc/arm-none-eabi/13.3.1/thumb/v7e-m+fp/hard/libgcc.a
LOAD /usr/src/arm-gnu-toolchain-13.3/bin/../lib/gcc/arm-none-eabi/13.3.1/../../../../arm-none-eabi/lib/thumb/v7e-m+fp/hard/libc_nano.a
END GROUP
LOAD /usr/src/arm-gnu-toolchain-13.3/bin/../lib/gcc/arm-none-eabi/13.3.1/thumb/v7e-m+fp/hard/crtend.o
LOAD /usr/src/arm-gnu-toolchain-13.3/bin/../lib/gcc/arm-none-eabi/13.3.1/thumb/v7e-m+fp/hard/crtn.o
                0x20020000                        _estack = (ORIGIN (RAM) + LENGTH (RAM))
                0x0000d6d8                        _Min_Heap_Size = 0xd6d8
                0x00004000                        _Min_Stack_Size = 0x4000

.isr_vector     0x08000000      0x188
                0x08000000                        . = ALIGN (0x4)
 *(.isr_vector)
 .isr_vector    0x08000000      0x188 build/startup_stm32f407xx.o
                0x08000000                g_pfnVectors
                0x08000188                        . = ALIGN (0x4)

.text           0x08000188     0x5058
                0x08000188                        . = ALIGN (0x4)
 *(.text)
 .text          0x08000188       0x30 /usr/src/arm-gnu-toolchain-13.3/bin/../lib/gcc/arm-none-eabi/13.3.1/thumb/v7e-m+fp/hard/libgcc.a(_aeabi_uldivmod.o)
                0x08000188                __aeabi_uldivmod
 .text          0x080001b8        0x4 /usr/src/arm-gnu-toolchain-13.3/bin/../lib/gcc/arm-none-eabi/13.3.1/thumb/v7e-m+fp/hard/libgcc.a(_dvmd_tls.o)
                0x080001b8                __aeabi_ldiv0
                0x080001b8                __aeabi_idiv0
 *(.text*)
 .text.deregister_tm_clones
                0x080001bc       0x1c /usr/src/arm-gnu-toolchain-13.3/bin/../lib/gcc/arm-none-eabi/13.3.1/thumb/v7e-m+fp/hard/crtbegin.o
 .text.register_tm_clones
                0x080001d8       0x24 /usr/src/arm-gnu-toolchain-13.3/bin/../lib/gcc/arm-none-eabi/13.3.1/thumb/v7e-m+fp/hard/crtbegin.o
 .text.__do_global_dtors_aux
                0x080001fc       0x28 /usr/src/arm-gnu-toolchain-13.3/bin/../lib/gcc/arm-none-eabi/13.3.1/thumb/v7e-m+fp/hard/crtbegin.o
 .text.frame_dummy
                0x08000224       0x24 /usr/src/arm-gnu-toolchain-13.3/bin/../lib/gcc/arm-none-eabi/13.3.1/thumb/v7e-m+fp/hard/crtbegin.o
 .text.ili9341_display_on
                0x08000248       0x18 build/ili9341_tft_driver.o
 .text.ili9341_is_not_valid_coordinates
                0x08000260       0x2e build/ili9341_tft_driver.o
 *fill*         0x0800028e        0x2 
 .text.ili9341_write_x_coordinates
                0x08000290       0x8c build/ili9341_tft_driver.o
 .text.ili9341_write_y_coordinates
                0x0800031c       0x8c build/ili9341_tft_driver.o
 .text.ili9341_calculate_pixels_amount
                0x080003a8       0x14 build/ili9341_tft_driver.o
 .text.ili9341_get_max_area
                0x080003bc       0x14 build/ili9341_tft_driver.o
 .text.io_init  0x080003d0       0x20 build/ili9341_tft_driver.o
 .text.io_delay
                0x080003f0       0x20 build/ili9341_tft_driver.o
 .text.ili9341_soft_reset
                0x08000410       0x1c build/ili9341_tft_driver.o
 .text.ili9341_send_default_registers
                0x0800042c      0x2a8 build/ili9341_tft_driver.o
 .text.io_dummy_read
                0x080006d4       0x34 build/ili9341_tft_driver.o
 .text.io_enable_backlight
                0x08000708       0x20 build/ili9341_tft_driver.o
 .text.ili9341_tft_driver_get_id
                0x08000728       0x70 build/ili9341_tft_driver.o
                0x08000728                ili9341_tft_driver_get_id
 .text.ili9341_check_link
                0x08000798       0x2c build/ili9341_tft_driver.o
 .text.ili9341_tft_driver_set_area
                0x080007c4       0x26 build/ili9341_tft_driver.o
                0x080007c4                ili9341_tft_driver_set_area
 *fill*         0x080007ea        0x2 
 .text.ili9341_tft_driver_fill_area
                0x080007ec       0x58 build/ili9341_tft_driver.o
                0x080007ec                ili9341_tft_driver_fill_area
 .text.ili9341_tft_driver_draw_image
                0x08000844       0x68 build/ili9341_tft_driver.o
                0x08000844                ili9341_tft_driver_draw_image
 .text.ili9341_tft_driver_clear
                0x080008ac       0x24 build/ili9341_tft_driver.o
                0x080008ac                ili9341_tft_driver_clear
 .text.ili9341_tft_driver_init
                0x080008d0       0x48 build/ili9341_tft_driver.o
                0x080008d0                ili9341_tft_driver_init
 .text.ov7670_set_fast_auto_exposure_and_gain_control
                0x08000918       0x30 build/ov7670.o
 .text.ov7670_set_edge_enhancement_factor
                0x08000948       0x30 build/ov7670.o
 .text.ov7670_set_uv_auto_adjustment
                0x08000978       0x30 build/ov7670.o
 .text.ov7670_enable_color_image
                0x080009a8       0x30 build/ov7670.o
 .text.ov7670_create
                0x080009d8       0x2c build/ov7670.o
                0x080009d8                ov7670_create
 .text.ov7670_check_link
                0x08000a04       0x54 build/ov7670.o
                0x08000a04                ov7670_check_link
 .text.ov7670_reset
                0x08000a58       0x38 build/ov7670.o
                0x08000a58                ov7670_reset
 .text.ov7670_start_capture
                0x08000a90       0x28 build/ov7670.o
                0x08000a90                ov7670_start_capture
 .text.ov7670_frame_received
                0x08000ab8        0xc build/ov7670.o
                0x08000ab8                ov7670_frame_received
 .text.ov7670_send_captured_frame
                0x08000ac4       0x28 build/ov7670.o
                0x08000ac4                ov7670_send_captured_frame
 .text.ov7670_set_rgb_format
                0x08000aec       0xd4 build/ov7670.o
                0x08000aec                ov7670_set_rgb_format
 .text.ov7670_send_default_registers
                0x08000bc0       0x22 build/ov7670.o
                0x08000bc0                ov7670_send_default_registers
 *fill*         0x08000be2        0x2 
 .text.ov7670_set_plck_prescalar
                0x08000be4       0x30 build/ov7670.o
                0x08000be4                ov7670_set_plck_prescalar
 .text.ov7670_set_qcif
                0x08000c14       0x4c build/ov7670.o
                0x08000c14                ov7670_set_qcif
 .text.integral_image_calculate_top_line
                0x08000c60       0x24 build/integral_image.o
 .text.integral_image_calculate_start_column
                0x08000c84       0x2c build/integral_image.o
 .text.integral_image_calculate_initial_column_and_line
                0x08000cb0        0xc build/integral_image.o
 .text.integral_image_calculate_other_elements
                0x08000cbc       0x70 build/integral_image.o
 .text.integral_image_fill_line
                0x08000d2c       0x30 build/integral_image.o
 .text.integral_image_create
                0x08000d5c       0x4c build/integral_image.o
                0x08000d5c                integral_image_create
 .text.integral_image_set
                0x08000da8       0x20 build/integral_image.o
                0x08000da8                integral_image_set
 .text.integral_image_destroy
                0x08000dc8       0x1c build/integral_image.o
                0x08000dc8                integral_image_destroy
 .text.integral_image_calculate
                0x08000de4        0xc build/integral_image.o
                0x08000de4                integral_image_calculate
 .text.integral_image_get_rectangle
                0x08000df0       0x54 build/integral_image.o
                0x08000df0                integral_image_get_rectangle
 .text.lbp_feature_get_score
                0x08000e44      0x1f4 build/lbp_feature.o
 .text.lbp_feature_allocate_scaled_rectangles
                0x08001038       0x30 build/lbp_feature.o
 .text.lbp_feature_set_integral_image_handler
                0x08001068        0xc build/lbp_feature.o
                0x08001068                lbp_feature_set_integral_image_handler
 .text.lbp_feature_generate_scaled_rectangles
                0x08001074       0xb6 build/lbp_feature.o
                0x08001074                lbp_feature_generate_scaled_rectangles
 .text.lbp_feature_calculate_vote
                0x0800112a       0x3c build/lbp_feature.o
                0x0800112a                lbp_feature_calculate_vote
 .text.lbp_feature_destroy
                0x08001166       0x32 build/lbp_feature.o
                0x08001166                lbp_feature_destroy
 .text.stage_set_feature_handler
                0x08001198       0x20 build/stage.o
                0x08001198                stage_set_feature_handler
 .text.stage_calculate_scaled_features
                0x080011b8       0x30 build/stage.o
                0x080011b8                stage_calculate_scaled_features
 .text.stage_calculate_prediction
                0x080011e8       0x5c build/stage.o
                0x080011e8                stage_calculate_prediction
 .text.binary_stage_parser_create
                0x08001244       0x18 build/binary_stage_parser.o
                0x08001244                binary_stage_parser_create
 .text.face_detector_reset_faces_arrays
                0x0800125c       0x14 build/face_detector.o
 .text.face_detector_calculate_scales
                0x08001270       0x70 build/face_detector.o
 .text.face_detector_calculate_scaled_features
                0x080012e0       0x3c build/face_detector.o
 .text.face_detector_detect_faces
                0x0800131c      0x110 build/face_detector.o
 .text.face_detector_calculate_indexes_of_neighbours
                0x0800142c       0xe8 build/face_detector.o
 .text.face_detector_merge_neighbours
                0x08001514       0xf4 build/face_detector.o
 .text.face_detector_merge_faces_areas
                0x08001608       0x18 build/face_detector.o
 .text.face_detector_create
                0x08001620       0x3c build/face_detector.o
                0x08001620                face_detector_create
 .text.face_detector_detect
                0x0800165c       0x38 build/face_detector.o
                0x0800165c                face_detector_detect
 .text.face_detector_get_result
                0x08001694       0x14 build/face_detector.o
                0x08001694                face_detector_get_result
 .text.face_detector_builder_create
                0x080016a8       0x40 build/face_detector_builder.o
                0x080016a8                face_detector_builder_create
 .text.fill_integral_image
                0x080016e8       0x70 build/main.o
 .text.tft_write_data
                0x08001758        0xc build/main.o
 .text.tft_write_reg
                0x08001764        0x8 build/main.o
 .text.tft_read_data
                0x0800176c       0x24 build/main.o
 .text.draw_face
                0x08001790       0x6e build/main.o
 .text.get_rectangle_summarize
                0x080017fe       0x2c build/main.o
 *fill*         0x0800182a        0x2 
 .text.tft_enable_backlight
                0x0800182c       0x14 build/main.o
 .text.MX_GPIO_Init
                0x08001840       0xd4 build/main.o
 .text.MX_DMA_Init
                0x08001914       0x34 build/main.o
 .text.draw_faces
                0x08001948       0x50 build/main.o
 .text.tft_init
                0x08001998        0xa build/main.o
 .text.HAL_DCMI_FrameEventCallback
                0x080019a2        0x8 build/main.o
                0x080019a2                HAL_DCMI_FrameEventCallback
 .text.HAL_DCMI_LineEventCallback
                0x080019aa        0x2 build/main.o
                0x080019aa                HAL_DCMI_LineEventCallback
 .text.HAL_DCMI_VsyncEventCallback
                0x080019ac        0x2 build/main.o
                0x080019ac                HAL_DCMI_VsyncEventCallback
 .text.HAL_DCMI_ErrorCallback
                0x080019ae        0x2 build/main.o
                0x080019ae                HAL_DCMI_ErrorCallback
 .text.Error_Handler
                0x080019b0        0x4 build/main.o
                0x080019b0                Error_Handler
 .text.MX_FSMC_Init
                0x080019b4       0x68 build/main.o
 .text.MX_I2C2_Init
                0x08001a1c       0x38 build/main.o
 .text.MX_DCMI_Init
                0x08001a54       0x30 build/main.o
 .text.configure_display
                0x08001a84       0x50 build/main.o
 .text.configure_camera
                0x08001ad4       0x64 build/main.o
 .text.SystemClock_Config
                0x08001b38       0xb8 build/main.o
                0x08001b38                SystemClock_Config
 .text.main     0x08001bf0       0x80 build/main.o
                0x08001bf0                main
 .text.NMI_Handler
                0x08001c70        0x2 build/stm32f4xx_it.o
                0x08001c70                NMI_Handler
 .text.HardFault_Handler
                0x08001c72        0x2 build/stm32f4xx_it.o
                0x08001c72                HardFault_Handler
 .text.MemManage_Handler
                0x08001c74        0x2 build/stm32f4xx_it.o
                0x08001c74                MemManage_Handler
 .text.BusFault_Handler
                0x08001c76        0x2 build/stm32f4xx_it.o
                0x08001c76                BusFault_Handler
 .text.UsageFault_Handler
                0x08001c78        0x2 build/stm32f4xx_it.o
                0x08001c78                UsageFault_Handler
 .text.SVC_Handler
                0x08001c7a        0x2 build/stm32f4xx_it.o
                0x08001c7a                SVC_Handler
 .text.DebugMon_Handler
                0x08001c7c        0x2 build/stm32f4xx_it.o
                0x08001c7c                DebugMon_Handler
 .text.PendSV_Handler
                0x08001c7e        0x2 build/stm32f4xx_it.o
                0x08001c7e                PendSV_Handler
 .text.SysTick_Handler
                0x08001c80        0x8 build/stm32f4xx_it.o
                0x08001c80                SysTick_Handler
 .text.DMA2_Stream1_IRQHandler
                0x08001c88       0x10 build/stm32f4xx_it.o
                0x08001c88                DMA2_Stream1_IRQHandler
 .text.DCMI_IRQHandler
                0x08001c98       0x10 build/stm32f4xx_it.o
                0x08001c98                DCMI_IRQHandler
 .text.HAL_FSMC_MspInit
                0x08001ca8       0x7c build/stm32f4xx_hal_msp.o
 .text.HAL_MspInit
                0x08001d24       0x38 build/stm32f4xx_hal_msp.o
                0x08001d24                HAL_MspInit
 .text.HAL_DCMI_MspInit
                0x08001d5c      0x164 build/stm32f4xx_hal_msp.o
                0x08001d5c                HAL_DCMI_MspInit
 .text.HAL_I2C_MspInit
                0x08001ec0       0x74 build/stm32f4xx_hal_msp.o
                0x08001ec0                HAL_I2C_MspInit
 .text.HAL_SRAM_MspInit
                0x08001f34        0x8 build/stm32f4xx_hal_msp.o
                0x08001f34                HAL_SRAM_MspInit
 .text.DCMI_DMAXferCplt
                0x08001f3c       0xa0 build/stm32f4xx_hal_dcmi.o
 .text.HAL_DCMI_Start_DMA
                0x08001fdc       0xc0 build/stm32f4xx_hal_dcmi.o
                0x08001fdc                HAL_DCMI_Start_DMA
 .text.DCMI_DMAError
                0x0800209c       0x18 build/stm32f4xx_hal_dcmi.o
 .text.HAL_DCMI_IRQHandler
                0x080020b4       0xac build/stm32f4xx_hal_dcmi.o
                0x080020b4                HAL_DCMI_IRQHandler
 .text.HAL_DCMI_Init
                0x08002160       0x8a build/stm32f4xx_hal_dcmi_ex.o
                0x08002160                HAL_DCMI_Init
 *fill*         0x080021ea        0x2 
 .text.HAL_RCC_OscConfig
                0x080021ec      0x3f8 build/stm32f4xx_hal_rcc.o
                0x080021ec                HAL_RCC_OscConfig
 .text.HAL_RCC_MCOConfig
                0x080025e4       0x9c build/stm32f4xx_hal_rcc.o
                0x080025e4                HAL_RCC_MCOConfig
 .text.HAL_RCC_GetSysClockFreq
                0x08002680       0xdc build/stm32f4xx_hal_rcc.o
                0x08002680                HAL_RCC_GetSysClockFreq
 .text.HAL_RCC_ClockConfig
                0x0800275c      0x160 build/stm32f4xx_hal_rcc.o
                0x0800275c                HAL_RCC_ClockConfig
 .text.HAL_RCC_GetHCLKFreq
                0x080028bc        0xc build/stm32f4xx_hal_rcc.o
                0x080028bc                HAL_RCC_GetHCLKFreq
 .text.HAL_RCC_GetPCLK1Freq
                0x080028c8       0x20 build/stm32f4xx_hal_rcc.o
                0x080028c8                HAL_RCC_GetPCLK1Freq
 .text.HAL_GPIO_Init
                0x080028e8      0x1ec build/stm32f4xx_hal_gpio.o
                0x080028e8                HAL_GPIO_Init
 .text.HAL_GPIO_WritePin
                0x08002ad4        0xc build/stm32f4xx_hal_gpio.o
                0x08002ad4                HAL_GPIO_WritePin
 .text.DMA_MultiBufferSetConfig
                0x08002ae0       0x24 build/stm32f4xx_hal_dma_ex.o
 .text.HAL_DMAEx_MultiBufferStart_IT
                0x08002b04      0xf00 build/stm32f4xx_hal_dma_ex.o
                0x08002b04                HAL_DMAEx_MultiBufferStart_IT
 .text.HAL_DMAEx_ChangeMemory
                0x08003a04       0x10 build/stm32f4xx_hal_dma_ex.o
                0x08003a04                HAL_DMAEx_ChangeMemory
 .text.DMA_SetConfig
                0x08003a14       0x2c build/stm32f4xx_hal_dma.o
 .text.DMA_CalcBaseAndBitshift
                0x08003a40       0x3c build/stm32f4xx_hal_dma.o
 .text.DMA_CheckFifoParam
                0x08003a7c       0x8e build/stm32f4xx_hal_dma.o
 *fill*         0x08003b0a        0x2 
 .text.HAL_DMA_Init
                0x08003b0c       0xcc build/stm32f4xx_hal_dma.o
                0x08003b0c                HAL_DMA_Init
 .text.HAL_DMA_Start_IT
                0x08003bd8       0x6a build/stm32f4xx_hal_dma.o
                0x08003bd8                HAL_DMA_Start_IT
 .text.HAL_DMA_Abort_IT
                0x08003c42       0x26 build/stm32f4xx_hal_dma.o
                0x08003c42                HAL_DMA_Abort_IT
 .text.HAL_DMA_IRQHandler
                0x08003c68      0x1dc build/stm32f4xx_hal_dma.o
                0x08003c68                HAL_DMA_IRQHandler
 .text.__NVIC_SetPriority
                0x08003e44       0x28 build/stm32f4xx_hal_cortex.o
 .text.NVIC_EncodePriority
                0x08003e6c       0x3e build/stm32f4xx_hal_cortex.o
 *fill*         0x08003eaa        0x2 
 .text.HAL_NVIC_SetPriorityGrouping
                0x08003eac       0x24 build/stm32f4xx_hal_cortex.o
                0x08003eac                HAL_NVIC_SetPriorityGrouping
 .text.HAL_NVIC_SetPriority
                0x08003ed0       0x20 build/stm32f4xx_hal_cortex.o
                0x08003ed0                HAL_NVIC_SetPriority
 .text.HAL_NVIC_EnableIRQ
                0x08003ef0       0x1c build/stm32f4xx_hal_cortex.o
                0x08003ef0                HAL_NVIC_EnableIRQ
 .text.HAL_SYSTICK_Config
                0x08003f0c       0x28 build/stm32f4xx_hal_cortex.o
                0x08003f0c                HAL_SYSTICK_Config
 .text.HAL_InitTick
                0x08003f34       0x4c build/stm32f4xx_hal.o
                0x08003f34                HAL_InitTick
 .text.HAL_Init
                0x08003f80       0x34 build/stm32f4xx_hal.o
                0x08003f80                HAL_Init
 .text.HAL_IncTick
                0x08003fb4       0x18 build/stm32f4xx_hal.o
                0x08003fb4                HAL_IncTick
 .text.HAL_GetTick
                0x08003fcc        0xc build/stm32f4xx_hal.o
                0x08003fcc                HAL_GetTick
 .text.HAL_Delay
                0x08003fd8       0x28 build/stm32f4xx_hal.o
                0x08003fd8                HAL_Delay
 .text.FSMC_NORSRAM_Init
                0x08004000       0x6c build/stm32f4xx_ll_fsmc.o
                0x08004000                FSMC_NORSRAM_Init
 .text.FSMC_NORSRAM_Timing_Init
                0x0800406c       0x44 build/stm32f4xx_ll_fsmc.o
                0x0800406c                FSMC_NORSRAM_Timing_Init
 .text.FSMC_NORSRAM_Extended_Timing_Init
                0x080040b0       0x44 build/stm32f4xx_ll_fsmc.o
                0x080040b0                FSMC_NORSRAM_Extended_Timing_Init
 .text.HAL_SRAM_Init
                0x080040f4       0x58 build/stm32f4xx_hal_sram.o
                0x080040f4                HAL_SRAM_Init
 .text.I2C_IsAcknowledgeFailed
                0x0800414c       0x32 build/stm32f4xx_hal_i2c.o
 .text.I2C_WaitOnFlagUntilTimeout
                0x0800417e       0x7c build/stm32f4xx_hal_i2c.o
 .text.I2C_WaitOnMasterAddressFlagUntilTimeout
                0x080041fa       0xaa build/stm32f4xx_hal_i2c.o
 .text.I2C_MasterRequestWrite
                0x080042a4       0xb4 build/stm32f4xx_hal_i2c.o
 .text.I2C_MasterRequestRead
                0x08004358      0x120 build/stm32f4xx_hal_i2c.o
 .text.I2C_WaitOnTXEFlagUntilTimeout
                0x08004478       0x54 build/stm32f4xx_hal_i2c.o
 .text.I2C_WaitOnBTFFlagUntilTimeout
                0x080044cc       0x54 build/stm32f4xx_hal_i2c.o
 .text.I2C_WaitOnRXNEFlagUntilTimeout
                0x08004520       0x6a build/stm32f4xx_hal_i2c.o
 *fill*         0x0800458a        0x2 
 .text.HAL_I2C_Init
                0x0800458c      0x1bc build/stm32f4xx_hal_i2c.o
                0x0800458c                HAL_I2C_Init
 .text.HAL_I2C_Master_Transmit
                0x08004748      0x178 build/stm32f4xx_hal_i2c.o
                0x08004748                HAL_I2C_Master_Transmit
 .text.HAL_I2C_Master_Receive
                0x080048c0      0x2e8 build/stm32f4xx_hal_i2c.o
                0x080048c0                HAL_I2C_Master_Receive
 .text.SystemInit
                0x08004ba8       0x14 build/system_stm32f4xx.o
                0x08004ba8                SystemInit
 .text.Reset_Handler
                0x08004bbc       0x50 build/startup_stm32f407xx.o
                0x08004bbc                Reset_Handler
 .text.Default_Handler
                0x08004c0c        0x2 build/startup_stm32f407xx.o
                0x08004c0c                RTC_Alarm_IRQHandler
                0x08004c0c                HASH_RNG_IRQHandler
                0x08004c0c                EXTI2_IRQHandler
                0x08004c0c                TIM8_CC_IRQHandler
                0x08004c0c                TIM1_CC_IRQHandler
                0x08004c0c                DMA2_Stream5_IRQHandler
                0x08004c0c                DMA1_Stream5_IRQHandler
                0x08004c0c                PVD_IRQHandler
                0x08004c0c                SDIO_IRQHandler
                0x08004c0c                TAMP_STAMP_IRQHandler
                0x08004c0c                CAN2_RX1_IRQHandler
                0x08004c0c                EXTI3_IRQHandler
                0x08004c0c                TIM8_TRG_COM_TIM14_IRQHandler
                0x08004c0c                TIM1_UP_TIM10_IRQHandler
                0x08004c0c                TIM8_UP_TIM13_IRQHandler
                0x08004c0c                I2C3_ER_IRQHandler
                0x08004c0c                EXTI0_IRQHandler
                0x08004c0c                I2C2_EV_IRQHandler
                0x08004c0c                DMA1_Stream2_IRQHandler
                0x08004c0c                CAN1_RX0_IRQHandler
                0x08004c0c                FPU_IRQHandler
                0x08004c0c                OTG_HS_WKUP_IRQHandler
                0x08004c0c                CAN2_SCE_IRQHandler
                0x08004c0c                DMA2_Stream2_IRQHandler
                0x08004c0c                SPI1_IRQHandler
                0x08004c0c                TIM6_DAC_IRQHandler
                0x08004c0c                TIM1_BRK_TIM9_IRQHandler
                0x08004c0c                CAN2_RX0_IRQHandler
                0x08004c0c                DMA2_Stream3_IRQHandler
                0x08004c0c                USART6_IRQHandler
                0x08004c0c                USART3_IRQHandler
                0x08004c0c                CAN1_RX1_IRQHandler
                0x08004c0c                UART5_IRQHandler
                0x08004c0c                DMA2_Stream0_IRQHandler
                0x08004c0c                TIM4_IRQHandler
                0x08004c0c                I2C1_EV_IRQHandler
                0x08004c0c                DMA1_Stream6_IRQHandler
                0x08004c0c                DMA1_Stream1_IRQHandler
                0x08004c0c                UART4_IRQHandler
                0x08004c0c                TIM3_IRQHandler
                0x08004c0c                RCC_IRQHandler
                0x08004c0c                TIM8_BRK_TIM12_IRQHandler
                0x08004c0c                Default_Handler
                0x08004c0c                EXTI15_10_IRQHandler
                0x08004c0c                ADC_IRQHandler
                0x08004c0c                DMA1_Stream7_IRQHandler
                0x08004c0c                TIM7_IRQHandler
                0x08004c0c                CAN2_TX_IRQHandler
                0x08004c0c                TIM5_IRQHandler
                0x08004c0c                DMA2_Stream7_IRQHandler
                0x08004c0c                I2C3_EV_IRQHandler
                0x08004c0c                EXTI9_5_IRQHandler
                0x08004c0c                RTC_WKUP_IRQHandler
                0x08004c0c                ETH_WKUP_IRQHandler
                0x08004c0c                SPI2_IRQHandler
                0x08004c0c                OTG_HS_EP1_IN_IRQHandler
                0x08004c0c                DMA1_Stream0_IRQHandler
                0x08004c0c                CAN1_TX_IRQHandler
                0x08004c0c                EXTI4_IRQHandler
                0x08004c0c                FSMC_IRQHandler
                0x08004c0c                ETH_IRQHandler
                0x08004c0c                OTG_HS_EP1_OUT_IRQHandler
                0x08004c0c                WWDG_IRQHandler
                0x08004c0c                TIM2_IRQHandler
                0x08004c0c                OTG_FS_WKUP_IRQHandler
                0x08004c0c                TIM1_TRG_COM_TIM11_IRQHandler
                0x08004c0c                OTG_HS_IRQHandler
                0x08004c0c                EXTI1_IRQHandler
                0x08004c0c                USART2_IRQHandler
                0x08004c0c                I2C2_ER_IRQHandler
                0x08004c0c                CAN1_SCE_IRQHandler
                0x08004c0c                FLASH_IRQHandler
                0x08004c0c                DMA2_Stream4_IRQHandler
                0x08004c0c                USART1_IRQHandler
                0x08004c0c                OTG_FS_IRQHandler
                0x08004c0c                SPI3_IRQHandler
                0x08004c0c                DMA1_Stream4_IRQHandler
                0x08004c0c                I2C1_ER_IRQHandler
                0x08004c0c                DMA2_Stream6_IRQHandler
                0x08004c0c                DMA1_Stream3_IRQHandler
 *fill*         0x08004c0e        0x2 
 .text.__libc_init_array
                0x08004c10       0x48 /usr/src/arm-gnu-toolchain-13.3/bin/../lib/gcc/arm-none-eabi/13.3.1/../../../../arm-none-eabi/lib/thumb/v7e-m+fp/hard/libc_nano.a(libc_a-init.o)
                0x08004c10                __libc_init_array
 .text.memset   0x08004c58       0x10 /usr/src/arm-gnu-toolchain-13.3/bin/../lib/gcc/arm-none-eabi/13.3.1/../../../../arm-none-eabi/lib/thumb/v7e-m+fp/hard/libc_nano.a(libc_a-memset.o)
                0x08004c58                memset
 .text.malloc   0x08004c68       0x10 /usr/src/arm-gnu-toolchain-13.3/bin/../lib/gcc/arm-none-eabi/13.3.1/../../../../arm-none-eabi/lib/thumb/v7e-m+fp/hard/libc_nano.a(libc_a-malloc.o)
                0x08004c68                malloc
 .text.free     0x08004c78       0x10 /usr/src/arm-gnu-toolchain-13.3/bin/../lib/gcc/arm-none-eabi/13.3.1/../../../../arm-none-eabi/lib/thumb/v7e-m+fp/hard/libc_nano.a(libc_a-malloc.o)
                0x08004c78                free
 .text.sbrk_aligned
                0x08004c88       0x44 /usr/src/arm-gnu-toolchain-13.3/bin/../lib/gcc/arm-none-eabi/13.3.1/../../../../arm-none-eabi/lib/thumb/v7e-m+fp/hard/libc_nano.a(libc_a-mallocr.o)
 .text._malloc_r
                0x08004ccc      0x100 /usr/src/arm-gnu-toolchain-13.3/bin/../lib/gcc/arm-none-eabi/13.3.1/../../../../arm-none-eabi/lib/thumb/v7e-m+fp/hard/libc_nano.a(libc_a-mallocr.o)
                0x08004ccc                _malloc_r
 .text.memcpy   0x08004dcc       0x1c /usr/src/arm-gnu-toolchain-13.3/bin/../lib/gcc/arm-none-eabi/13.3.1/../../../../arm-none-eabi/lib/thumb/v7e-m+fp/hard/libc_nano.a(libc_a-memcpy-stub.o)
                0x08004dcc                memcpy
 .text.__malloc_lock
                0x08004de8        0xc /usr/src/arm-gnu-toolchain-13.3/bin/../lib/gcc/arm-none-eabi/13.3.1/../../../../arm-none-eabi/lib/thumb/v7e-m+fp/hard/libc_nano.a(libc_a-mlock.o)
                0x08004de8                __malloc_lock
 .text.__malloc_unlock
                0x08004df4        0xc /usr/src/arm-gnu-toolchain-13.3/bin/../lib/gcc/arm-none-eabi/13.3.1/../../../../arm-none-eabi/lib/thumb/v7e-m+fp/hard/libc_nano.a(libc_a-mlock.o)
                0x08004df4                __malloc_unlock
 .text.calloc   0x08004e00       0x10 /usr/src/arm-gnu-toolchain-13.3/bin/../lib/gcc/arm-none-eabi/13.3.1/../../../../arm-none-eabi/lib/thumb/v7e-m+fp/hard/libc_nano.a(libc_a-calloc.o)
                0x08004e00                calloc
 .text._calloc_r
                0x08004e10       0x28 /usr/src/arm-gnu-toolchain-13.3/bin/../lib/gcc/arm-none-eabi/13.3.1/../../../../arm-none-eabi/lib/thumb/v7e-m+fp/hard/libc_nano.a(libc_a-callocr.o)
                0x08004e10                _calloc_r
 .text._sbrk_r  0x08004e38       0x20 /usr/src/arm-gnu-toolchain-13.3/bin/../lib/gcc/arm-none-eabi/13.3.1/../../../../arm-none-eabi/lib/thumb/v7e-m+fp/hard/libc_nano.a(libc_a-sbrkr.o)
                0x08004e38                _sbrk_r
 .text._free_r  0x08004e58       0x94 /usr/src/arm-gnu-toolchain-13.3/bin/../lib/gcc/arm-none-eabi/13.3.1/../../../../arm-none-eabi/lib/thumb/v7e-m+fp/hard/libc_nano.a(libc_a-freer.o)
                0x08004e58                _free_r
 .text.__retarget_lock_acquire_recursive
                0x08004eec        0x2 /usr/src/arm-gnu-toolchain-13.3/bin/../lib/gcc/arm-none-eabi/13.3.1/../../../../arm-none-eabi/lib/thumb/v7e-m+fp/hard/libc_nano.a(libc_a-lock.o)
                0x08004eec                __retarget_lock_acquire_recursive
 .text.__retarget_lock_release_recursive
                0x08004eee        0x2 /usr/src/arm-gnu-toolchain-13.3/bin/../lib/gcc/arm-none-eabi/13.3.1/../../../../arm-none-eabi/lib/thumb/v7e-m+fp/hard/libc_nano.a(libc_a-lock.o)
                0x08004eee                __retarget_lock_release_recursive
 .text._sbrk    0x08004ef0       0x1c /usr/src/arm-gnu-toolchain-13.3/bin/../lib/gcc/arm-none-eabi/13.3.1/../../../../arm-none-eabi/lib/thumb/v7e-m+fp/hard/libnosys.a(sbrk.o)
                0x08004ef0                _sbrk
 .text.__udivmoddi4
                0x08004f0c      0x2bc /usr/src/arm-gnu-toolchain-13.3/bin/../lib/gcc/arm-none-eabi/13.3.1/thumb/v7e-m+fp/hard/libgcc.a(_udivmoddi4.o)
                0x08004f0c                __udivmoddi4
 *(.glue_7)
 .glue_7        0x080051c8        0x0 linker stubs
 *(.glue_7t)
 .glue_7t       0x080051c8        0x0 linker stubs
 *(.eh_frame)
 .eh_frame      0x080051c8        0x0 /usr/src/arm-gnu-toolchain-13.3/bin/../lib/gcc/arm-none-eabi/13.3.1/thumb/v7e-m+fp/hard/crtbegin.o
 *(.init)
 .init          0x080051c8        0x4 /usr/src/arm-gnu-toolchain-13.3/bin/../lib/gcc/arm-none-eabi/13.3.1/thumb/v7e-m+fp/hard/crti.o
                0x080051c8                _init
 .init          0x080051cc        0x8 /usr/src/arm-gnu-toolchain-13.3/bin/../lib/gcc/arm-none-eabi/13.3.1/thumb/v7e-m+fp/hard/crtn.o
 *(.fini)
 .fini          0x080051d4        0x4 /usr/src/arm-gnu-toolchain-13.3/bin/../lib/gcc/arm-none-eabi/13.3.1/thumb/v7e-m+fp/hard/crti.o
                0x080051d4                _fini
 .fini          0x080051d8        0x8 /usr/src/arm-gnu-toolchain-13.3/bin/../lib/gcc/arm-none-eabi/13.3.1/thumb/v7e-m+fp/hard/crtn.o
                0x080051e0                        . = ALIGN (0x4)
                0x080051e0                        _etext = .

.vfp11_veneer   0x080051e0        0x0
 .vfp11_veneer  0x080051e0        0x0 linker stubs

.v4_bx          0x080051e0        0x0
 .v4_bx         0x080051e0        0x0 linker stubs

.iplt           0x080051e0        0x0
 .iplt          0x080051e0        0x0 /usr/src/arm-gnu-toolchain-13.3/bin/../lib/gcc/arm-none-eabi/13.3.1/thumb/v7e-m+fp/hard/crtbegin.o

.rodata         0x080051e0       0x48
                0x080051e0                        . = ALIGN (0x4)
 *(.rodata)
 .rodata        0x080051e0        0x8 build/ili9341_tft_driver.o
 .rodata        0x080051e8       0x18 build/face_detector_builder.o
 .rodata        0x08005200        0x6 build/main.o
 *(.rodata*)
 *fill*         0x08005206        0x2 
 .rodata.flagBitshiftOffset.0
                0x08005208        0x8 build/stm32f4xx_hal_dma.o
 .rodata.APBPrescTable
                0x08005210        0x8 build/system_stm32f4xx.o
                0x08005210                APBPrescTable
 .rodata.AHBPrescTable
                0x08005218       0x10 build/system_stm32f4xx.o
                0x08005218                AHBPrescTable
                0x08005228                        . = ALIGN (0x4)

.ARM.extab
 *(.ARM.extab* .gnu.linkonce.armextab.*)

.ARM            0x08005228        0x8
                0x08005228                        __exidx_start = .
 *(.ARM.exidx*)
 .ARM.exidx.text.__udivmoddi4
                0x08005228        0x8 /usr/src/arm-gnu-toolchain-13.3/bin/../lib/gcc/arm-none-eabi/13.3.1/thumb/v7e-m+fp/hard/libgcc.a(_udivmoddi4.o)
                0x08005230                        __exidx_end = .

.rel.dyn        0x08005230        0x0
 .rel.iplt      0x08005230        0x0 /usr/src/arm-gnu-toolchain-13.3/bin/../lib/gcc/arm-none-eabi/13.3.1/thumb/v7e-m+fp/hard/crtbegin.o

.preinit_array  0x08005230        0x0
                0x08005230                        PROVIDE (__preinit_array_start = .)
 *(.preinit_array*)
                0x08005230                        PROVIDE (__preinit_array_end = .)

.init_array     0x08005230        0x4
                0x08005230                        PROVIDE (__init_array_start = .)
 *(SORT_BY_NAME(.init_array.*))
 *(.init_array*)
 .init_array    0x08005230        0x4 /usr/src/arm-gnu-toolchain-13.3/bin/../lib/gcc/arm-none-eabi/13.3.1/thumb/v7e-m+fp/hard/crtbegin.o
                0x08005234                        PROVIDE (__init_array_end = .)

.fini_array     0x08005234        0x4
                [!provide]                        PROVIDE (__fini_array_start = .)
 *(SORT_BY_NAME(.fini_array.*))
 *(.fini_array*)
 .fini_array    0x08005234        0x4 /usr/src/arm-gnu-toolchain-13.3/bin/../lib/gcc/arm-none-eabi/13.3.1/thumb/v7e-m+fp/hard/crtbegin.o
                [!provide]                        PROVIDE (__fini_array_end = .)
                0x08005238                        _start_classifiers_load = LOADADDR (.classifiers)

.classifiers    0x10000000     0x2f28 load address 0x08005238
                0x10000000                        . = ALIGN (0x4)
 *lbpcascade_frontalface_32_improved_integer.o()
 .data          0x10000000     0x2f28 Data/lbpcascade_frontalface_32_improved_integer.o
                0x10000000                _binary_lbpcascade_frontalface_32_improved_integer_bin_start
                0x10002f28                _binary_lbpcascade_frontalface_32_improved_integer_bin_end
                0x10002f28                        . = ALIGN (0x4)
                0x08008160                        _sidata = LOADADDR (.data)

.data           0x20000000       0x70 load address 0x08008160
                0x20000000                        . = ALIGN (0x4)
                0x20000000                        _sdata = .
 *(.data)
 *(.data*)
 .data.arguments
                0x20000000       0x14 build/main.o
 .data.uwTickFreq
                0x20000014        0x1 build/stm32f4xx_hal.o
                0x20000014                uwTickFreq
 *fill*         0x20000015        0x3 
 .data.uwTickPrio
                0x20000018        0x4 build/stm32f4xx_hal.o
                0x20000018                uwTickPrio
 .data.SystemCoreClock
                0x2000001c        0x4 build/system_stm32f4xx.o
                0x2000001c                SystemCoreClock
 .data._impure_ptr
                0x20000020        0x4 /usr/src/arm-gnu-toolchain-13.3/bin/../lib/gcc/arm-none-eabi/13.3.1/../../../../arm-none-eabi/lib/thumb/v7e-m+fp/hard/libc_nano.a(libc_a-impure.o)
                0x20000020                _impure_ptr
 .data._impure_data
                0x20000024       0x4c /usr/src/arm-gnu-toolchain-13.3/bin/../lib/gcc/arm-none-eabi/13.3.1/../../../../arm-none-eabi/lib/thumb/v7e-m+fp/hard/libc_nano.a(libc_a-impure.o)
                0x20000024                _impure_data
                0x20000070                        . = ALIGN (0x4)
                0x20000070                        _edata = .
                0x080081d0                        _siccmram = LOADADDR (.ccmram)

.tm_clone_table
                0x20000070        0x0 load address 0x080081d0
 .tm_clone_table
                0x20000070        0x0 /usr/src/arm-gnu-toolchain-13.3/bin/../lib/gcc/arm-none-eabi/13.3.1/thumb/v7e-m+fp/hard/crtbegin.o
 .tm_clone_table
                0x20000070        0x0 /usr/src/arm-gnu-toolchain-13.3/bin/../lib/gcc/arm-none-eabi/13.3.1/thumb/v7e-m+fp/hard/crtend.o

.igot.plt       0x20000070        0x0 load address 0x080081d0
 .igot.plt      0x20000070        0x0 /usr/src/arm-gnu-toolchain-13.3/bin/../lib/gcc/arm-none-eabi/13.3.1/thumb/v7e-m+fp/hard/crtbegin.o

.ccmram         0x10002f28        0x0 load address 0x080081d0
                0x10002f28                        . = ALIGN (0x4)
                0x10002f28                        _sccmram = .
 *(.ccmram)
 *(.ccmram*)
                0x10002f28                        . = ALIGN (0x4)
                0x10002f28                        _eccmram = .
                0x10002f28                        . = ALIGN (0x4)

.bss            0x20000070     0xc78c
                0x20000070                        _sbss = .
                0x20000070                        __bss_start__ = _sbss
 *(.bss)
 *(.bss*)
 .bss.completed.1
                0x20000070        0x1 /usr/src/arm-gnu-toolchain-13.3/bin/../lib/gcc/arm-none-eabi/13.3.1/thumb/v7e-m+fp/hard/crtbegin.o
 *fill*         0x20000071        0x3 
 .bss.object.0  0x20000074       0x18 /usr/src/arm-gnu-toolchain-13.3/bin/../lib/gcc/arm-none-eabi/13.3.1/thumb/v7e-m+fp/hard/crtbegin.o
 .bss.draw_faces
                0x2000008c        0x4 build/ili9341_tft_driver.o
 .bss.io_struct
                0x20000090        0x4 build/ili9341_tft_driver.o
 .bss.area      0x20000094        0x8 build/ov7670.o
 .bss.is_frame_captured
                0x2000009c        0x1 build/ov7670.o
 *fill*         0x2000009d        0x3 
 .bss.pixel_buffer
                0x200000a0     0xc180 build/ov7670.o
 .bss.i2c_io    0x2000c220        0x4 build/ov7670.o
 .bss.source_image_size
                0x2000c224        0x2 build/integral_image.o
 *fill*         0x2000c226        0x2 
 .bss.image_size
                0x2000c228        0x2 build/integral_image.o
 *fill*         0x2000c22a        0x2 
 .bss.fill_line
                0x2000c22c        0x4 build/integral_image.o
 .bss.integral_image
                0x2000c230        0x4 build/integral_image.o
 .bss.integral_image_handler
                0x2000c234        0x4 build/lbp_feature.o
 .bss.feature_handler
                0x2000c238        0xc build/stage.o
 .bss.result_faces_amount
                0x2000c244        0x1 build/face_detector.o
 *fill*         0x2000c245        0x3 
 .bss.result_faces
                0x2000c248       0x78 build/face_detector.o
 .bss.faces_amount
                0x2000c2c0        0x1 build/face_detector.o
 *fill*         0x2000c2c1        0x3 
 .bss.faces_areas
                0x2000c2c4       0x78 build/face_detector.o
 .bss.scales_amount
                0x2000c33c        0x1 build/face_detector.o
 *fill*         0x2000c33d        0x3 
 .bss.scales    0x2000c340       0xa0 build/face_detector.o
 .bss.current_stages_amount
                0x2000c3e0        0x1 build/face_detector.o
 *fill*         0x2000c3e1        0x3 
 .bss.stages    0x2000c3e4        0x4 build/face_detector.o
 .bss.stage_handler
                0x2000c3e8        0xc build/face_detector.o
 .bss.convertion_buffer
                0x2000c3f4      0x158 build/main.o
 .bss.tft_io    0x2000c54c       0x18 build/main.o
 .bss.hsram1    0x2000c564       0x50 build/main.o
                0x2000c564                hsram1
 .bss.hi2c2     0x2000c5b4       0x54 build/main.o
                0x2000c5b4                hi2c2
 .bss.hdma_dcmi
                0x2000c608       0x60 build/main.o
                0x2000c608                hdma_dcmi
 .bss.hdcmi     0x2000c668       0x40 build/main.o
                0x2000c668                hdcmi
 .bss.FSMC_Initialized
                0x2000c6a8        0x4 build/stm32f4xx_hal_msp.o
 .bss.uwTick    0x2000c6ac        0x4 build/stm32f4xx_hal.o
                0x2000c6ac                uwTick
 .bss.__malloc_sbrk_start
                0x2000c6b0        0x4 /usr/src/arm-gnu-toolchain-13.3/bin/../lib/gcc/arm-none-eabi/13.3.1/../../../../arm-none-eabi/lib/thumb/v7e-m+fp/hard/libc_nano.a(libc_a-mallocr.o)
                0x2000c6b0                __malloc_sbrk_start
 .bss.__malloc_free_list
                0x2000c6b4        0x4 /usr/src/arm-gnu-toolchain-13.3/bin/../lib/gcc/arm-none-eabi/13.3.1/../../../../arm-none-eabi/lib/thumb/v7e-m+fp/hard/libc_nano.a(libc_a-mallocr.o)
                0x2000c6b4                __malloc_free_list
 .bss.__sf      0x2000c6b8      0x138 /usr/src/arm-gnu-toolchain-13.3/bin/../lib/gcc/arm-none-eabi/13.3.1/../../../../arm-none-eabi/lib/thumb/v7e-m+fp/hard/libc_nano.a(libc_a-findfp.o)
                0x2000c6b8                __sf
 .bss.__lock___malloc_recursive_mutex
                0x2000c7f0        0x1 /usr/src/arm-gnu-toolchain-13.3/bin/../lib/gcc/arm-none-eabi/13.3.1/../../../../arm-none-eabi/lib/thumb/v7e-m+fp/hard/libc_nano.a(libc_a-lock.o)
                0x2000c7f0                __lock___malloc_recursive_mutex
 *fill*         0x2000c7f1        0x3 
 .bss.errno     0x2000c7f4        0x4 /usr/src/arm-gnu-toolchain-13.3/bin/../lib/gcc/arm-none-eabi/13.3.1/../../../../arm-none-eabi/lib/thumb/v7e-m+fp/hard/libc_nano.a(libc_a-reent.o)
                0x2000c7f4                errno
 .bss.heap_end.0
                0x2000c7f8        0x4 /usr/src/arm-gnu-toolchain-13.3/bin/../lib/gcc/arm-none-eabi/13.3.1/../../../../arm-none-eabi/lib/thumb/v7e-m+fp/hard/libnosys.a(sbrk.o)
 *(COMMON)
                0x2000c7fc                        . = ALIGN (0x4)
                0x2000c7fc                        _ebss = .
                0x2000c7fc                        __bss_end__ = _ebss

._user_heap_stack
                0x2000c7fc    0x116dc
                0x2000c800                        . = ALIGN (0x8)
 *fill*         0x2000c7fc        0x4 
                0x2000c800                        PROVIDE (end = .)
                [!provide]                        PROVIDE (_end = .)
                0x20019ed8                        . = (. + _Min_Heap_Size)
 *fill*         0x2000c800     0xd6d8 
                0x2001ded8                        . = (. + _Min_Stack_Size)
 *fill*         0x20019ed8     0x4000 
                0x2001ded8                        . = ALIGN (0x8)

/DISCARD/
 libc.a(*)
 libm.a(*)
 libgcc.a(*)

.ARM.attributes
                0x00000000       0x30
 *(.ARM.attributes)
 .ARM.attributes
                0x00000000       0x22 /usr/src/arm-gnu-toolchain-13.3/bin/../lib/gcc/arm-none-eabi/13.3.1/thumb/v7e-m+fp/hard/crti.o
 .ARM.attributes
                0x00000022       0x34 /usr/src/arm-gnu-toolchain-13.3/bin/../lib/gcc/arm-none-eabi/13.3.1/thumb/v7e-m+fp/hard/crtbegin.o
 .ARM.attributes
                0x00000056       0x34 build/ili9341_tft_driver.o
 .ARM.attributes
                0x0000008a       0x34 build/ov7670.o
 .ARM.attributes
                0x000000be       0x34 build/integral_image.o
 .ARM.attributes
                0x000000f2       0x34 build/lbp_feature.o
 .ARM.attributes
                0x00000126       0x34 build/stage.o
 .ARM.attributes
                0x0000015a       0x34 build/binary_stage_parser.o
 .ARM.attributes
                0x0000018e       0x34 build/face_detector.o
 .ARM.attributes
                0x000001c2       0x34 build/face_detector_builder.o
 .ARM.attributes
                0x000001f6       0x34 build/main.o
 .ARM.attributes
                0x0000022a       0x34 build/stm32f4xx_it.o
 .ARM.attributes
                0x0000025e       0x34 build/stm32f4xx_hal_msp.o
 .ARM.attributes
                0x00000292       0x34 build/stm32f4xx_hal_dcmi.o
 .ARM.attributes
                0x000002c6       0x34 build/stm32f4xx_hal_dcmi_ex.o
 .ARM.attributes
                0x000002fa       0x34 build/stm32f4xx_hal_rcc.o
 .ARM.attributes
                0x0000032e       0x34 build/stm32f4xx_hal_gpio.o
 .ARM.attributes
                0x00000362       0x34 build/stm32f4xx_hal_dma_ex.o
 .ARM.attributes
                0x00000396       0x34 build/stm32f4xx_hal_dma.o
 .ARM.attributes
                0x000003ca       0x34 build/stm32f4xx_hal_cortex.o
 .ARM.attributes
                0x000003fe       0x34 build/stm32f4xx_hal.o
 .ARM.attributes
                0x00000432       0x34 build/stm32f4xx_ll_fsmc.o
 .ARM.attributes
                0x00000466       0x34 build/stm32f4xx_hal_sram.o
 .ARM.attributes
                0x0000049a       0x34 build/stm32f4xx_hal_i2c.o
 .ARM.attributes
                0x000004ce       0x34 build/system_stm32f4xx.o
 .ARM.attributes
                0x00000502       0x21 build/startup_stm32f407xx.o
 .ARM.attributes
                0x00000523       0x34 /usr/src/arm-gnu-toolchain-13.3/bin/../lib/gcc/arm-none-eabi/13.3.1/../../../../arm-none-eabi/lib/thumb/v7e-m+fp/hard/libc_nano.a(libc_a-init.o)
 .ARM.attributes
                0x00000557       0x34 /usr/src/arm-gnu-toolchain-13.3/bin/../lib/gcc/arm-none-eabi/13.3.1/../../../../arm-none-eabi/lib/thumb/v7e-m+fp/hard/libc_nano.a(libc_a-memset.o)
 .ARM.attributes
                0x0000058b       0x34 /usr/src/arm-gnu-toolchain-13.3/bin/../lib/gcc/arm-none-eabi/13.3.1/../../../../arm-none-eabi/lib/thumb/v7e-m+fp/hard/libc_nano.a(libc_a-malloc.o)
 .ARM.attributes
                0x000005bf       0x34 /usr/src/arm-gnu-toolchain-13.3/bin/../lib/gcc/arm-none-eabi/13.3.1/../../../../arm-none-eabi/lib/thumb/v7e-m+fp/hard/libc_nano.a(libc_a-mallocr.o)
 .ARM.attributes
                0x000005f3       0x34 /usr/src/arm-gnu-toolchain-13.3/bin/../lib/gcc/arm-none-eabi/13.3.1/../../../../arm-none-eabi/lib/thumb/v7e-m+fp/hard/libc_nano.a(libc_a-impure.o)
 .ARM.attributes
                0x00000627       0x34 /usr/src/arm-gnu-toolchain-13.3/bin/../lib/gcc/arm-none-eabi/13.3.1/../../../../arm-none-eabi/lib/thumb/v7e-m+fp/hard/libc_nano.a(libc_a-memcpy-stub.o)
 .ARM.attributes
                0x0000065b       0x34 /usr/src/arm-gnu-toolchain-13.3/bin/../lib/gcc/arm-none-eabi/13.3.1/../../../../arm-none-eabi/lib/thumb/v7e-m+fp/hard/libc_nano.a(libc_a-findfp.o)
 .ARM.attributes
                0x0000068f       0x34 /usr/src/arm-gnu-toolchain-13.3/bin/../lib/gcc/arm-none-eabi/13.3.1/../../../../arm-none-eabi/lib/thumb/v7e-m+fp/hard/libc_nano.a(libc_a-mlock.o)
 .ARM.attributes
                0x000006c3       0x34 /usr/src/arm-gnu-toolchain-13.3/bin/../lib/gcc/arm-none-eabi/13.3.1/../../../../arm-none-eabi/lib/thumb/v7e-m+fp/hard/libc_nano.a(libc_a-calloc.o)
 .ARM.attributes
                0x000006f7       0x34 /usr/src/arm-gnu-toolchain-13.3/bin/../lib/gcc/arm-none-eabi/13.3.1/../../../../arm-none-eabi/lib/thumb/v7e-m+fp/hard/libc_nano.a(libc_a-callocr.o)
 .ARM.attributes
                0x0000072b       0x34 /usr/src/arm-gnu-toolchain-13.3/bin/../lib/gcc/arm-none-eabi/13.3.1/../../../../arm-none-eabi/lib/thumb/v7e-m+fp/hard/libc_nano.a(libc_a-sbrkr.o)
 .ARM.attributes
                0x0000075f       0x34 /usr/src/arm-gnu-toolchain-13.3/bin/../lib/gcc/arm-none-eabi/13.3.1/../../../../arm-none-eabi/lib/thumb/v7e-m+fp/hard/libc_nano.a(libc_a-freer.o)
 .ARM.attributes
                0x00000793       0x34 /usr/src/arm-gnu-toolchain-13.3/bin/../lib/gcc/arm-none-eabi/13.3.1/../../../../arm-none-eabi/lib/thumb/v7e-m+fp/hard/libc_nano.a(libc_a-lock.o)
 .ARM.attributes
                0x000007c7       0x34 /usr/src/arm-gnu-toolchain-13.3/bin/../lib/gcc/arm-none-eabi/13.3.1/../../../../arm-none-eabi/lib/thumb/v7e-m+fp/hard/libc_nano.a(libc_a-reent.o)
 .ARM.attributes
                0x000007fb       0x34 /usr/src/arm-gnu-toolchain-13.3/bin/../lib/gcc/arm-none-eabi/13.3.1/../../../../arm-none-eabi/lib/thumb/v7e-m+fp/hard/libnosys.a(sbrk.o)
 .ARM.attributes
                0x0000082f       0x22 /usr/src/arm-gnu-toolchain-13.3/bin/../lib/gcc/arm-none-eabi/13.3.1/thumb/v7e-m+fp/hard/libgcc.a(_aeabi_uldivmod.o)
 .ARM.attributes
                0x00000851       0x34 /usr/src/arm-gnu-toolchain-13.3/bin/../lib/gcc/arm-none-eabi/13.3.1/thumb/v7e-m+fp/hard/libgcc.a(_udivmoddi4.o)
 .ARM.attributes
                0x00000885       0x22 /usr/src/arm-gnu-toolchain-13.3/bin/../lib/gcc/arm-none-eabi/13.3.1/thumb/v7e-m+fp/hard/libgcc.a(_dvmd_tls.o)
 .ARM.attributes
                0x000008a7       0x34 /usr/src/arm-gnu-toolchain-13.3/bin/../lib/gcc/arm-none-eabi/13.3.1/thumb/v7e-m+fp/hard/crtend.o
 .ARM.attributes
                0x000008db       0x22 /usr/src/arm-gnu-toolchain-13.3/bin/../lib/gcc/arm-none-eabi/13.3.1/thumb/v7e-m+fp/hard/crtn.o
OUTPUT(build/FaceDetectionOVCamera.elf elf32-littlearm)
LOAD linker stubs
LOAD /usr/src/arm-gnu-toolchain-13.3/bin/../lib/gcc/arm-none-eabi/13.3.1/../../../../arm-none-eabi/lib/thumb/v7e-m+fp/hard/libc.a
LOAD /usr/src/arm-gnu-toolchain-13.3/bin/../lib/gcc/arm-none-eabi/13.3.1/../../../../arm-none-eabi/lib/thumb/v7e-m+fp/hard/libm.a
LOAD /usr/src/arm-gnu-toolchain-13.3/bin/../lib/gcc/arm-none-eabi/13.3.1/thumb/v7e-m+fp/hard/libgcc.a

.debug_info     0x00000000    0x16127
 .debug_info    0x00000000     0x2432 build/ili9341_tft_driver.o
 .debug_info    0x00002432     0x19b5 build/ov7670.o
 .debug_info    0x00003de7      0x554 build/integral_image.o
 .debug_info    0x0000433b      0xa66 build/lbp_feature.o
 .debug_info    0x00004da1      0x504 build/stage.o
 .debug_info    0x000052a5      0x297 build/binary_stage_parser.o
 .debug_info    0x0000553c      0xcb6 build/face_detector.o
 .debug_info    0x000061f2      0x592 build/face_detector_builder.o
 .debug_info    0x00006784     0x2611 build/main.o
 .debug_info    0x00008d95      0x781 build/stm32f4xx_it.o
 .debug_info    0x00009516     0x16c2 build/stm32f4xx_hal_msp.o
 .debug_info    0x0000abd8      0xdb3 build/stm32f4xx_hal_dcmi.o
 .debug_info    0x0000b98b      0x6ac build/stm32f4xx_hal_dcmi_ex.o
 .debug_info    0x0000c037      0xc0a build/stm32f4xx_hal_rcc.o
 .debug_info    0x0000cc41      0x848 build/stm32f4xx_hal_gpio.o
 .debug_info    0x0000d489      0x60b build/stm32f4xx_hal_dma_ex.o
 .debug_info    0x0000da94      0xbce build/stm32f4xx_hal_dma.o
 .debug_info    0x0000e662     0x1186 build/stm32f4xx_hal_cortex.o
 .debug_info    0x0000f7e8      0xafa build/stm32f4xx_hal.o
 .debug_info    0x000102e2      0xb97 build/stm32f4xx_ll_fsmc.o
 .debug_info    0x00010e79     0x10ff build/stm32f4xx_hal_sram.o
 .debug_info    0x00011f78     0x3bcc build/stm32f4xx_hal_i2c.o
 .debug_info    0x00015b44      0x5b3 build/system_stm32f4xx.o
 .debug_info    0x000160f7       0x30 build/startup_stm32f407xx.o

.debug_abbrev   0x00000000     0x3881
 .debug_abbrev  0x00000000      0x456 build/ili9341_tft_driver.o
 .debug_abbrev  0x00000456      0x38e build/ov7670.o
 .debug_abbrev  0x000007e4      0x1dd build/integral_image.o
 .debug_abbrev  0x000009c1      0x295 build/lbp_feature.o
 .debug_abbrev  0x00000c56      0x1d2 build/stage.o
 .debug_abbrev  0x00000e28       0xee build/binary_stage_parser.o
 .debug_abbrev  0x00000f16      0x3aa build/face_detector.o
 .debug_abbrev  0x000012c0      0x132 build/face_detector_builder.o
 .debug_abbrev  0x000013f2      0x460 build/main.o
 .debug_abbrev  0x00001852      0x16b build/stm32f4xx_it.o
 .debug_abbrev  0x000019bd      0x27b build/stm32f4xx_hal_msp.o
 .debug_abbrev  0x00001c38      0x2a0 build/stm32f4xx_hal_dcmi.o
 .debug_abbrev  0x00001ed8      0x158 build/stm32f4xx_hal_dcmi_ex.o
 .debug_abbrev  0x00002030      0x2de build/stm32f4xx_hal_rcc.o
 .debug_abbrev  0x0000230e      0x22b build/stm32f4xx_hal_gpio.o
 .debug_abbrev  0x00002539      0x1d6 build/stm32f4xx_hal_dma_ex.o
 .debug_abbrev  0x0000270f      0x2fe build/stm32f4xx_hal_dma.o
 .debug_abbrev  0x00002a0d      0x3d3 build/stm32f4xx_hal_cortex.o
 .debug_abbrev  0x00002de0      0x244 build/stm32f4xx_hal.o
 .debug_abbrev  0x00003024      0x1bd build/stm32f4xx_ll_fsmc.o
 .debug_abbrev  0x000031e1      0x240 build/stm32f4xx_hal_sram.o
 .debug_abbrev  0x00003421      0x328 build/stm32f4xx_hal_i2c.o
 .debug_abbrev  0x00003749      0x11b build/system_stm32f4xx.o
 .debug_abbrev  0x00003864       0x1d build/startup_stm32f407xx.o

.debug_loc      0x00000000     0xf327
 .debug_loc     0x00000000     0x1ad0 build/ili9341_tft_driver.o
 .debug_loc     0x00001ad0      0xcc5 build/ov7670.o
 .debug_loc     0x00002795      0x510 build/integral_image.o
 .debug_loc     0x00002ca5      0x9bf build/lbp_feature.o
 .debug_loc     0x00003664      0x2f1 build/stage.o
 .debug_loc     0x00003955       0x6f build/binary_stage_parser.o
 .debug_loc     0x000039c4      0x8f8 build/face_detector.o
 .debug_loc     0x000042bc       0xd3 build/face_detector_builder.o
 .debug_loc     0x0000438f      0x818 build/main.o
 .debug_loc     0x00004ba7       0x60 build/stm32f4xx_it.o
 .debug_loc     0x00004c07      0x2e6 build/stm32f4xx_hal_msp.o
 .debug_loc     0x00004eed      0x86f build/stm32f4xx_hal_dcmi.o
 .debug_loc     0x0000575c       0x8b build/stm32f4xx_hal_dcmi_ex.o
 .debug_loc     0x000057e7      0x720 build/stm32f4xx_hal_rcc.o
 .debug_loc     0x00005f07      0x60b build/stm32f4xx_hal_gpio.o
 .debug_loc     0x00006512      0x506 build/stm32f4xx_hal_dma_ex.o
 .debug_loc     0x00006a18      0xe9a build/stm32f4xx_hal_dma.o
 .debug_loc     0x000078b2      0x8df build/stm32f4xx_hal_cortex.o
 .debug_loc     0x00008191      0x1f9 build/stm32f4xx_hal.o
 .debug_loc     0x0000838a      0x7a2 build/stm32f4xx_ll_fsmc.o
 .debug_loc     0x00008b2c     0x11b1 build/stm32f4xx_hal_sram.o
 .debug_loc     0x00009cdd     0x54c9 build/stm32f4xx_hal_i2c.o
 .debug_loc     0x0000f1a6      0x181 build/system_stm32f4xx.o

.debug_aranges  0x00000000      0xd50
 .debug_aranges
                0x00000000       0xc8 build/ili9341_tft_driver.o
 .debug_aranges
                0x000000c8       0xa0 build/ov7670.o
 .debug_aranges
                0x00000168       0x68 build/integral_image.o
 .debug_aranges
                0x000001d0       0x50 build/lbp_feature.o
 .debug_aranges
                0x00000220       0x40 build/stage.o
 .debug_aranges
                0x00000260       0x20 build/binary_stage_parser.o
 .debug_aranges
                0x00000280       0x70 build/face_detector.o
 .debug_aranges
                0x000002f0       0x20 build/face_detector_builder.o
 .debug_aranges
                0x00000310       0xd0 build/main.o
 .debug_aranges
                0x000003e0       0x70 build/stm32f4xx_it.o
 .debug_aranges
                0x00000450       0x60 build/stm32f4xx_hal_msp.o
 .debug_aranges
                0x000004b0       0xc0 build/stm32f4xx_hal_dcmi.o
 .debug_aranges
                0x00000570       0x20 build/stm32f4xx_hal_dcmi_ex.o
 .debug_aranges
                0x00000590       0x88 build/stm32f4xx_hal_rcc.o
 .debug_aranges
                0x00000618       0x58 build/stm32f4xx_hal_gpio.o
 .debug_aranges
                0x00000670       0x38 build/stm32f4xx_hal_dma_ex.o
 .debug_aranges
                0x000006a8       0x90 build/stm32f4xx_hal_dma.o
 .debug_aranges
                0x00000738       0xd8 build/stm32f4xx_hal_cortex.o
 .debug_aranges
                0x00000810       0xf0 build/stm32f4xx_hal.o
 .debug_aranges
                0x00000900       0xa8 build/stm32f4xx_ll_fsmc.o
 .debug_aranges
                0x000009a8       0xb8 build/stm32f4xx_hal_sram.o
 .debug_aranges
                0x00000a60      0x2a0 build/stm32f4xx_hal_i2c.o
 .debug_aranges
                0x00000d00       0x28 build/system_stm32f4xx.o
 .debug_aranges
                0x00000d28       0x28 build/startup_stm32f407xx.o

.debug_ranges   0x00000000     0x1070
 .debug_ranges  0x00000000      0x2c8 build/ili9341_tft_driver.o
 .debug_ranges  0x000002c8       0xd8 build/ov7670.o
 .debug_ranges  0x000003a0       0x70 build/integral_image.o
 .debug_ranges  0x00000410      0x130 build/lbp_feature.o
 .debug_ranges  0x00000540       0x48 build/stage.o
 .debug_ranges  0x00000588       0x10 build/binary_stage_parser.o
 .debug_ranges  0x00000598      0x138 build/face_detector.o
 .debug_ranges  0x000006d0       0x10 build/face_detector_builder.o
 .debug_ranges  0x000006e0       0xd8 build/main.o
 .debug_ranges  0x000007b8       0x60 build/stm32f4xx_it.o
 .debug_ranges  0x00000818       0x50 build/stm32f4xx_hal_msp.o
 .debug_ranges  0x00000868       0xb0 build/stm32f4xx_hal_dcmi.o
 .debug_ranges  0x00000918       0x10 build/stm32f4xx_hal_dcmi_ex.o
 .debug_ranges  0x00000928       0x90 build/stm32f4xx_hal_rcc.o
 .debug_ranges  0x000009b8       0x48 build/stm32f4xx_hal_gpio.o
 .debug_ranges  0x00000a00       0x28 build/stm32f4xx_hal_dma_ex.o
 .debug_ranges  0x00000a28       0x80 build/stm32f4xx_hal_dma.o
 .debug_ranges  0x00000aa8       0xc8 build/stm32f4xx_hal_cortex.o
 .debug_ranges  0x00000b70       0xe0 build/stm32f4xx_hal.o
 .debug_ranges  0x00000c50       0x98 build/stm32f4xx_ll_fsmc.o
 .debug_ranges  0x00000ce8       0xa8 build/stm32f4xx_hal_sram.o
 .debug_ranges  0x00000d90      0x2a8 build/stm32f4xx_hal_i2c.o
 .debug_ranges  0x00001038       0x18 build/system_stm32f4xx.o
 .debug_ranges  0x00001050       0x20 build/startup_stm32f407xx.o

.debug_line     0x00000000     0xf354
 .debug_line    0x00000000     0x1464 build/ili9341_tft_driver.o
 .debug_line    0x00001464      0x71e build/ov7670.o
 .debug_line    0x00001b82      0x430 build/integral_image.o
 .debug_line    0x00001fb2      0x5c4 build/lbp_feature.o
 .debug_line    0x00002576      0x286 build/stage.o
 .debug_line    0x000027fc      0x18a build/binary_stage_parser.o
 .debug_line    0x00002986      0x66f build/face_detector.o
 .debug_line    0x00002ff5      0x20d build/face_detector_builder.o
 .debug_line    0x00003202      0xbb6 build/main.o
 .debug_line    0x00003db8      0x2a2 build/stm32f4xx_it.o
 .debug_line    0x0000405a      0x588 build/stm32f4xx_hal_msp.o
 .debug_line    0x000045e2      0xa15 build/stm32f4xx_hal_dcmi.o
 .debug_line    0x00004ff7      0x28d build/stm32f4xx_hal_dcmi_ex.o
 .debug_line    0x00005284      0xb63 build/stm32f4xx_hal_rcc.o
 .debug_line    0x00005de7      0x6d3 build/stm32f4xx_hal_gpio.o
 .debug_line    0x000064ba      0xecb build/stm32f4xx_hal_dma_ex.o
 .debug_line    0x00007385      0xe11 build/stm32f4xx_hal_dma.o
 .debug_line    0x00008196      0x7c6 build/stm32f4xx_hal_cortex.o
 .debug_line    0x0000895c      0x545 build/stm32f4xx_hal.o
 .debug_line    0x00008ea1      0x606 build/stm32f4xx_ll_fsmc.o
 .debug_line    0x000094a7      0x8cc build/stm32f4xx_hal_sram.o
 .debug_line    0x00009d73     0x5342 build/stm32f4xx_hal_i2c.o
 .debug_line    0x0000f0b5      0x22c build/system_stm32f4xx.o
 .debug_line    0x0000f2e1       0x73 build/startup_stm32f407xx.o

.debug_str      0x00000000     0x4bc7
 .debug_str     0x00000000     0x4bc7 build/ili9341_tft_driver.o
                                0x779 (size before relaxing)
 .debug_str     0x00004bc7      0xd21 build/ov7670.o
 .debug_str     0x00004bc7      0x455 build/integral_image.o
 .debug_str     0x00004bc7      0x5ec build/lbp_feature.o
 .debug_str     0x00004bc7      0x4d7 build/stage.o
 .debug_str     0x00004bc7      0x2e0 build/binary_stage_parser.o
 .debug_str     0x00004bc7      0x948 build/face_detector.o
 .debug_str     0x00004bc7      0x513 build/face_detector_builder.o
 .debug_str     0x00004bc7     0x1c3e build/main.o
 .debug_str     0x00004bc7      0x6df build/stm32f4xx_it.o
 .debug_str     0x00004bc7     0x1219 build/stm32f4xx_hal_msp.o
 .debug_str     0x00004bc7      0x927 build/stm32f4xx_hal_dcmi.o
 .debug_str     0x00004bc7      0x662 build/stm32f4xx_hal_dcmi_ex.o
 .debug_str     0x00004bc7      0x6fd build/stm32f4xx_hal_rcc.o
 .debug_str     0x00004bc7      0x4d7 build/stm32f4xx_hal_gpio.o
 .debug_str     0x00004bc7      0x540 build/stm32f4xx_hal_dma_ex.o
 .debug_str     0x00004bc7      0x76d build/stm32f4xx_hal_dma.o
 .debug_str     0x00004bc7      0xc23 build/stm32f4xx_hal_cortex.o
 .debug_str     0x00004bc7      0xb5b build/stm32f4xx_hal.o
 .debug_str     0x00004bc7      0x730 build/stm32f4xx_ll_fsmc.o
 .debug_str     0x00004bc7      0x96a build/stm32f4xx_hal_sram.o
 .debug_str     0x00004bc7     0x1027 build/stm32f4xx_hal_i2c.o
 .debug_str     0x00004bc7      0x36c build/system_stm32f4xx.o
 .debug_str     0x00004bc7       0x79 build/startup_stm32f407xx.o

.comment        0x00000000       0x45
 .comment       0x00000000       0x45 build/ili9341_tft_driver.o
                                 0x46 (size before relaxing)
 .comment       0x00000045       0x46 build/ov7670.o
 .comment       0x00000045       0x46 build/integral_image.o
 .comment       0x00000045       0x46 build/lbp_feature.o
 .comment       0x00000045       0x46 build/stage.o
 .comment       0x00000045       0x46 build/binary_stage_parser.o
 .comment       0x00000045       0x46 build/face_detector.o
 .comment       0x00000045       0x46 build/face_detector_builder.o
 .comment       0x00000045       0x46 build/main.o
 .comment       0x00000045       0x46 build/stm32f4xx_it.o
 .comment       0x00000045       0x46 build/stm32f4xx_hal_msp.o
 .comment       0x00000045       0x46 build/stm32f4xx_hal_dcmi.o
 .comment       0x00000045       0x46 build/stm32f4xx_hal_dcmi_ex.o
 .comment       0x00000045       0x46 build/stm32f4xx_hal_rcc.o
 .comment       0x00000045       0x46 build/stm32f4xx_hal_gpio.o
 .comment       0x00000045       0x46 build/stm32f4xx_hal_dma_ex.o
 .comment       0x00000045       0x46 build/stm32f4xx_hal_dma.o
 .comment       0x00000045       0x46 build/stm32f4xx_hal_cortex.o
 .comment       0x00000045       0x46 build/stm32f4xx_hal.o
 .comment       0x00000045       0x46 build/stm32f4xx_ll_fsmc.o
 .comment       0x00000045       0x46 build/stm32f4xx_hal_sram.o
 .comment       0x00000045       0x46 build/stm32f4xx_hal_i2c.o
 .comment       0x00000045       0x46 build/system_stm32f4xx.o

.debug_frame    0x00000000     0x27fc
 .debug_frame   0x00000000      0x240 build/ili9341_tft_driver.o
 .debug_frame   0x00000240      0x1e0 build/ov7670.o
 .debug_frame   0x00000420      0x100 build/integral_image.o
 .debug_frame   0x00000520       0xd4 build/lbp_feature.o
 .debug_frame   0x000005f4       0xa8 build/stage.o
 .debug_frame   0x0000069c       0x20 build/binary_stage_parser.o
 .debug_frame   0x000006bc      0x140 build/face_detector.o
 .debug_frame   0x000007fc       0x34 build/face_detector_builder.o
 .debug_frame   0x00000830      0x250 build/main.o
 .debug_frame   0x00000a80       0xd8 build/stm32f4xx_it.o
 .debug_frame   0x00000b58      0x114 build/stm32f4xx_hal_msp.o
 .debug_frame   0x00000c6c      0x1d4 build/stm32f4xx_hal_dcmi.o
 .debug_frame   0x00000e40       0x30 build/stm32f4xx_hal_dcmi_ex.o
 .debug_frame   0x00000e70      0x16c build/stm32f4xx_hal_rcc.o
 .debug_frame   0x00000fdc       0xd8 build/stm32f4xx_hal_gpio.o
 .debug_frame   0x000010b4       0x74 build/stm32f4xx_hal_dma_ex.o
 .debug_frame   0x00001128      0x188 build/stm32f4xx_hal_dma.o
 .debug_frame   0x000012b0      0x1cc build/stm32f4xx_hal_cortex.o
 .debug_frame   0x0000147c      0x1ec build/stm32f4xx_hal.o
 .debug_frame   0x00001668      0x17c build/stm32f4xx_ll_fsmc.o
 .debug_frame   0x000017e4      0x1f8 build/stm32f4xx_hal_sram.o
 .debug_frame   0x000019dc      0x970 build/stm32f4xx_hal_i2c.o
 .debug_frame   0x0000234c       0x30 build/system_stm32f4xx.o
 .debug_frame   0x0000237c       0x2c /usr/src/arm-gnu-toolchain-13.3/bin/../lib/gcc/arm-none-eabi/13.3.1/../../../../arm-none-eabi/lib/thumb/v7e-m+fp/hard/libc_nano.a(libc_a-init.o)
 .debug_frame   0x000023a8       0x20 /usr/src/arm-gnu-toolchain-13.3/bin/../lib/gcc/arm-none-eabi/13.3.1/../../../../arm-none-eabi/lib/thumb/v7e-m+fp/hard/libc_nano.a(libc_a-memset.o)
 .debug_frame   0x000023c8       0x30 /usr/src/arm-gnu-toolchain-13.3/bin/../lib/gcc/arm-none-eabi/13.3.1/../../../../arm-none-eabi/lib/thumb/v7e-m+fp/hard/libc_nano.a(libc_a-malloc.o)
 .debug_frame   0x000023f8       0x50 /usr/src/arm-gnu-toolchain-13.3/bin/../lib/gcc/arm-none-eabi/13.3.1/../../../../arm-none-eabi/lib/thumb/v7e-m+fp/hard/libc_nano.a(libc_a-mallocr.o)
 .debug_frame   0x00002448       0x28 /usr/src/arm-gnu-toolchain-13.3/bin/../lib/gcc/arm-none-eabi/13.3.1/../../../../arm-none-eabi/lib/thumb/v7e-m+fp/hard/libc_nano.a(libc_a-memcpy-stub.o)
 .debug_frame   0x00002470      0x144 /usr/src/arm-gnu-toolchain-13.3/bin/../lib/gcc/arm-none-eabi/13.3.1/../../../../arm-none-eabi/lib/thumb/v7e-m+fp/hard/libc_nano.a(libc_a-findfp.o)
 .debug_frame   0x000025b4       0x30 /usr/src/arm-gnu-toolchain-13.3/bin/../lib/gcc/arm-none-eabi/13.3.1/../../../../arm-none-eabi/lib/thumb/v7e-m+fp/hard/libc_nano.a(libc_a-mlock.o)
 .debug_frame   0x000025e4       0x20 /usr/src/arm-gnu-toolchain-13.3/bin/../lib/gcc/arm-none-eabi/13.3.1/../../../../arm-none-eabi/lib/thumb/v7e-m+fp/hard/libc_nano.a(libc_a-calloc.o)
 .debug_frame   0x00002604       0x2c /usr/src/arm-gnu-toolchain-13.3/bin/../lib/gcc/arm-none-eabi/13.3.1/../../../../arm-none-eabi/lib/thumb/v7e-m+fp/hard/libc_nano.a(libc_a-callocr.o)
 .debug_frame   0x00002630       0x2c /usr/src/arm-gnu-toolchain-13.3/bin/../lib/gcc/arm-none-eabi/13.3.1/../../../../arm-none-eabi/lib/thumb/v7e-m+fp/hard/libc_nano.a(libc_a-sbrkr.o)
 .debug_frame   0x0000265c       0x38 /usr/src/arm-gnu-toolchain-13.3/bin/../lib/gcc/arm-none-eabi/13.3.1/../../../../arm-none-eabi/lib/thumb/v7e-m+fp/hard/libc_nano.a(libc_a-freer.o)
 .debug_frame   0x00002694       0xb0 /usr/src/arm-gnu-toolchain-13.3/bin/../lib/gcc/arm-none-eabi/13.3.1/../../../../arm-none-eabi/lib/thumb/v7e-m+fp/hard/libc_nano.a(libc_a-lock.o)
 .debug_frame   0x00002744       0x38 /usr/src/arm-gnu-toolchain-13.3/bin/../lib/gcc/arm-none-eabi/13.3.1/../../../../arm-none-eabi/lib/thumb/v7e-m+fp/hard/libc_nano.a(libc_a-reent.o)
 .debug_frame   0x0000277c       0x20 /usr/src/arm-gnu-toolchain-13.3/bin/../lib/gcc/arm-none-eabi/13.3.1/../../../../arm-none-eabi/lib/thumb/v7e-m+fp/hard/libnosys.a(sbrk.o)
 .debug_frame   0x0000279c       0x2c /usr/src/arm-gnu-toolchain-13.3/bin/../lib/gcc/arm-none-eabi/13.3.1/thumb/v7e-m+fp/hard/libgcc.a(_aeabi_uldivmod.o)
 .debug_frame   0x000027c8       0x34 /usr/src/arm-gnu-toolchain-13.3/bin/../lib/gcc/arm-none-eabi/13.3.1/thumb/v7e-m+fp/hard/libgcc.a(_udivmoddi4.o)

.debug_line_str
                0x00000000       0xce
 .debug_line_str
                0x00000000       0xce /usr/src/arm-gnu-toolchain-13.3/bin/../lib/gcc/arm-none-eabi/13.3.1/thumb/v7e-m+fp/hard/libgcc.a(_aeabi_uldivmod.o)
                                 0xc2 (size before relaxing)
 .debug_line_str
                0x000000ce       0xc6 /usr/src/arm-gnu-toolchain-13.3/bin/../lib/gcc/arm-none-eabi/13.3.1/thumb/v7e-m+fp/hard/libgcc.a(_dvmd_tls.o)

Cross Reference Table

Symbol                                            File
ADC_IRQHandler                                    build/startup_stm32f407xx.o
AHBPrescTable                                     build/system_stm32f4xx.o
                                                  build/stm32f4xx_hal_rcc.o
APBPrescTable                                     build/system_stm32f4xx.o
                                                  build/stm32f4xx_hal_rcc.o
BusFault_Handler                                  build/stm32f4xx_it.o
CAN1_RX0_IRQHandler                               build/startup_stm32f407xx.o
CAN1_RX1_IRQHandler                               build/startup_stm32f407xx.o
CAN1_SCE_IRQHandler                               build/startup_stm32f407xx.o
CAN1_TX_IRQHandler                                build/startup_stm32f407xx.o
CAN2_RX0_IRQHandler                               build/startup_stm32f407xx.o
CAN2_RX1_IRQHandler                               build/startup_stm32f407xx.o
CAN2_SCE_IRQHandler                               build/startup_stm32f407xx.o
CAN2_TX_IRQHandler                                build/startup_stm32f407xx.o
DCMI_IRQHandler                                   build/stm32f4xx_it.o
DMA1_Stream0_IRQHandler                           build/startup_stm32f407xx.o
DMA1_Stream1_IRQHandler                           build/startup_stm32f407xx.o
DMA1_Stream2_IRQHandler                           build/startup_stm32f407xx.o
DMA1_Stream3_IRQHandler                           build/startup_stm32f407xx.o
DMA1_Stream4_IRQHandler                           build/startup_stm32f407xx.o
DMA1_Stream5_IRQHandler                           build/startup_stm32f407xx.o
DMA1_Stream6_IRQHandler                           build/startup_stm32f407xx.o
DMA1_Stream7_IRQHandler                           build/startup_stm32f407xx.o
DMA2_Stream0_IRQHandler                           build/startup_stm32f407xx.o
DMA2_Stream1_IRQHandler                           build/stm32f4xx_it.o
DMA2_Stream2_IRQHandler                           build/startup_stm32f407xx.o
DMA2_Stream3_IRQHandler                           build/startup_stm32f407xx.o
DMA2_Stream4_IRQHandler                           build/startup_stm32f407xx.o
DMA2_Stream5_IRQHandler                           build/startup_stm32f407xx.o
DMA2_Stream6_IRQHandler                           build/startup_stm32f407xx.o
DMA2_Stream7_IRQHandler                           build/startup_stm32f407xx.o
DebugMon_Handler                                  build/stm32f4xx_it.o
Default_Handler                                   build/startup_stm32f407xx.o
ETH_IRQHandler                                    build/startup_stm32f407xx.o
ETH_WKUP_IRQHandler                               build/startup_stm32f407xx.o
EXTI0_IRQHandler                                  build/startup_stm32f407xx.o
EXTI15_10_IRQHandler                              build/startup_stm32f407xx.o
EXTI1_IRQHandler                                  build/startup_stm32f407xx.o
EXTI2_IRQHandler                                  build/startup_stm32f407xx.o
EXTI3_IRQHandler                                  build/startup_stm32f407xx.o
EXTI4_IRQHandler                                  build/startup_stm32f407xx.o
EXTI9_5_IRQHandler                                build/startup_stm32f407xx.o
Error_Handler                                     build/main.o
                                                  build/stm32f4xx_hal_msp.o
FLASH_Erase_Sector                                build/stm32f4xx_hal_flash_ex.o
                                                  build/stm32f4xx_hal_flash.o
FLASH_FlushCaches                                 build/stm32f4xx_hal_flash_ex.o
                                                  build/stm32f4xx_hal_flash.o
FLASH_IRQHandler                                  build/startup_stm32f407xx.o
FLASH_WaitForLastOperation                        build/stm32f4xx_hal_flash.o
                                                  build/stm32f4xx_hal_flash_ex.o
FPU_IRQHandler                                    build/startup_stm32f407xx.o
FSMC_IRQHandler                                   build/startup_stm32f407xx.o
FSMC_NAND_AttributeSpace_Timing_Init              build/stm32f4xx_ll_fsmc.o
FSMC_NAND_CommonSpace_Timing_Init                 build/stm32f4xx_ll_fsmc.o
FSMC_NAND_DeInit                                  build/stm32f4xx_ll_fsmc.o
FSMC_NAND_ECC_Disable                             build/stm32f4xx_ll_fsmc.o
FSMC_NAND_ECC_Enable                              build/stm32f4xx_ll_fsmc.o
FSMC_NAND_GetECC                                  build/stm32f4xx_ll_fsmc.o
FSMC_NAND_Init                                    build/stm32f4xx_ll_fsmc.o
FSMC_NORSRAM_DeInit                               build/stm32f4xx_ll_fsmc.o
                                                  build/stm32f4xx_hal_sram.o
FSMC_NORSRAM_Extended_Timing_Init                 build/stm32f4xx_ll_fsmc.o
                                                  build/stm32f4xx_hal_sram.o
FSMC_NORSRAM_Init                                 build/stm32f4xx_ll_fsmc.o
                                                  build/stm32f4xx_hal_sram.o
FSMC_NORSRAM_Timing_Init                          build/stm32f4xx_ll_fsmc.o
                                                  build/stm32f4xx_hal_sram.o
FSMC_NORSRAM_WriteOperation_Disable               build/stm32f4xx_ll_fsmc.o
                                                  build/stm32f4xx_hal_sram.o
FSMC_NORSRAM_WriteOperation_Enable                build/stm32f4xx_ll_fsmc.o
                                                  build/stm32f4xx_hal_sram.o
FSMC_PCCARD_AttributeSpace_Timing_Init            build/stm32f4xx_ll_fsmc.o
FSMC_PCCARD_CommonSpace_Timing_Init               build/stm32f4xx_ll_fsmc.o
FSMC_PCCARD_DeInit                                build/stm32f4xx_ll_fsmc.o
FSMC_PCCARD_IOSpace_Timing_Init                   build/stm32f4xx_ll_fsmc.o
FSMC_PCCARD_Init                                  build/stm32f4xx_ll_fsmc.o
HAL_DBGMCU_DisableDBGSleepMode                    build/stm32f4xx_hal.o
HAL_DBGMCU_DisableDBGStandbyMode                  build/stm32f4xx_hal.o
HAL_DBGMCU_DisableDBGStopMode                     build/stm32f4xx_hal.o
HAL_DBGMCU_EnableDBGSleepMode                     build/stm32f4xx_hal.o
HAL_DBGMCU_EnableDBGStandbyMode                   build/stm32f4xx_hal.o
HAL_DBGMCU_EnableDBGStopMode                      build/stm32f4xx_hal.o
HAL_DCMI_ConfigCrop                               build/stm32f4xx_hal_dcmi.o
HAL_DCMI_ConfigSyncUnmask                         build/stm32f4xx_hal_dcmi.o
HAL_DCMI_DeInit                                   build/stm32f4xx_hal_dcmi.o
HAL_DCMI_DisableCrop                              build/stm32f4xx_hal_dcmi.o
HAL_DCMI_EnableCrop                               build/stm32f4xx_hal_dcmi.o
HAL_DCMI_ErrorCallback                            build/main.o
HAL_DCMI_FrameEventCallback                       build/main.o
HAL_DCMI_GetError                                 build/stm32f4xx_hal_dcmi.o
HAL_DCMI_GetState                                 build/stm32f4xx_hal_dcmi.o
HAL_DCMI_IRQHandler                               build/stm32f4xx_hal_dcmi.o
                                                  build/stm32f4xx_it.o
HAL_DCMI_Init                                     build/stm32f4xx_hal_dcmi_ex.o
                                                  build/stm32f4xx_hal_dcmi.o
                                                  build/main.o
HAL_DCMI_LineEventCallback                        build/main.o
HAL_DCMI_MspDeInit                                build/stm32f4xx_hal_msp.o
HAL_DCMI_MspInit                                  build/stm32f4xx_hal_msp.o
                                                  build/stm32f4xx_hal_dcmi_ex.o
HAL_DCMI_Resume                                   build/stm32f4xx_hal_dcmi.o
HAL_DCMI_Start_DMA                                build/stm32f4xx_hal_dcmi.o
                                                  build/ov7670.o
HAL_DCMI_Stop                                     build/stm32f4xx_hal_dcmi.o
HAL_DCMI_Suspend                                  build/stm32f4xx_hal_dcmi.o
HAL_DCMI_VsyncEventCallback                       build/main.o
HAL_DMAEx_ChangeMemory                            build/stm32f4xx_hal_dma_ex.o
                                                  build/stm32f4xx_hal_dcmi.o
HAL_DMAEx_MultiBufferStart                        build/stm32f4xx_hal_dma_ex.o
HAL_DMAEx_MultiBufferStart_IT                     build/stm32f4xx_hal_dma_ex.o
                                                  build/stm32f4xx_hal_dcmi.o
HAL_DMA_Abort                                     build/stm32f4xx_hal_dma.o
                                                  build/stm32f4xx_hal_dcmi.o
HAL_DMA_Abort_IT                                  build/stm32f4xx_hal_dma.o
                                                  build/stm32f4xx_hal_i2c.o
                                                  build/stm32f4xx_hal_dcmi.o
HAL_DMA_DeInit                                    build/stm32f4xx_hal_dma.o
                                                  build/stm32f4xx_hal_msp.o
HAL_DMA_GetError                                  build/stm32f4xx_hal_dma.o
                                                  build/stm32f4xx_hal_i2c.o
HAL_DMA_GetState                                  build/stm32f4xx_hal_dma.o
                                                  build/stm32f4xx_hal_i2c.o
HAL_DMA_IRQHandler                                build/stm32f4xx_hal_dma.o
                                                  build/stm32f4xx_it.o
HAL_DMA_Init                                      build/stm32f4xx_hal_dma.o
                                                  build/stm32f4xx_hal_msp.o
HAL_DMA_PollForTransfer                           build/stm32f4xx_hal_dma.o
HAL_DMA_RegisterCallback                          build/stm32f4xx_hal_dma.o
HAL_DMA_Start                                     build/stm32f4xx_hal_dma.o
HAL_DMA_Start_IT                                  build/stm32f4xx_hal_dma.o
                                                  build/stm32f4xx_hal_i2c.o
                                                  build/stm32f4xx_hal_sram.o
                                                  build/stm32f4xx_hal_dcmi.o
HAL_DMA_UnRegisterCallback                        build/stm32f4xx_hal_dma.o
HAL_DeInit                                        build/stm32f4xx_hal.o
HAL_Delay                                         build/stm32f4xx_hal.o
                                                  build/main.o
                                                  build/ov7670.o
HAL_DisableCompensationCell                       build/stm32f4xx_hal.o
HAL_EXTI_ClearConfigLine                          build/stm32f4xx_hal_exti.o
HAL_EXTI_ClearPending                             build/stm32f4xx_hal_exti.o
HAL_EXTI_GenerateSWI                              build/stm32f4xx_hal_exti.o
HAL_EXTI_GetConfigLine                            build/stm32f4xx_hal_exti.o
HAL_EXTI_GetHandle                                build/stm32f4xx_hal_exti.o
HAL_EXTI_GetPending                               build/stm32f4xx_hal_exti.o
HAL_EXTI_IRQHandler                               build/stm32f4xx_hal_exti.o
HAL_EXTI_RegisterCallback                         build/stm32f4xx_hal_exti.o
HAL_EXTI_SetConfigLine                            build/stm32f4xx_hal_exti.o
HAL_EnableCompensationCell                        build/stm32f4xx_hal.o
HAL_FLASHEx_Erase                                 build/stm32f4xx_hal_flash_ex.o
HAL_FLASHEx_Erase_IT                              build/stm32f4xx_hal_flash_ex.o
HAL_FLASHEx_OBGetConfig                           build/stm32f4xx_hal_flash_ex.o
HAL_FLASHEx_OBProgram                             build/stm32f4xx_hal_flash_ex.o
HAL_FLASH_EndOfOperationCallback                  build/stm32f4xx_hal_flash.o
HAL_FLASH_GetError                                build/stm32f4xx_hal_flash.o
HAL_FLASH_IRQHandler                              build/stm32f4xx_hal_flash.o
HAL_FLASH_Lock                                    build/stm32f4xx_hal_flash.o
HAL_FLASH_OB_Launch                               build/stm32f4xx_hal_flash.o
HAL_FLASH_OB_Lock                                 build/stm32f4xx_hal_flash.o
HAL_FLASH_OB_Unlock                               build/stm32f4xx_hal_flash.o
HAL_FLASH_OperationErrorCallback                  build/stm32f4xx_hal_flash.o
HAL_FLASH_Program                                 build/stm32f4xx_hal_flash.o
HAL_FLASH_Program_IT                              build/stm32f4xx_hal_flash.o
HAL_FLASH_Unlock                                  build/stm32f4xx_hal_flash.o
HAL_GPIO_DeInit                                   build/stm32f4xx_hal_gpio.o
                                                  build/stm32f4xx_hal_msp.o
HAL_GPIO_EXTI_Callback                            build/stm32f4xx_hal_gpio.o
HAL_GPIO_EXTI_IRQHandler                          build/stm32f4xx_hal_gpio.o
HAL_GPIO_Init                                     build/stm32f4xx_hal_gpio.o
                                                  build/stm32f4xx_hal_rcc.o
                                                  build/stm32f4xx_hal_msp.o
                                                  build/main.o
HAL_GPIO_LockPin                                  build/stm32f4xx_hal_gpio.o
HAL_GPIO_ReadPin                                  build/stm32f4xx_hal_gpio.o
HAL_GPIO_TogglePin                                build/stm32f4xx_hal_gpio.o
HAL_GPIO_WritePin                                 build/stm32f4xx_hal_gpio.o
                                                  build/main.o
HAL_GetDEVID                                      build/stm32f4xx_hal.o
HAL_GetHalVersion                                 build/stm32f4xx_hal.o
HAL_GetREVID                                      build/stm32f4xx_hal.o
HAL_GetTick                                       build/stm32f4xx_hal.o
                                                  build/stm32f4xx_hal_i2c.o
                                                  build/stm32f4xx_ll_fsmc.o
                                                  build/stm32f4xx_hal_pwr_ex.o
                                                  build/stm32f4xx_hal_dma.o
                                                  build/stm32f4xx_hal_flash.o
                                                  build/stm32f4xx_hal_rcc_ex.o
                                                  build/stm32f4xx_hal_rcc.o
HAL_GetTickFreq                                   build/stm32f4xx_hal.o
HAL_GetTickPrio                                   build/stm32f4xx_hal.o
HAL_GetUIDw0                                      build/stm32f4xx_hal.o
HAL_GetUIDw1                                      build/stm32f4xx_hal.o
HAL_GetUIDw2                                      build/stm32f4xx_hal.o
HAL_I2C_AbortCpltCallback                         build/stm32f4xx_hal_i2c.o
HAL_I2C_AddrCallback                              build/stm32f4xx_hal_i2c.o
HAL_I2C_DeInit                                    build/stm32f4xx_hal_i2c.o
HAL_I2C_DisableListen_IT                          build/stm32f4xx_hal_i2c.o
HAL_I2C_ER_IRQHandler                             build/stm32f4xx_hal_i2c.o
HAL_I2C_EV_IRQHandler                             build/stm32f4xx_hal_i2c.o
HAL_I2C_EnableListen_IT                           build/stm32f4xx_hal_i2c.o
HAL_I2C_ErrorCallback                             build/stm32f4xx_hal_i2c.o
HAL_I2C_GetError                                  build/stm32f4xx_hal_i2c.o
HAL_I2C_GetMode                                   build/stm32f4xx_hal_i2c.o
HAL_I2C_GetState                                  build/stm32f4xx_hal_i2c.o
HAL_I2C_Init                                      build/stm32f4xx_hal_i2c.o
                                                  build/main.o
HAL_I2C_IsDeviceReady                             build/stm32f4xx_hal_i2c.o
HAL_I2C_ListenCpltCallback                        build/stm32f4xx_hal_i2c.o
HAL_I2C_MasterRxCpltCallback                      build/stm32f4xx_hal_i2c.o
HAL_I2C_MasterTxCpltCallback                      build/stm32f4xx_hal_i2c.o
HAL_I2C_Master_Abort_IT                           build/stm32f4xx_hal_i2c.o
HAL_I2C_Master_Receive                            build/stm32f4xx_hal_i2c.o
                                                  build/ov7670.o
HAL_I2C_Master_Receive_DMA                        build/stm32f4xx_hal_i2c.o
HAL_I2C_Master_Receive_IT                         build/stm32f4xx_hal_i2c.o
HAL_I2C_Master_Seq_Receive_DMA                    build/stm32f4xx_hal_i2c.o
HAL_I2C_Master_Seq_Receive_IT                     build/stm32f4xx_hal_i2c.o
HAL_I2C_Master_Seq_Transmit_DMA                   build/stm32f4xx_hal_i2c.o
HAL_I2C_Master_Seq_Transmit_IT                    build/stm32f4xx_hal_i2c.o
HAL_I2C_Master_Transmit                           build/stm32f4xx_hal_i2c.o
                                                  build/ov7670.o
HAL_I2C_Master_Transmit_DMA                       build/stm32f4xx_hal_i2c.o
HAL_I2C_Master_Transmit_IT                        build/stm32f4xx_hal_i2c.o
HAL_I2C_MemRxCpltCallback                         build/stm32f4xx_hal_i2c.o
HAL_I2C_MemTxCpltCallback                         build/stm32f4xx_hal_i2c.o
HAL_I2C_Mem_Read                                  build/stm32f4xx_hal_i2c.o
HAL_I2C_Mem_Read_DMA                              build/stm32f4xx_hal_i2c.o
HAL_I2C_Mem_Read_IT                               build/stm32f4xx_hal_i2c.o
HAL_I2C_Mem_Write                                 build/stm32f4xx_hal_i2c.o
HAL_I2C_Mem_Write_DMA                             build/stm32f4xx_hal_i2c.o
HAL_I2C_Mem_Write_IT                              build/stm32f4xx_hal_i2c.o
HAL_I2C_MspDeInit                                 build/stm32f4xx_hal_msp.o
HAL_I2C_MspInit                                   build/stm32f4xx_hal_msp.o
HAL_I2C_SlaveRxCpltCallback                       build/stm32f4xx_hal_i2c.o
HAL_I2C_SlaveTxCpltCallback                       build/stm32f4xx_hal_i2c.o
HAL_I2C_Slave_Receive                             build/stm32f4xx_hal_i2c.o
HAL_I2C_Slave_Receive_DMA                         build/stm32f4xx_hal_i2c.o
HAL_I2C_Slave_Receive_IT                          build/stm32f4xx_hal_i2c.o
HAL_I2C_Slave_Seq_Receive_DMA                     build/stm32f4xx_hal_i2c.o
HAL_I2C_Slave_Seq_Receive_IT                      build/stm32f4xx_hal_i2c.o
HAL_I2C_Slave_Seq_Transmit_DMA                    build/stm32f4xx_hal_i2c.o
HAL_I2C_Slave_Seq_Transmit_IT                     build/stm32f4xx_hal_i2c.o
HAL_I2C_Slave_Transmit                            build/stm32f4xx_hal_i2c.o
HAL_I2C_Slave_Transmit_DMA                        build/stm32f4xx_hal_i2c.o
HAL_I2C_Slave_Transmit_IT                         build/stm32f4xx_hal_i2c.o
HAL_IncTick                                       build/stm32f4xx_hal.o
                                                  build/stm32f4xx_it.o
HAL_Init                                          build/stm32f4xx_hal.o
                                                  build/main.o
HAL_InitTick                                      build/stm32f4xx_hal.o
                                                  build/stm32f4xx_hal_rcc_ex.o
                                                  build/stm32f4xx_hal_rcc.o
HAL_MPU_ConfigRegion                              build/stm32f4xx_hal_cortex.o
HAL_MPU_Disable                                   build/stm32f4xx_hal_cortex.o
HAL_MPU_Enable                                    build/stm32f4xx_hal_cortex.o
HAL_MspDeInit                                     build/stm32f4xx_hal.o
HAL_MspInit                                       build/stm32f4xx_hal_msp.o
HAL_NVIC_ClearPendingIRQ                          build/stm32f4xx_hal_cortex.o
HAL_NVIC_DisableIRQ                               build/stm32f4xx_hal_cortex.o
                                                  build/stm32f4xx_hal_msp.o
HAL_NVIC_EnableIRQ                                build/stm32f4xx_hal_cortex.o
                                                  build/stm32f4xx_hal_msp.o
                                                  build/main.o
HAL_NVIC_GetActive                                build/stm32f4xx_hal_cortex.o
HAL_NVIC_GetPendingIRQ                            build/stm32f4xx_hal_cortex.o
HAL_NVIC_GetPriority                              build/stm32f4xx_hal_cortex.o
HAL_NVIC_GetPriorityGrouping                      build/stm32f4xx_hal_cortex.o
HAL_NVIC_SetPendingIRQ                            build/stm32f4xx_hal_cortex.o
HAL_NVIC_SetPriority                              build/stm32f4xx_hal_cortex.o
                                                  build/stm32f4xx_hal.o
                                                  build/stm32f4xx_hal_msp.o
                                                  build/main.o
HAL_NVIC_SetPriorityGrouping                      build/stm32f4xx_hal_cortex.o
                                                  build/stm32f4xx_hal.o
HAL_NVIC_SystemReset                              build/stm32f4xx_hal_cortex.o
HAL_PWREx_ControlVoltageScaling                   build/stm32f4xx_hal_pwr_ex.o
HAL_PWREx_DisableBkUpReg                          build/stm32f4xx_hal_pwr_ex.o
HAL_PWREx_DisableFlashPowerDown                   build/stm32f4xx_hal_pwr_ex.o
HAL_PWREx_EnableBkUpReg                           build/stm32f4xx_hal_pwr_ex.o
HAL_PWREx_EnableFlashPowerDown                    build/stm32f4xx_hal_pwr_ex.o
HAL_PWREx_GetVoltageRange                         build/stm32f4xx_hal_pwr_ex.o
HAL_PWR_ConfigPVD                                 build/stm32f4xx_hal_pwr.o
HAL_PWR_DeInit                                    build/stm32f4xx_hal_pwr.o
HAL_PWR_DisableBkUpAccess                         build/stm32f4xx_hal_pwr.o
HAL_PWR_DisablePVD                                build/stm32f4xx_hal_pwr.o
HAL_PWR_DisableSEVOnPend                          build/stm32f4xx_hal_pwr.o
HAL_PWR_DisableSleepOnExit                        build/stm32f4xx_hal_pwr.o
HAL_PWR_DisableWakeUpPin                          build/stm32f4xx_hal_pwr.o
HAL_PWR_EnableBkUpAccess                          build/stm32f4xx_hal_pwr.o
HAL_PWR_EnablePVD                                 build/stm32f4xx_hal_pwr.o
HAL_PWR_EnableSEVOnPend                           build/stm32f4xx_hal_pwr.o
HAL_PWR_EnableSleepOnExit                         build/stm32f4xx_hal_pwr.o
HAL_PWR_EnableWakeUpPin                           build/stm32f4xx_hal_pwr.o
HAL_PWR_EnterSLEEPMode                            build/stm32f4xx_hal_pwr.o
HAL_PWR_EnterSTANDBYMode                          build/stm32f4xx_hal_pwr.o
HAL_PWR_EnterSTOPMode                             build/stm32f4xx_hal_pwr.o
HAL_PWR_PVDCallback                               build/stm32f4xx_hal_pwr.o
HAL_PWR_PVD_IRQHandler                            build/stm32f4xx_hal_pwr.o
HAL_RCCEx_DisablePLLI2S                           build/stm32f4xx_hal_rcc_ex.o
HAL_RCCEx_EnablePLLI2S                            build/stm32f4xx_hal_rcc_ex.o
HAL_RCCEx_GetPeriphCLKConfig                      build/stm32f4xx_hal_rcc_ex.o
HAL_RCCEx_GetPeriphCLKFreq                        build/stm32f4xx_hal_rcc_ex.o
HAL_RCCEx_PeriphCLKConfig                         build/stm32f4xx_hal_rcc_ex.o
HAL_RCC_CSSCallback                               build/stm32f4xx_hal_rcc.o
HAL_RCC_ClockConfig                               build/stm32f4xx_hal_rcc.o
                                                  build/main.o
HAL_RCC_DeInit                                    build/stm32f4xx_hal_rcc_ex.o
                                                  build/stm32f4xx_hal_rcc.o
HAL_RCC_DisableCSS                                build/stm32f4xx_hal_rcc.o
HAL_RCC_EnableCSS                                 build/stm32f4xx_hal_rcc.o
HAL_RCC_GetClockConfig                            build/stm32f4xx_hal_rcc.o
HAL_RCC_GetHCLKFreq                               build/stm32f4xx_hal_rcc.o
HAL_RCC_GetOscConfig                              build/stm32f4xx_hal_rcc.o
HAL_RCC_GetPCLK1Freq                              build/stm32f4xx_hal_rcc.o
                                                  build/stm32f4xx_hal_i2c.o
HAL_RCC_GetPCLK2Freq                              build/stm32f4xx_hal_rcc.o
HAL_RCC_GetSysClockFreq                           build/stm32f4xx_hal_rcc.o
HAL_RCC_MCOConfig                                 build/stm32f4xx_hal_rcc.o
                                                  build/main.o
HAL_RCC_NMI_IRQHandler                            build/stm32f4xx_hal_rcc.o
HAL_RCC_OscConfig                                 build/stm32f4xx_hal_rcc.o
                                                  build/main.o
HAL_ResumeTick                                    build/stm32f4xx_hal.o
HAL_SRAM_DMA_XferCpltCallback                     build/stm32f4xx_hal_sram.o
HAL_SRAM_DMA_XferErrorCallback                    build/stm32f4xx_hal_sram.o
HAL_SRAM_DeInit                                   build/stm32f4xx_hal_sram.o